root@ubuntu:/home/jiao# ls
Desktop    Downloads         Music       Pictures  Templates
Documents  examples.desktop  phpmyadmin  Public    Videos

root@ubuntu:/home/jiao# date
Tue Apr 28 23:12:17 PDT 2020

root@ubuntu:/home/jiao# cat /etc/issue
Ubuntu 18.04.3 LTS \n \l

root@ubuntu:/home/jiao# uname -a
Linux ubuntu 5.0.0-25-generic #26~18.04.1-Ubuntu SMP Thu Aug 1 13:51:02 UTC 2019 x86_64 x86_64 x86_64 GNU/Linux

root@ubuntu:/home/jiao# cat /proc/cpuinfo
processor	: 0
vendor_id	: GenuineIntel
cpu family	: 6
model		: 61
model name	: Intel(R) Core(TM) i5-5350U CPU @ 1.80GHz
stepping	: 4
microcode	: 0x2b
cpu MHz		: 1799.998
cache size	: 3072 KB
physical id	: 0
siblings	: 1
core id		: 0
cpu cores	: 1
apicid		: 0
initial apicid	: 0
fpu		: yes
fpu_exception	: yes
cpuid level	: 20
wp		: yes
flags		: fpu vme de pse tsc msr pae mce cx8 apic sep mtrr pge mca cmov pat pse36 clflush mmx fxsr sse sse2 ss syscall nx pdpe1gb rdtscp lm constant_tsc arch_perfmon nopl xtopology tsc_reliable nonstop_tsc cpuid pni pclmulqdq ssse3 fma cx16 pcid sse4_1 sse4_2 x2apic movbe popcnt tsc_deadline_timer aes xsave avx f16c rdrand hypervisor lahf_lm abm 3dnowprefetch cpuid_fault invpcid_single pti ibrs ibpb stibp fsgsbase tsc_adjust bmi1 hle avx2 smep bmi2 invpcid rtm rdseed adx smap xsaveopt arat
bugs		: cpu_meltdown spectre_v1 spectre_v2 spec_store_bypass l1tf mds swapgs
bogomips	: 3599.99
clflush size	: 64
cache_alignment	: 64
address sizes	: 43 bits physical, 48 bits virtual
power management:

root@ubuntu:/home/jiao# cat /proc/meminfo
MemTotal:        3045616 kB
MemFree:          930272 kB
MemAvailable:    1423648 kB
Buffers:           46036 kB
Cached:           561500 kB
SwapCached:            0 kB
Active:          1219044 kB
Inactive:         342836 kB
Active(anon):     955412 kB
Inactive(anon):     7792 kB
Active(file):     263632 kB
Inactive(file):   335044 kB
Unevictable:          16 kB
Mlocked:              16 kB
SwapTotal:        969960 kB
SwapFree:         969960 kB
Dirty:                 0 kB
Writeback:             0 kB
AnonPages:        954364 kB
Mapped:           230220 kB
Shmem:              8864 kB
KReclaimable:      60464 kB
Slab:             120856 kB
SReclaimable:      60464 kB
SUnreclaim:        60392 kB
KernelStack:       12368 kB
PageTables:        45776 kB
NFS_Unstable:          0 kB
Bounce:                0 kB
WritebackTmp:          0 kB
CommitLimit:     2492768 kB
Committed_AS:    5058624 kB
VmallocTotal:   34359738367 kB
VmallocUsed:           0 kB
VmallocChunk:          0 kB
Percpu:            37376 kB
HardwareCorrupted:     0 kB
AnonHugePages:         0 kB
ShmemHugePages:        0 kB
ShmemPmdMapped:        0 kB
CmaTotal:              0 kB
CmaFree:               0 kB
HugePages_Total:       0
HugePages_Free:        0
HugePages_Rsvd:        0
HugePages_Surp:        0
Hugepagesize:       2048 kB
Hugetlb:               0 kB
DirectMap4k:      157568 kB
DirectMap2M:     2988032 kB
DirectMap1G:           0 kB

root@ubuntu:/home/jiao# uptime
 23:15:54 up 15 min,  1 user,  load average: 0.05, 0.15, 0.17

root@ubuntu:/home/jiao# fdisk -l
Disk /dev/loop0: 3.7 MiB, 3825664 bytes, 7472 sectors
Units: sectors of 1 * 512 = 512 bytes
Sector size (logical/physical): 512 bytes / 512 bytes
I/O size (minimum/optimal): 512 bytes / 512 bytes


Disk /dev/loop1: 956 KiB, 978944 bytes, 1912 sectors
Units: sectors of 1 * 512 = 512 bytes
Sector size (logical/physical): 512 bytes / 512 bytes
I/O size (minimum/optimal): 512 bytes / 512 bytes


Disk /dev/loop2: 55 MiB, 57614336 bytes, 112528 sectors
Units: sectors of 1 * 512 = 512 bytes
Sector size (logical/physical): 512 bytes / 512 bytes
I/O size (minimum/optimal): 512 bytes / 512 bytes


Disk /dev/loop3: 2.4 MiB, 2531328 bytes, 4944 sectors
Units: sectors of 1 * 512 = 512 bytes
Sector size (logical/physical): 512 bytes / 512 bytes
I/O size (minimum/optimal): 512 bytes / 512 bytes


Disk /dev/loop4: 3.7 MiB, 3862528 bytes, 7544 sectors
Units: sectors of 1 * 512 = 512 bytes
Sector size (logical/physical): 512 bytes / 512 bytes
I/O size (minimum/optimal): 512 bytes / 512 bytes


Disk /dev/loop5: 14.8 MiB, 15466496 bytes, 30208 sectors
Units: sectors of 1 * 512 = 512 bytes
Sector size (logical/physical): 512 bytes / 512 bytes
I/O size (minimum/optimal): 512 bytes / 512 bytes


Disk /dev/loop6: 149.9 MiB, 157192192 bytes, 307016 sectors
Units: sectors of 1 * 512 = 512 bytes
Sector size (logical/physical): 512 bytes / 512 bytes
I/O size (minimum/optimal): 512 bytes / 512 bytes


Disk /dev/loop7: 42.8 MiB, 44879872 bytes, 87656 sectors
Units: sectors of 1 * 512 = 512 bytes
Sector size (logical/physical): 512 bytes / 512 bytes
I/O size (minimum/optimal): 512 bytes / 512 bytes


Disk /dev/sda: 20 GiB, 21474836480 bytes, 41943040 sectors
Units: sectors of 1 * 512 = 512 bytes
Sector size (logical/physical): 512 bytes / 512 bytes
I/O size (minimum/optimal): 512 bytes / 512 bytes
Disklabel type: dos
Disk identifier: 0x69f9407e

Device     Boot Start      End  Sectors Size Id Type
/dev/sda1  *     2048 41940991 41938944  20G 83 Linux




Disk /dev/loop8: 242.4 MiB, 254193664 bytes, 496472 sectors
Units: sectors of 1 * 512 = 512 bytes
Sector size (logical/physical): 512 bytes / 512 bytes
I/O size (minimum/optimal): 512 bytes / 512 bytes


Disk /dev/loop9: 88.7 MiB, 92983296 bytes, 181608 sectors
Units: sectors of 1 * 512 = 512 bytes
Sector size (logical/physical): 512 bytes / 512 bytes
I/O size (minimum/optimal): 512 bytes / 512 bytes


Disk /dev/loop10: 54.4 MiB, 57069568 bytes, 111464 sectors
Units: sectors of 1 * 512 = 512 bytes
Sector size (logical/physical): 512 bytes / 512 bytes
I/O size (minimum/optimal): 512 bytes / 512 bytes


Disk /dev/loop11: 93.9 MiB, 98484224 bytes, 192352 sectors
Units: sectors of 1 * 512 = 512 bytes
Sector size (logical/physical): 512 bytes / 512 bytes
I/O size (minimum/optimal): 512 bytes / 512 bytes


Disk /dev/loop12: 14.8 MiB, 15462400 bytes, 30200 sectors
Units: sectors of 1 * 512 = 512 bytes
Sector size (logical/physical): 512 bytes / 512 bytes
I/O size (minimum/optimal): 512 bytes / 512 bytes


Disk /dev/loop13: 1008 KiB, 1032192 bytes, 2016 sectors
Units: sectors of 1 * 512 = 512 bytes
Sector size (logical/physical): 512 bytes / 512 bytes
I/O size (minimum/optimal): 512 bytes / 512 bytes


Disk /dev/loop14: 62.1 MiB, 65105920 bytes, 127160 sectors
Units: sectors of 1 * 512 = 512 bytes
Sector size (logical/physical): 512 bytes / 512 bytes
I/O size (minimum/optimal): 512 bytes / 512 bytes


Disk /dev/loop15: 4 MiB, 4218880 bytes, 8240 sectors
Units: sectors of 1 * 512 = 512 bytes
Sector size (logical/physical): 512 bytes / 512 bytes
I/O size (minimum/optimal): 512 bytes / 512 bytes


Disk /dev/loop16: 160.2 MiB, 167931904 bytes, 327992 sectors
Units: sectors of 1 * 512 = 512 bytes
Sector size (logical/physical): 512 bytes / 512 bytes
I/O size (minimum/optimal): 512 bytes / 512 bytes

root@ubuntu:/home/jiao# df -h
Filesystem      Size  Used Avail Use% Mounted on
udev            1.5G     0  1.5G   0% /dev
tmpfs           298M  1.8M  296M   1% /run
/dev/sda1        20G  7.2G   12G  39% /
tmpfs           1.5G     0  1.5G   0% /dev/shm
tmpfs           5.0M  4.0K  5.0M   1% /run/lock
tmpfs           1.5G     0  1.5G   0% /sys/fs/cgroup
/dev/loop0      3.8M  3.8M     0 100% /snap/gnome-system-monitor/100
/dev/loop1      1.0M  1.0M     0 100% /snap/gnome-logs/93
/dev/loop2       55M   55M     0 100% /snap/core18/1705
/dev/loop3      2.5M  2.5M     0 100% /snap/gnome-calculator/730
/dev/loop4      3.8M  3.8M     0 100% /snap/gnome-system-monitor/135
/dev/loop5       15M   15M     0 100% /snap/gnome-characters/495
/dev/loop6      150M  150M     0 100% /snap/gnome-3-28-1804/71
/dev/loop7       43M   43M     0 100% /snap/gtk-common-themes/1313
/dev/loop8      243M  243M     0 100% /snap/gnome-3-34-1804/27
/dev/loop9       89M   89M     0 100% /snap/core/7396
/dev/loop10      55M   55M     0 100% /snap/core18/1074
/dev/loop11      94M   94M     0 100% /snap/core/9066
/dev/loop12      15M   15M     0 100% /snap/gnome-characters/317
/dev/loop13     1.0M  1.0M     0 100% /snap/gnome-logs/61
/dev/loop14      63M   63M     0 100% /snap/gtk-common-themes/1506
/dev/loop15     4.2M  4.2M     0 100% /snap/gnome-calculator/406
/dev/loop16     161M  161M     0 100% /snap/gnome-3-28-1804/116
tmpfs           298M   16K  298M   1% /run/user/121
tmpfs           298M   28K  298M   1% /run/user/1000
tmpfs           298M     0  298M   0% /run/user/0

root@ubuntu:/home/jiao# dpkg --get-selections
accountsservice					install
acl						install
acpi-support					install
acpid						install
adduser						install
adium-theme-ubuntu				install
adwaita-icon-theme				install
aisleriot					install
alsa-base					install
alsa-utils					install
amd64-microcode					install
anacron						install
apache2						install
apache2-bin					install
apache2-data					install
apache2-utils					install
apg						install
app-install-data-partner			install
apparmor					install
apport						install
apport-gtk					install
apport-symptoms					install
appstream					install
apt						install
apt-config-icons				install
apt-utils					install
aptdaemon					install
aptdaemon-data					install
apturl						install
apturl-common					install
aspell						install
aspell-en					install
at-spi2-core					install
avahi-autoipd					install
avahi-daemon					install
avahi-utils					install
baobab						install
base-files					install
base-passwd					install
bash						install
bash-completion					install
bc						install
bind9-host					install
binutils					install
binutils-common:amd64				install
binutils-x86-64-linux-gnu			install
bluez						install
bluez-cups					install
bluez-obexd					install
bolt						install
branding-ubuntu					install
brltty						install
bsdmainutils					install
bsdutils					install
bubblewrap					install
busybox-initramfs				install
busybox-static					install
bzip2						install
ca-certificates					install
cheese						install
cheese-common					install
colord						install
colord-data					install
command-not-found				install
command-not-found-data				install
console-setup					install
console-setup-linux				install
coreutils					install
cpio						install
cpp						install
cpp-7						install
cracklib-runtime				install
crda						install
cron						install
cups						install
cups-browsed					install
cups-bsd					install
cups-client					install
cups-common					install
cups-core-drivers				install
cups-daemon					install
cups-filters					install
cups-filters-core-drivers			install
cups-ipp-utils					install
cups-pk-helper					install
cups-ppdc					install
cups-server-common				install
dash						install
dbus						install
dbus-user-session				install
dbus-x11					install
dc						install
dconf-cli					install
dconf-gsettings-backend:amd64			install
dconf-service					install
debconf						install
debconf-i18n					install
debianutils					install
debugedit					install
deja-dup					install
desktop-file-utils				install
dictionaries-common				install
diffstat					install
diffutils					install
dirmngr						install
distro-info-data				install
dmidecode					install
dmsetup						install
dmz-cursor-theme				install
dns-root-data					install
dnsmasq-base					install
dnsutils					install
dosfstools					install
dpkg						install
e2fsprogs					install
ed						install
efibootmgr					install
eject						install
emacsen-common					install
enchant						install
eog						install
espeak-ng-data:amd64				install
evince						install
evince-common					install
evolution-data-server				install
evolution-data-server-common			install
example-content					install
fdisk						install
file						install
file-roller					install
findutils					install
firefox						install
firefox-locale-en				install
fontconfig					install
fontconfig-config				install
fonts-beng					install
fonts-beng-extra				install
fonts-dejavu-core				install
fonts-deva					install
fonts-deva-extra				install
fonts-droid-fallback				install
fonts-freefont-ttf				install
fonts-gargi					install
fonts-gubbi					install
fonts-gujr					install
fonts-gujr-extra				install
fonts-guru					install
fonts-guru-extra				install
fonts-indic					install
fonts-kacst					install
fonts-kacst-one					install
fonts-kalapi					install
fonts-khmeros-core				install
fonts-knda					install
fonts-lao					install
fonts-liberation				install
fonts-liberation2				install
fonts-lklug-sinhala				install
fonts-lohit-beng-assamese			install
fonts-lohit-beng-bengali			install
fonts-lohit-deva				install
fonts-lohit-gujr				install
fonts-lohit-guru				install
fonts-lohit-knda				install
fonts-lohit-mlym				install
fonts-lohit-orya				install
fonts-lohit-taml				install
fonts-lohit-taml-classical			install
fonts-lohit-telu				install
fonts-mlym					install
fonts-nakula					install
fonts-navilu					install
fonts-noto-cjk					install
fonts-noto-color-emoji				install
fonts-noto-mono					install
fonts-opensymbol				install
fonts-orya					install
fonts-orya-extra				install
fonts-pagul					install
fonts-sahadeva					install
fonts-samyak-deva				install
fonts-samyak-gujr				install
fonts-samyak-mlym				install
fonts-samyak-taml				install
fonts-sarai					install
fonts-sil-abyssinica				install
fonts-sil-padauk				install
fonts-smc					install
fonts-smc-anjalioldlipi				install
fonts-smc-chilanka				install
fonts-smc-dyuthi				install
fonts-smc-karumbi				install
fonts-smc-keraleeyam				install
fonts-smc-manjari				install
fonts-smc-meera					install
fonts-smc-rachana				install
fonts-smc-raghumalayalamsans			install
fonts-smc-suruma				install
fonts-smc-uroob					install
fonts-taml					install
fonts-telu					install
fonts-telu-extra				install
fonts-thai-tlwg					install
fonts-tibetan-machine				install
fonts-tlwg-garuda				install
fonts-tlwg-garuda-ttf				install
fonts-tlwg-kinnari				install
fonts-tlwg-kinnari-ttf				install
fonts-tlwg-laksaman				install
fonts-tlwg-laksaman-ttf				install
fonts-tlwg-loma					install
fonts-tlwg-loma-ttf				install
fonts-tlwg-mono					install
fonts-tlwg-mono-ttf				install
fonts-tlwg-norasi				install
fonts-tlwg-norasi-ttf				install
fonts-tlwg-purisa				install
fonts-tlwg-purisa-ttf				install
fonts-tlwg-sawasdee				install
fonts-tlwg-sawasdee-ttf				install
fonts-tlwg-typewriter				install
fonts-tlwg-typewriter-ttf			install
fonts-tlwg-typist				install
fonts-tlwg-typist-ttf				install
fonts-tlwg-typo					install
fonts-tlwg-typo-ttf				install
fonts-tlwg-umpush				install
fonts-tlwg-umpush-ttf				install
fonts-tlwg-waree				install
fonts-tlwg-waree-ttf				install
fonts-ubuntu					install
foomatic-db-compressed-ppds			install
friendly-recovery				install
ftp						install
fuse						install
fwupd						install
fwupdate					install
fwupdate-signed					install
gcc-7-base:amd64				install
gcc-8-base:amd64				install
gcr						install
gdb						install
gdbserver					install
gdisk						install
gdm3						install
gedit						install
gedit-common					install
genisoimage					install
geoclue-2.0					install
geoip-database					install
gettext						install
gettext-base					install
ghostscript					install
ghostscript-x					install
gir1.2-accountsservice-1.0			install
gir1.2-atk-1.0:amd64				install
gir1.2-atspi-2.0:amd64				install
gir1.2-dbusmenu-glib-0.4:amd64			install
gir1.2-dee-1.0					install
gir1.2-freedesktop:amd64			install
gir1.2-gck-1:amd64				install
gir1.2-gcr-3:amd64				install
gir1.2-gdesktopenums-3.0:amd64			install
gir1.2-gdkpixbuf-2.0:amd64			install
gir1.2-gdm-1.0					install
gir1.2-geoclue-2.0:amd64			install
gir1.2-geocodeglib-1.0:amd64			install
gir1.2-glib-2.0:amd64				install
gir1.2-gmenu-3.0:amd64				install
gir1.2-gnomebluetooth-1.0:amd64			install
gir1.2-gnomedesktop-3.0:amd64			install
gir1.2-goa-1.0:amd64				install
gir1.2-gst-plugins-base-1.0:amd64		install
gir1.2-gstreamer-1.0:amd64			install
gir1.2-gtk-3.0:amd64				install
gir1.2-gtksource-3.0:amd64			install
gir1.2-gudev-1.0:amd64				install
gir1.2-gweather-3.0:amd64			install
gir1.2-ibus-1.0:amd64				install
gir1.2-javascriptcoregtk-4.0:amd64		install
gir1.2-json-1.0:amd64				install
gir1.2-mutter-2:amd64				install
gir1.2-nm-1.0:amd64				install
gir1.2-nma-1.0:amd64				install
gir1.2-notify-0.7:amd64				install
gir1.2-packagekitglib-1.0			install
gir1.2-pango-1.0:amd64				install
gir1.2-peas-1.0:amd64				install
gir1.2-polkit-1.0				install
gir1.2-rb-3.0:amd64				install
gir1.2-rsvg-2.0:amd64				install
gir1.2-secret-1:amd64				install
gir1.2-snapd-1:amd64				install
gir1.2-soup-2.4:amd64				install
gir1.2-totem-1.0:amd64				install
gir1.2-totemplparser-1.0:amd64			install
gir1.2-udisks-2.0:amd64				install
gir1.2-unity-5.0:amd64				install
gir1.2-upowerglib-1.0:amd64			install
gir1.2-vte-2.91:amd64				install
gir1.2-webkit2-4.0:amd64			install
gir1.2-wnck-3.0:amd64				install
git						install
git-man						install
gjs						install
gkbd-capplet					install
glib-networking:amd64				install
glib-networking-common				install
glib-networking-services			install
gnome-accessibility-themes			install
gnome-bluetooth					install
gnome-calendar					install
gnome-control-center				install
gnome-control-center-data			install
gnome-control-center-faces			install
gnome-desktop3-data				install
gnome-disk-utility				install
gnome-font-viewer				install
gnome-getting-started-docs			install
gnome-initial-setup				install
gnome-keyring					install
gnome-keyring-pkcs11:amd64			install
gnome-mahjongg					install
gnome-menus					install
gnome-mines					install
gnome-online-accounts				install
gnome-power-manager				install
gnome-screenshot				install
gnome-session-bin				install
gnome-session-canberra				install
gnome-session-common				install
gnome-settings-daemon				install
gnome-settings-daemon-schemas			install
gnome-shell					install
gnome-shell-common				install
gnome-shell-extension-appindicator		install
gnome-shell-extension-ubuntu-dock		install
gnome-software					install
gnome-software-common				install
gnome-software-plugin-snap			install
gnome-startup-applications			install
gnome-sudoku					install
gnome-terminal					install
gnome-terminal-data				install
gnome-themes-extra:amd64			install
gnome-themes-extra-data				install
gnome-todo					install
gnome-todo-common				install
gnome-user-docs					install
gnome-user-guide				install
gnome-video-effects				install
gnupg						install
gnupg-l10n					install
gnupg-utils					install
gpg						install
gpg-agent					install
gpg-wks-client					install
gpg-wks-server					install
gpgconf						install
gpgsm						install
gpgv						install
grep						install
grilo-plugins-0.3-base:amd64			install
groff-base					install
grub-common					install
grub-gfxpayload-lists				install
grub-pc						install
grub-pc-bin					install
grub2-common					install
gsettings-desktop-schemas			install
gsettings-ubuntu-schemas			install
gsfonts						install
gstreamer1.0-alsa:amd64				install
gstreamer1.0-clutter-3.0:amd64			install
gstreamer1.0-gl:amd64				install
gstreamer1.0-gtk3:amd64				install
gstreamer1.0-packagekit				install
gstreamer1.0-plugins-base:amd64			install
gstreamer1.0-plugins-base-apps			install
gstreamer1.0-plugins-good:amd64			install
gstreamer1.0-pulseaudio:amd64			install
gstreamer1.0-tools				install
gstreamer1.0-x:amd64				install
gtk-update-icon-cache				install
gtk2-engines-murrine:amd64			install
gtk2-engines-pixbuf:amd64			install
guile-2.0-libs:amd64				install
gvfs:amd64					install
gvfs-backends					install
gvfs-bin					install
gvfs-common					install
gvfs-daemons					install
gvfs-fuse					install
gvfs-libs:amd64					install
gzip						install
hdparm						install
hicolor-icon-theme				install
hostname					install
hplip						install
hplip-data					install
humanity-icon-theme				install
hunspell-en-us					install
hyphen-en-us					install
ibus						install
ibus-gtk:amd64					install
ibus-gtk3:amd64					install
ibus-table					install
ifupdown					install
iio-sensor-proxy				install
im-config					install
imagemagick					install
imagemagick-6-common				install
imagemagick-6.q16				install
info						install
init						install
init-system-helpers				install
initramfs-tools					install
initramfs-tools-bin				install
initramfs-tools-core				install
inputattach					install
install-info					install
intel-microcode					install
intltool-debian					install
ippusbxd					install
iproute2					install
iptables					install
iputils-arping					install
iputils-ping					install
iputils-tracepath				install
irqbalance					install
isc-dhcp-client					install
isc-dhcp-common					install
iso-codes					install
iucode-tool					install
iw						install
kbd						install
kerneloops					install
keyboard-configuration				install
klibc-utils					install
kmod						install
krb5-locales					install
language-pack-en				install
language-pack-en-base				install
language-pack-gnome-en				install
language-pack-gnome-en-base			install
language-selector-common			install
language-selector-gnome				install
laptop-detect					install
less						install
libaa1:amd64					install
libabw-0.1-1:amd64				install
libaccountsservice0:amd64			install
libacl1:amd64					install
libaio1:amd64					install
libao-common					install
libao4:amd64					install
libapache2-mod-php7.2				install
libapparmor1:amd64				install
libappindicator3-1				install
libappstream-glib8:amd64			install
libappstream4:amd64				install
libapr1:amd64					install
libaprutil1:amd64				install
libaprutil1-dbd-sqlite3:amd64			install
libaprutil1-ldap:amd64				install
libapt-inst2.0:amd64				install
libapt-pkg-perl					install
libapt-pkg5.0:amd64				install
libarchive-zip-perl				install
libarchive13:amd64				install
libargon2-0:amd64				install
libart-2.0-2:amd64				install
libasn1-8-heimdal:amd64				install
libasound2:amd64				install
libasound2-data					install
libasound2-plugins:amd64			install
libaspell15:amd64				install
libassuan0:amd64				install
libasyncns0:amd64				install
libatasmart4:amd64				install
libatk-adaptor:amd64				install
libatk-bridge2.0-0:amd64			install
libatk1.0-0:amd64				install
libatk1.0-data					install
libatkmm-1.6-1v5:amd64				install
libatm1:amd64					install
libatspi2.0-0:amd64				install
libattr1:amd64					install
libaudio2:amd64					install
libaudit-common					install
libaudit1:amd64					install
libauthen-sasl-perl				install
libavahi-client3:amd64				install
libavahi-common-data:amd64			install
libavahi-common3:amd64				install
libavahi-core7:amd64				install
libavahi-glib1:amd64				install
libavahi-ui-gtk3-0:amd64			install
libavc1394-0:amd64				install
libbabeltrace1:amd64				install
libbind9-160:amd64				install
libbinutils:amd64				install
libblkid1:amd64					install
libblockdev-crypto2:amd64			install
libblockdev-fs2:amd64				install
libblockdev-loop2:amd64				install
libblockdev-part-err2:amd64			install
libblockdev-part2:amd64				install
libblockdev-swap2:amd64				install
libblockdev-utils2:amd64			install
libblockdev2:amd64				install
libbluetooth3:amd64				install
libboost-date-time1.65.1:amd64			install
libboost-filesystem1.65.1:amd64			install
libboost-iostreams1.65.1:amd64			install
libboost-locale1.65.1:amd64			install
libboost-system1.65.1:amd64			install
libboost-thread1.65.1:amd64			install
libbrlapi0.6:amd64				install
libbrotli1:amd64				install
libbsd0:amd64					install
libbz2-1.0:amd64				install
libc-bin					install
libc6:amd64					install
libc6-dbg:amd64					install
libcaca0:amd64					install
libcairo-gobject-perl				install
libcairo-gobject2:amd64				install
libcairo-perl					install
libcairo2:amd64					install
libcairomm-1.0-1v5:amd64			install
libcamel-1.2-61:amd64				install
libcanberra-gtk3-0:amd64			install
libcanberra-gtk3-module:amd64			install
libcanberra-pulse:amd64				install
libcanberra0:amd64				install
libcap-ng0:amd64				install
libcap2:amd64					install
libcap2-bin					install
libcc1-0:amd64					install
libcdio-cdda2:amd64				install
libcdio-paranoia2:amd64				install
libcdio17:amd64					install
libcdparanoia0:amd64				install
libcdr-0.1-1:amd64				install
libcgi-fast-perl				install
libcgi-pm-perl					install
libcheese-gtk25:amd64				install
libcheese8:amd64				install
libclass-accessor-perl				install
libclone-perl					install
libclucene-contribs1v5:amd64			install
libclucene-core1v5:amd64			install
libclutter-1.0-0:amd64				install
libclutter-1.0-common				install
libclutter-gst-3.0-0:amd64			install
libclutter-gtk-1.0-0:amd64			install
libcmis-0.5-5v5					install
libcogl-common					install
libcogl-pango20:amd64				install
libcogl-path20:amd64				install
libcogl20:amd64					install
libcolamd2:amd64				install
libcolord-gtk1:amd64				install
libcolord2:amd64				install
libcolorhug2:amd64				install
libcom-err2:amd64				install
libcrack2:amd64					install
libcroco3:amd64					install
libcryptsetup12:amd64				install
libcups2:amd64					install
libcupscgi1:amd64				install
libcupsfilters1:amd64				install
libcupsimage2:amd64				install
libcupsmime1:amd64				install
libcupsppdc1:amd64				install
libcurl3-gnutls:amd64				install
libdaemon0:amd64				install
libdata-dump-perl				install
libdatrie1:amd64				install
libdazzle-1.0-0:amd64				install
libdb5.3:amd64					install
libdbus-1-3:amd64				install
libdbus-glib-1-2:amd64				install
libdbusmenu-glib4:amd64				install
libdbusmenu-gtk3-4:amd64			install
libdbusmenu-gtk4:amd64				install
libdconf1:amd64					install
libdebconfclient0:amd64				install
libdee-1.0-4:amd64				install
libdevmapper1.02.1:amd64			install
libdigest-hmac-perl				install
libdjvulibre-text				install
libdjvulibre21:amd64				install
libdmapsharing-3.0-2:amd64			install
libdns-export1100				install
libdns1100:amd64				install
libdotconf0:amd64				install
libdpkg-perl					install
libdrm-amdgpu1:amd64				install
libdrm-common					install
libdrm-intel1:amd64				install
libdrm-nouveau2:amd64				install
libdrm-radeon1:amd64				install
libdrm2:amd64					install
libdumbnet1:amd64				install
libdv4:amd64					install
libdw1:amd64					install
libe-book-0.1-1:amd64				install
libebackend-1.2-10:amd64			install
libebook-1.2-19:amd64				install
libebook-contacts-1.2-2:amd64			install
libecal-1.2-19:amd64				install
libedata-book-1.2-25:amd64			install
libedata-cal-1.2-28:amd64			install
libedataserver-1.2-23:amd64			install
libedataserverui-1.2-2:amd64			install
libedit2:amd64					install
libefiboot1:amd64				install
libefivar1:amd64				install
libegl-mesa0:amd64				install
libegl1:amd64					install
libegl1-mesa:amd64				install
libelf1:amd64					install
libemail-valid-perl				install
libenchant1c2a:amd64				install
libencode-locale-perl				install
libeot0:amd64					install
libepoxy0:amd64					install
libepubgen-0.1-1:amd64				install
liberror-perl					install
libespeak-ng1:amd64				install
libestr0:amd64					install
libetonyek-0.1-1:amd64				install
libevdev2:amd64					install
libevdocument3-4:amd64				install
libevent-2.1-6:amd64				install
libevent-core-2.1-6:amd64			install
libevview3-3:amd64				install
libexempi3:amd64				install
libexif12:amd64					install
libexiv2-14:amd64				install
libexpat1:amd64					install
libexporter-tiny-perl				install
libext2fs2:amd64				install
libexttextcat-2.0-0:amd64			install
libexttextcat-data				install
libfastjson4:amd64				install
libfcgi-perl					install
libfdisk1:amd64					install
libffi6:amd64					install
libfftw3-double3:amd64				install
libfftw3-single3:amd64				install
libfile-basedir-perl				install
libfile-copy-recursive-perl			install
libfile-desktopentry-perl			install
libfile-fcntllock-perl				install
libfile-listing-perl				install
libfile-mimeinfo-perl				install
libflac8:amd64					install
libfont-afm-perl				install
libfontconfig1:amd64				install
libfontembed1:amd64				install
libfontenc1:amd64				install
libfreehand-0.1-1				install
libfreerdp-client2-2:amd64			install
libfreerdp2-2:amd64				install
libfreetype6:amd64				install
libfribidi0:amd64				install
libfuse2:amd64					install
libfwup1:amd64					install
libfwupd2:amd64					install
libgail-3-0:amd64				install
libgail-common:amd64				install
libgail18:amd64					install
libgbm1:amd64					install
libgc1c2:amd64					install
libgcab-1.0-0:amd64				install
libgcc1:amd64					install
libgck-1-0:amd64				install
libgcr-base-3-1:amd64				install
libgcr-ui-3-1:amd64				install
libgcrypt20:amd64				install
libgd3:amd64					install
libgdata-common					install
libgdata22:amd64				install
libgdbm-compat4:amd64				install
libgdbm5:amd64					install
libgdk-pixbuf2.0-0:amd64			install
libgdk-pixbuf2.0-bin				install
libgdk-pixbuf2.0-common				install
libgdm1						install
libgee-0.8-2:amd64				install
libgeoclue-2-0:amd64				install
libgeocode-glib0:amd64				install
libgeoip1:amd64					install
libgexiv2-2:amd64				install
libgirepository-1.0-1:amd64			install
libgjs0g					install
libgl1:amd64					install
libgl1-mesa-dri:amd64				install
libgl1-mesa-glx:amd64				install
libglapi-mesa:amd64				install
libgles2:amd64					install
libglib-object-introspection-perl		install
libglib-perl					install
libglib2.0-0:amd64				install
libglib2.0-bin					install
libglib2.0-data					install
libglibmm-2.4-1v5:amd64				install
libglu1-mesa:amd64				install
libglvnd0:amd64					install
libglx-mesa0:amd64				install
libglx0:amd64					install
libgmime-3.0-0:amd64				install
libgmp10:amd64					install
libgnome-autoar-0-0:amd64			install
libgnome-bluetooth13:amd64			install
libgnome-desktop-3-17:amd64			install
libgnome-games-support-1-3:amd64		install
libgnome-games-support-common			install
libgnome-menu-3-0:amd64				install
libgnome-todo					install
libgnomekbd-common				install
libgnomekbd8:amd64				install
libgnutls30:amd64				install
libgoa-1.0-0b:amd64				install
libgoa-1.0-common				install
libgoa-backend-1.0-1:amd64			install
libgom-1.0-0:amd64				install
libgomp1:amd64					install
libgpg-error0:amd64				install
libgpgme11:amd64				install
libgpgmepp6:amd64				install
libgphoto2-6:amd64				install
libgphoto2-l10n					install
libgphoto2-port12:amd64				install
libgpm2:amd64					install
libgpod-common					install
libgpod4:amd64					install
libgraphene-1.0-0:amd64				install
libgraphite2-3:amd64				install
libgrilo-0.3-0:amd64				install
libgs9:amd64					install
libgs9-common					install
libgspell-1-1:amd64				install
libgspell-1-common				install
libgssapi-krb5-2:amd64				install
libgssapi3-heimdal:amd64			install
libgstreamer-gl1.0-0:amd64			install
libgstreamer-plugins-base1.0-0:amd64		install
libgstreamer-plugins-good1.0-0:amd64		install
libgstreamer1.0-0:amd64				install
libgtk-3-0:amd64				install
libgtk-3-bin					install
libgtk-3-common					install
libgtk2.0-0:amd64				install
libgtk2.0-bin					install
libgtk2.0-common				install
libgtk3-perl					install
libgtkmm-3.0-1v5:amd64				install
libgtksourceview-3.0-1:amd64			install
libgtksourceview-3.0-common			install
libgtop-2.0-11:amd64				install
libgtop2-common					install
libgudev-1.0-0:amd64				install
libgusb2:amd64					install
libgutenprint2					install
libgweather-3-15:amd64				install
libgweather-common				install
libgxps2:amd64					install
libharfbuzz-icu0:amd64				install
libharfbuzz0b:amd64				install
libhcrypto4-heimdal:amd64			install
libheimbase1-heimdal:amd64			install
libheimntlm0-heimdal:amd64			install
libhogweed4:amd64				install
libhpmud0:amd64					install
libhtml-form-perl				install
libhtml-format-perl				install
libhtml-parser-perl				install
libhtml-tagset-perl				install
libhtml-template-perl				install
libhtml-tree-perl				install
libhttp-cookies-perl				install
libhttp-daemon-perl				install
libhttp-date-perl				install
libhttp-message-perl				install
libhttp-negotiate-perl				install
libhunspell-1.6-0:amd64				install
libhx509-5-heimdal:amd64			install
libhyphen0:amd64				install
libibus-1.0-5:amd64				install
libical3:amd64					install
libice6:amd64					install
libicu60:amd64					install
libidn11:amd64					install
libidn2-0:amd64					install
libiec61883-0:amd64				install
libieee1284-3:amd64				install
libijs-0.35:amd64				install
libilmbase12:amd64				install
libimobiledevice6:amd64				install
libindicator3-7					install
libinput-bin					install
libinput10:amd64				install
libio-html-perl					install
libio-pty-perl					install
libio-socket-inet6-perl				install
libio-socket-ssl-perl				install
libio-string-perl				install
libip4tc0:amd64					install
libip6tc0:amd64					install
libipc-run-perl					install
libipc-system-simple-perl			install
libiptc0:amd64					install
libirs160:amd64					install
libisc-export169:amd64				install
libisc169:amd64					install
libisccc160:amd64				install
libisccfg160:amd64				install
libisl19:amd64					install
libiw30:amd64					install
libjack-jackd2-0:amd64				install
libjansson4:amd64				install
libjavascriptcoregtk-4.0-18:amd64		install
libjbig0:amd64					install
libjbig2dec0:amd64				install
libjpeg-turbo8:amd64				install
libjpeg8:amd64					install
libjson-c3:amd64				install
libjson-glib-1.0-0:amd64			install
libjson-glib-1.0-common				install
libk5crypto3:amd64				install
libkeyutils1:amd64				install
libklibc					install
libkmod2:amd64					install
libkpathsea6:amd64				install
libkrb5-26-heimdal:amd64			install
libkrb5-3:amd64					install
libkrb5support0:amd64				install
libksba8:amd64					install
liblangtag-common				install
liblangtag1:amd64				install
liblcms2-2:amd64				install
liblcms2-utils					install
libldap-2.4-2:amd64				install
libldap-common					install
libldb1:amd64					install
liblirc-client0:amd64				install
liblist-moreutils-perl				install
libllvm6.0:amd64				install
libllvm8:amd64					install
liblocale-gettext-perl				install
liblouis-data					install
liblouis14:amd64				install
liblouisutdml-bin				install
liblouisutdml-data				install
liblouisutdml8:amd64				install
liblqr-1-0:amd64				install
libltdl7:amd64					install
liblua5.2-0:amd64				install
liblua5.3-0:amd64				install
liblwp-mediatypes-perl				install
liblwp-protocol-https-perl			install
liblwres160:amd64				install
liblz4-1:amd64					install
liblzma5:amd64					install
liblzo2-2:amd64					install
libmagic-mgc					install
libmagic1:amd64					install
libmagickcore-6.q16-3:amd64			install
libmagickcore-6.q16-3-extra:amd64		install
libmagickwand-6.q16-3:amd64			install
libmailtools-perl				install
libmbim-glib4:amd64				install
libmbim-proxy					install
libmediaart-2.0-0:amd64				install
libmessaging-menu0:amd64			install
libmhash2:amd64					install
libminiupnpc10:amd64				install
libmm-glib0:amd64				install
libmnl0:amd64					install
libmount1:amd64					install
libmozjs-52-0:amd64				install
libmp3lame0:amd64				install
libmpc3:amd64					install
libmpdec2:amd64					install
libmpfr6:amd64					install
libmpg123-0:amd64				install
libmspack0:amd64				install
libmspub-0.1-1:amd64				install
libmtdev1:amd64					install
libmtp-common					install
libmtp-runtime					install
libmtp9:amd64					install
libmutter-2-0:amd64				install
libmwaw-0.3-3:amd64				install
libmythes-1.2-0:amd64				install
libnatpmp1					install
libnautilus-extension1a:amd64			install
libncurses5:amd64				install
libncursesw5:amd64				install
libndp0:amd64					install
libneon27-gnutls:amd64				install
libnet-dbus-perl				install
libnet-dns-perl					install
libnet-domain-tld-perl				install
libnet-http-perl				install
libnet-ip-perl					install
libnet-libidn-perl				install
libnet-smtp-ssl-perl				install
libnet-ssleay-perl				install
libnetfilter-conntrack3:amd64			install
libnetpbm10					install
libnettle6:amd64				install
libnewt0.52:amd64				install
libnfnetlink0:amd64				install
libnghttp2-14:amd64				install
libnih1:amd64					install
libnl-3-200:amd64				install
libnl-genl-3-200:amd64				install
libnm0:amd64					install
libnma0:amd64					install
libnotify-bin					install
libnotify4:amd64				install
libnpth0:amd64					install
libnspr4:amd64					install
libnss-mdns:amd64				install
libnss-myhostname:amd64				install
libnss-systemd:amd64				install
libnss3:amd64					install
libntfs-3g88					install
libnuma1:amd64					install
liboauth0:amd64					install
libodfgen-0.1-1:amd64				install
libogg0:amd64					install
libopenexr22:amd64				install
libopus0:amd64					install
liborc-0.4-0:amd64				install
liborcus-0.13-0:amd64				install
libp11-kit0:amd64				install
libpackagekit-glib2-18:amd64			install
libpagemaker-0.0-0:amd64			install
libpam-cap:amd64				install
libpam-gnome-keyring:amd64			install
libpam-modules:amd64				install
libpam-modules-bin				install
libpam-runtime					install
libpam-systemd:amd64				install
libpam0g:amd64					install
libpango-1.0-0:amd64				install
libpangocairo-1.0-0:amd64			install
libpangoft2-1.0-0:amd64				install
libpangomm-1.4-1v5:amd64			install
libpangoxft-1.0-0:amd64				install
libpaper-utils					install
libpaper1:amd64					install
libparse-debianchangelog-perl			install
libparted-fs-resize0:amd64			install
libparted2:amd64				install
libpcap0.8:amd64				install
libpcaudio0					install
libpci3:amd64					install
libpciaccess0:amd64				install
libpcre3:amd64					install
libpcsclite1:amd64				install
libpeas-1.0-0:amd64				install
libpeas-common					install
libperl5.26:amd64				install
libperlio-gzip-perl				install
libphonenumber7:amd64				install
libpipeline1:amd64				install
libpixman-1-0:amd64				install
libplist3:amd64					install
libplymouth4:amd64				install
libpng16-16:amd64				install
libpolkit-agent-1-0:amd64			install
libpolkit-backend-1-0:amd64			install
libpolkit-gobject-1-0:amd64			install
libpoppler-glib8:amd64				install
libpoppler73:amd64				install
libpopt0:amd64					install
libprocps6:amd64				install
libprotobuf10:amd64				install
libproxy1-plugin-gsettings:amd64		install
libproxy1-plugin-networkmanager:amd64		install
libproxy1v5:amd64				install
libpsl5:amd64					install
libpulse-mainloop-glib0:amd64			install
libpulse0:amd64					install
libpulsedsp:amd64				install
libpwquality-common				install
libpwquality1:amd64				install
libpython-stdlib:amd64				install
libpython2.7:amd64				install
libpython2.7-minimal:amd64			install
libpython2.7-stdlib:amd64			install
libpython3-stdlib:amd64				install
libpython3.6:amd64				install
libpython3.6-minimal:amd64			install
libpython3.6-stdlib:amd64			install
libqmi-glib5:amd64				install
libqmi-proxy					install
libqpdf21:amd64					install
libqqwing2v5:amd64				install
libraptor2-0:amd64				install
librasqal3:amd64				install
libraw1394-11:amd64				install
libraw16:amd64					install
librdf0:amd64					install
libreadline7:amd64				install
libreoffice-avmedia-backend-gstreamer		install
libreoffice-base-core				install
libreoffice-calc				install
libreoffice-common				install
libreoffice-core				install
libreoffice-draw				install
libreoffice-gnome				install
libreoffice-gtk3				install
libreoffice-help-en-us				install
libreoffice-impress				install
libreoffice-math				install
libreoffice-ogltrans				install
libreoffice-pdfimport				install
libreoffice-style-breeze			install
libreoffice-style-galaxy			install
libreoffice-style-tango				install
libreoffice-writer				install
librest-0.7-0:amd64				install
librevenge-0.0-0:amd64				install
librhythmbox-core10:amd64			install
libroken18-heimdal:amd64			install
librpm8						install
librpmbuild8					install
librpmio8					install
librpmsign8					install
librsvg2-2:amd64				install
librsvg2-common:amd64				install
librtmp1:amd64					install
libsamplerate0:amd64				install
libsane-common					install
libsane-hpaio:amd64				install
libsane1:amd64					install
libsasl2-2:amd64				install
libsasl2-modules:amd64				install
libsasl2-modules-db:amd64			install
libsbc1:amd64					install
libseccomp2:amd64				install
libsecret-1-0:amd64				install
libsecret-common				install
libselinux1:amd64				install
libsemanage-common				install
libsemanage1:amd64				install
libsensors4:amd64				install
libsepol1:amd64					install
libsgutils2-2					install
libshout3:amd64					install
libsigc++-2.0-0v5:amd64				install
libslang2:amd64					install
libsm6:amd64					install
libsmartcols1:amd64				install
libsmbclient:amd64				install
libsmbios-c2					install
libsnapd-glib1:amd64				install
libsndfile1:amd64				install
libsnmp-base					install
libsnmp30:amd64					install
libsocket6-perl					install
libsodium23:amd64				install
libsonic0:amd64					install
libsoup-gnome2.4-1:amd64			install
libsoup2.4-1:amd64				install
libspectre1:amd64				install
libspeechd2:amd64				install
libspeex1:amd64					install
libspeexdsp1:amd64				install
libsqlite0					install
libsqlite3-0:amd64				install
libss2:amd64					install
libssh-4:amd64					install
libssl1.0.0:amd64				install
libssl1.1:amd64					install
libstartup-notification0:amd64			install
libstdc++6:amd64				install
libstemmer0d:amd64				install
libsub-name-perl				install
libsuitesparseconfig5:amd64			install
libsysmetrics1:amd64				install
libsystemd0:amd64				install
libtag1v5:amd64					install
libtag1v5-vanilla:amd64				install
libtalloc2:amd64				install
libtasn1-6:amd64				install
libtdb1:amd64					install
libteamdctl0:amd64				install
libtevent0:amd64				install
libtext-charwidth-perl				install
libtext-iconv-perl				install
libtext-levenshtein-perl			install
libtext-wrapi18n-perl				install
libthai-data					install
libthai0:amd64					install
libtheora0:amd64				install
libtie-ixhash-perl				install
libtiff5:amd64					install
libtimedate-perl				install
libtinfo5:amd64					install
libtotem-plparser-common			install
libtotem-plparser18:amd64			install
libtotem0:amd64					install
libtracker-sparql-2.0-0:amd64			install
libtry-tiny-perl				install
libtwolame0:amd64				install
libu2f-udev					install
libudev1:amd64					install
libudisks2-0:amd64				install
libunistring2:amd64				install
libunity-protocol-private0:amd64		install
libunity-scopes-json-def-desktop		install
libunity9:amd64					install
libunwind8:amd64				install
libupower-glib3:amd64				install
liburi-perl					install
libusb-1.0-0:amd64				install
libusbmuxd4:amd64				install
libuuid1:amd64					install
libv4l-0:amd64					install
libv4lconvert0:amd64				install
libvisio-0.1-1:amd64				install
libvisual-0.4-0:amd64				install
libvncclient1:amd64				install
libvolume-key1					install
libvorbis0a:amd64				install
libvorbisenc2:amd64				install
libvorbisfile3:amd64				install
libvpx5:amd64					install
libvte-2.91-0:amd64				install
libvte-2.91-common				install
libwacom-bin					install
libwacom-common					install
libwacom2:amd64					install
libwavpack1:amd64				install
libwayland-client0:amd64			install
libwayland-cursor0:amd64			install
libwayland-egl1:amd64				install
libwayland-egl1-mesa:amd64			install
libwayland-server0:amd64			install
libwbclient0:amd64				install
libwebkit2gtk-4.0-37:amd64			install
libwebp6:amd64					install
libwebpdemux2:amd64				install
libwebpmux3:amd64				install
libwebrtc-audio-processing1:amd64		install
libwhoopsie-preferences0			install
libwhoopsie0:amd64				install
libwind0-heimdal:amd64				install
libwinpr2-2:amd64				install
libwmf0.2-7:amd64				install
libwmf0.2-7-gtk					install
libwnck-3-0:amd64				install
libwnck-3-common				install
libwoff1:amd64					install
libwpd-0.10-10:amd64				install
libwpg-0.3-3:amd64				install
libwps-0.4-4:amd64				install
libwrap0:amd64					install
libwww-perl					install
libwww-robotrules-perl				install
libx11-6:amd64					install
libx11-data					install
libx11-protocol-perl				install
libx11-xcb1:amd64				install
libxapian30:amd64				install
libxatracker2:amd64				install
libxau6:amd64					install
libxaw7:amd64					install
libxcb-dri2-0:amd64				install
libxcb-dri3-0:amd64				install
libxcb-glx0:amd64				install
libxcb-icccm4:amd64				install
libxcb-image0:amd64				install
libxcb-keysyms1:amd64				install
libxcb-present0:amd64				install
libxcb-randr0:amd64				install
libxcb-render-util0:amd64			install
libxcb-render0:amd64				install
libxcb-res0:amd64				install
libxcb-shape0:amd64				install
libxcb-shm0:amd64				install
libxcb-sync1:amd64				install
libxcb-util1:amd64				install
libxcb-xfixes0:amd64				install
libxcb-xkb1:amd64				install
libxcb-xv0:amd64				install
libxcb1:amd64					install
libxcomposite1:amd64				install
libxcursor1:amd64				install
libxdamage1:amd64				install
libxdmcp6:amd64					install
libxext6:amd64					install
libxfixes3:amd64				install
libxfont2:amd64					install
libxft2:amd64					install
libxi6:amd64					install
libxinerama1:amd64				install
libxkbcommon-x11-0:amd64			install
libxkbcommon0:amd64				install
libxkbfile1:amd64				install
libxklavier16:amd64				install
libxml-libxml-perl				install
libxml-namespacesupport-perl			install
libxml-parser-perl				install
libxml-sax-base-perl				install
libxml-sax-expat-perl				install
libxml-sax-perl					install
libxml-simple-perl				install
libxml-twig-perl				install
libxml-xpathengine-perl				install
libxml2:amd64					install
libxmlsec1:amd64				install
libxmlsec1-nss:amd64				install
libxmlsec1-openssl:amd64			install
libxmu6:amd64					install
libxmuu1:amd64					install
libxpm4:amd64					install
libxrandr2:amd64				install
libxrender1:amd64				install
libxres1:amd64					install
libxshmfence1:amd64				install
libxslt1.1:amd64				install
libxss1:amd64					install
libxt6:amd64					install
libxtables12:amd64				install
libxtst6:amd64					install
libxv1:amd64					install
libxvmc1:amd64					install
libxxf86dga1:amd64				install
libxxf86vm1:amd64				install
libyajl2:amd64					install
libyaml-0-2:amd64				install
libyaml-libyaml-perl				install
libyelp0:amd64					install
libzeitgeist-2.0-0:amd64			install
libzstd1:amd64					install
light-themes					install
lintian						install
linux-base					install
linux-firmware					install
linux-generic-hwe-18.04				install
linux-headers-5.0.0-23				install
linux-headers-5.0.0-23-generic			install
linux-headers-5.0.0-25				install
linux-headers-5.0.0-25-generic			install
linux-headers-generic-hwe-18.04			install
linux-image-5.0.0-23-generic			install
linux-image-5.0.0-25-generic			install
linux-image-generic-hwe-18.04			install
linux-modules-5.0.0-23-generic			install
linux-modules-5.0.0-25-generic			install
linux-modules-extra-5.0.0-23-generic		install
linux-modules-extra-5.0.0-25-generic		install
linux-sound-base				install
locales						install
login						install
logrotate					install
lp-solve					install
lsb-base					install
lsb-release					install
lshw						install
lsof						install
ltrace						install
man-db						install
manpages					install
mawk						install
media-player-info				install
memtest86+					install
mime-support					install
mlocate						install
mobile-broadband-provider-info			install
modemmanager					install
mount						install
mousetweaks					install
mscompress					install
mtools						install
mtr-tiny					install
multiarch-support				install
mutter						install
mutter-common					install
mysql-client					install
mysql-client-5.7				install
mysql-client-core-5.7				install
mysql-common					install
mysql-server					install
mysql-server-5.7				install
mysql-server-core-5.7				install
mythes-en-us					install
nano						install
nautilus					install
nautilus-data					install
nautilus-extension-gnome-terminal		install
nautilus-sendto					install
nautilus-share					install
ncurses-base					install
ncurses-bin					install
net-tools					install
netbase						install
netcat-openbsd					install
netpbm						install
netplan.io					install
network-manager					install
network-manager-config-connectivity-ubuntu	install
network-manager-gnome				install
network-manager-pptp				install
network-manager-pptp-gnome			install
networkd-dispatcher				install
notification-daemon				install
nplan						install
ntfs-3g						install
open-vm-tools					install
open-vm-tools-desktop				install
openprinting-ppds				install
openssh-client					install
openssl						install
orca						install
os-prober					install
p11-kit						install
p11-kit-modules:amd64				install
packagekit					install
packagekit-tools				install
parted						install
passwd						install
patch						install
patchutils					install
pciutils					install
pcmciautils					install
perl						install
perl-base					install
perl-modules-5.26				install
perl-openssl-defaults:amd64			install
php						install
php-common					install
php-mysql					install
php7.2						install
php7.2-cli					install
php7.2-common					install
php7.2-json					install
php7.2-mysql					install
php7.2-opcache					install
php7.2-readline					install
pinentry-curses					install
pinentry-gnome3					install
plymouth					install
plymouth-label					install
plymouth-theme-ubuntu-logo			install
plymouth-theme-ubuntu-text			install
policykit-1					install
policykit-desktop-privileges			install
poppler-data					install
poppler-utils					install
popularity-contest				install
powermgmt-base					install
ppp						install
pppconfig					install
pppoeconf					install
pptp-linux					install
printer-driver-brlaser				install
printer-driver-c2esp				install
printer-driver-foo2zjs				install
printer-driver-foo2zjs-common			install
printer-driver-gutenprint			install
printer-driver-hpcups				install
printer-driver-m2300w				install
printer-driver-min12xxw				install
printer-driver-pnm2ppa				install
printer-driver-postscript-hp			install
printer-driver-ptouch				install
printer-driver-pxljr				install
printer-driver-sag-gdi				install
printer-driver-splix				install
procps						install
psmisc						install
publicsuffix					install
pulseaudio					install
pulseaudio-module-bluetooth			install
pulseaudio-utils				install
python						install
python-apt-common				install
python-libxml2					install
python-lzma					install
python-minimal					install
python-pycurl					install
python-rpm					install
python-sqlite					install
python-sqlitecachec				install
python-talloc					install
python-urlgrabber				install
python2.7					install
python2.7-minimal				install
python3						install
python3-apport					install
python3-apt					install
python3-aptdaemon				install
python3-aptdaemon.gtk3widgets			install
python3-asn1crypto				install
python3-brlapi					install
python3-cairo:amd64				install
python3-certifi					install
python3-cffi-backend				install
python3-chardet					install
python3-commandnotfound				install
python3-crypto					install
python3-cryptography				install
python3-cups					install
python3-cupshelpers				install
python3-dateutil				install
python3-dbus					install
python3-debconf					install
python3-debian					install
python3-defer					install
python3-distro-info				install
python3-distupgrade				install
python3-gdbm:amd64				install
python3-gi					install
python3-gi-cairo				install
python3-httplib2				install
python3-idna					install
python3-keyring					install
python3-keyrings.alt				install
python3-launchpadlib				install
python3-lazr.restfulclient			install
python3-lazr.uri				install
python3-louis					install
python3-macaroonbakery				install
python3-mako					install
python3-markupsafe				install
python3-minimal					install
python3-nacl					install
python3-netifaces				install
python3-oauth					install
python3-olefile					install
python3-pexpect					install
python3-pil:amd64				install
python3-pkg-resources				install
python3-problem-report				install
python3-protobuf				install
python3-ptyprocess				install
python3-pyatspi					install
python3-pymacaroons				install
python3-renderpm:amd64				install
python3-reportlab				install
python3-reportlab-accel:amd64			install
python3-requests				install
python3-requests-unixsocket			install
python3-rfc3339					install
python3-secretstorage				install
python3-simplejson				install
python3-six					install
python3-software-properties			install
python3-speechd					install
python3-systemd					install
python3-tz					install
python3-uno					install
python3-update-manager				install
python3-urllib3					install
python3-wadllib					install
python3-xdg					install
python3-xkit					install
python3-yaml					install
python3-zope.interface				install
python3.6					install
python3.6-minimal				install
qpdf						install
readline-common					install
remmina						install
remmina-common					install
remmina-plugin-rdp:amd64			install
remmina-plugin-secret:amd64			install
remmina-plugin-vnc:amd64			install
rfkill						install
rhythmbox					install
rhythmbox-data					install
rhythmbox-plugin-alternative-toolbar		install
rhythmbox-plugins				install
rpm						install
rpm-common					install
rpm2cpio					install
rsync						install
rsyslog						install
rtkit						install
samba-libs:amd64				install
sane-utils					install
sbsigntool					install
seahorse					install
secureboot-db					install
sed						install
sensible-utils					install
session-migration				install
shared-mime-info				install
shotwell					install
shotwell-common					install
simple-scan					install
snapd						install
software-properties-common			install
software-properties-gtk				install
sound-icons					install
sound-theme-freedesktop				install
speech-dispatcher				install
speech-dispatcher-audio-plugins:amd64		install
speech-dispatcher-espeak-ng			install
spice-vdagent					install
squashfs-tools					install
ssl-cert					install
strace						install
sudo						install
syslinux					install
syslinux-common					install
syslinux-legacy					install
system-config-printer				install
system-config-printer-common			install
system-config-printer-udev			install
systemd						install
systemd-sysv					install
sysvinit-utils					install
t1utils						install
tar						install
tcpdump						install
telnet						install
thermald					install
thunderbird					install
thunderbird-gnome-support			install
thunderbird-locale-en				install
thunderbird-locale-en-us			install
time						install
totem						install
totem-common					install
totem-plugins					install
transmission-common				install
transmission-gtk				install
tzdata						install
ubuntu-advantage-tools				install
ubuntu-artwork					install
ubuntu-desktop					install
ubuntu-docs					install
ubuntu-drivers-common				install
ubuntu-keyring					install
ubuntu-minimal					install
ubuntu-mono					install
ubuntu-release-upgrader-core			install
ubuntu-release-upgrader-gtk			install
ubuntu-report					install
ubuntu-session					install
ubuntu-settings					install
ubuntu-software					install
ubuntu-sounds					install
ubuntu-standard					install
ubuntu-system-service				install
ubuntu-wallpapers				install
ubuntu-wallpapers-bionic			install
ubuntu-web-launchers				install
ucf						install
udev						install
udisks2						install
ufw						install
unattended-upgrades				install
uno-libs3					install
unzip						install
update-inetd					install
update-manager					install
update-manager-core				install
update-notifier					install
update-notifier-common				install
upower						install
ure						install
ureadahead					install
usb-creator-common				install
usb-creator-gtk					install
usb-modeswitch					install
usb-modeswitch-data				install
usbmuxd						install
usbutils					install
util-linux					install
uuid-runtime					install
vim						install
vim-common					install
vim-runtime					install
vim-tiny					install
vino						install
wamerican					install
wbritish					install
wget						install
whiptail					install
whoopsie					install
whoopsie-preferences				install
wireless-regdb					install
wireless-tools					install
wpasupplicant					install
x11-apps					install
x11-common					install
x11-session-utils				install
x11-utils					install
x11-xkb-utils					install
x11-xserver-utils				install
xauth						install
xbitmaps					install
xbrlapi						install
xcursor-themes					install
xdg-desktop-portal				install
xdg-desktop-portal-gtk				install
xdg-user-dirs					install
xdg-user-dirs-gtk				install
xdg-utils					install
xfonts-base					install
xfonts-encodings				install
xfonts-scalable					install
xfonts-utils					install
xinit						install
xinput						install
xkb-data					install
xorg						install
xorg-docs-core					install
xserver-common					install
xserver-xephyr					install
xserver-xorg-core-hwe-18.04			install
xserver-xorg-hwe-18.04				install
xserver-xorg-input-all-hwe-18.04		install
xserver-xorg-input-libinput-hwe-18.04		install
xserver-xorg-input-wacom-hwe-18.04		install
xserver-xorg-legacy-hwe-18.04			install
xserver-xorg-video-all-hwe-18.04		install
xserver-xorg-video-amdgpu-hwe-18.04		install
xserver-xorg-video-ati-hwe-18.04		install
xserver-xorg-video-fbdev-hwe-18.04		install
xserver-xorg-video-intel-hwe-18.04		install
xserver-xorg-video-nouveau-hwe-18.04		install
xserver-xorg-video-qxl-hwe-18.04		install
xserver-xorg-video-radeon-hwe-18.04		install
xserver-xorg-video-vesa-hwe-18.04		install
xserver-xorg-video-vmware-hwe-18.04		install
xul-ext-ubufox					install
xwayland					install
xxd						install
xz-utils					install
yelp						install
yelp-xsl					install
yum						install
zeitgeist-core					install
zenity						install
zenity-common					install
zip						install
zlib1g:amd64					install

root@ubuntu:/home/jiao# service --status-all
 [ + ]  acpid
 [ - ]  alsa-utils
 [ - ]  anacron
 [ + ]  apache-htcacheclean
 [ + ]  apache2
 [ + ]  apparmor
 [ + ]  apport
 [ + ]  avahi-daemon
 [ + ]  bluetooth
 [ - ]  console-setup.sh
 [ + ]  cron
 [ + ]  cups
 [ + ]  cups-browsed
 [ + ]  dbus
 [ - ]  dns-clean
 [ + ]  gdm3
 [ + ]  grub-common
 [ - ]  hwclock.sh
 [ - ]  irqbalance
 [ + ]  kerneloops
 [ - ]  keyboard-setup.sh
 [ + ]  kmod
 [ + ]  mysql
 [ + ]  network-manager
 [ + ]  networking
 [ + ]  open-vm-tools
 [ - ]  plymouth
 [ - ]  plymouth-log
 [ - ]  pppd-dns
 [ + ]  procps
 [ - ]  rsync
 [ + ]  rsyslog
 [ - ]  saned
 [ + ]  speech-dispatcher
 [ - ]  spice-vdagent
 [ + ]  udev
 [ + ]  ufw
 [ + ]  unattended-upgrades
 [ - ]  uuidd
 [ + ]  whoopsie
 [ - ]  x11-common

root@ubuntu:/home/jiao# lsmod
Module                  Size  Used by
rfcomm                 77824  4
crct10dif_pclmul       16384  1
crc32_pclmul           16384  0
ghash_clmulni_intel    16384  0
aesni_intel           372736  0
vmw_balloon            24576  0
aes_x86_64             20480  1 aesni_intel
crypto_simd            16384  1 aesni_intel
cryptd                 24576  3 crypto_simd,ghash_clmulni_intel,aesni_intel
glue_helper            16384  1 aesni_intel
intel_rapl_perf        16384  0
joydev                 28672  0
input_leds             16384  0
serio_raw              20480  0
bnep                   24576  2
snd_ens1371            28672  4
snd_ac97_codec        135168  1 snd_ens1371
gameport               20480  1 snd_ens1371
ac97_bus               16384  1 snd_ac97_codec
snd_pcm               102400  2 snd_ac97_codec,snd_ens1371
snd_seq_midi           20480  0
snd_seq_midi_event     16384  1 snd_seq_midi
btusb                  49152  0
snd_rawmidi            36864  2 snd_seq_midi,snd_ens1371
btrtl                  20480  1 btusb
btbcm                  16384  1 btusb
btintel                24576  1 btusb
snd_seq                69632  2 snd_seq_midi,snd_seq_midi_event
bluetooth             557056  31 btrtl,btintel,btbcm,bnep,btusb,rfcomm
snd_seq_device         16384  3 snd_seq,snd_seq_midi,snd_rawmidi
snd_timer              36864  2 snd_seq,snd_pcm
ecdh_generic           28672  1 bluetooth
snd                    86016  15 snd_seq,snd_seq_device,snd_timer,snd_ac97_codec,snd_pcm,snd_rawmidi,snd_ens1371
soundcore              16384  1 snd
mac_hid                16384  0
vmw_vsock_vmci_transport    32768  2
vsock                  36864  3 vmw_vsock_vmci_transport
vmw_vmci               69632  2 vmw_balloon,vmw_vsock_vmci_transport
sch_fq_codel           20480  2
vmwgfx                290816  14
ttm                   102400  1 vmwgfx
drm_kms_helper        180224  1 vmwgfx
drm                   479232  17 vmwgfx,drm_kms_helper,ttm
fb_sys_fops            16384  1 drm_kms_helper
syscopyarea            16384  1 drm_kms_helper
sysfillrect            16384  1 drm_kms_helper
sysimgblt              16384  1 drm_kms_helper
parport_pc             36864  0
ppdev                  24576  0
lp                     20480  0
parport                53248  3 parport_pc,lp,ppdev
ip_tables              32768  0
x_tables               40960  1 ip_tables
autofs4                45056  2
hid_generic            16384  0
usbhid                 53248  0
hid                   126976  2 usbhid,hid_generic
psmouse               151552  0
mptspi                 24576  1
mptscsih               36864  1 mptspi
mptbase                94208  2 mptspi,mptscsih
ahci                   40960  0
e1000                 139264  0
libahci                32768  1 ahci
scsi_transport_spi     32768  1 mptspi
i2c_piix4              28672  0
pata_acpi              16384  0

root@ubuntu:/home/jiao# ls -l /etc/cron*
-rw-r--r-- 1 root root  722 Nov 15  2017 /etc/crontab

/etc/cron.d:
total 12
-rw-r--r-- 1 root root 285 May 29  2017 anacron
-rw-r--r-- 1 root root 712 Jan 17  2018 php
-rw-r--r-- 1 root root 190 Aug 26  2019 popularity-contest

/etc/cron.daily:
total 56
-rwxr-xr-x 1 root root  311 May 29  2017 0anacron
-rwxr-xr-x 1 root root  539 Jul 16  2019 apache2
-rwxr-xr-x 1 root root  376 Nov 20  2017 apport
-rwxr-xr-x 1 root root 1478 Apr 20  2018 apt-compat
-rwxr-xr-x 1 root root  355 Dec 29  2017 bsdmainutils
-rwxr-xr-x 1 root root  384 Dec 12  2012 cracklib-runtime
-rwxr-xr-x 1 root root 1176 Nov  2  2017 dpkg
-rwxr-xr-x 1 root root  372 Aug 21  2017 logrotate
-rwxr-xr-x 1 root root 1065 Apr  7  2018 man-db
-rwxr-xr-x 1 root root  538 Mar  1  2018 mlocate
-rwxr-xr-x 1 root root  249 Jan 25  2018 passwd
-rwxr-xr-x 1 root root 3477 Feb 20  2018 popularity-contest
-rwxr-xr-x 1 root root  246 Mar 21  2018 ubuntu-advantage-tools
-rwxr-xr-x 1 root root  214 Nov 12  2018 update-notifier-common

/etc/cron.hourly:
total 0

/etc/cron.monthly:
total 4
-rwxr-xr-x 1 root root 313 May 29  2017 0anacron

/etc/cron.weekly:
total 12
-rwxr-xr-x 1 root root 312 May 29  2017 0anacron
-rwxr-xr-x 1 root root 723 Apr  7  2018 man-db
-rwxr-xr-x 1 root root 211 Nov 12  2018 update-notifier-common

root@ubuntu:/home/jiao# cat /etc/passwd
root:x:0:0:root:/root:/bin/bash
daemon:x:1:1:daemon:/usr/sbin:/usr/sbin/nologin
bin:x:2:2:bin:/bin:/usr/sbin/nologin
sys:x:3:3:sys:/dev:/usr/sbin/nologin
sync:x:4:65534:sync:/bin:/bin/sync
games:x:5:60:games:/usr/games:/usr/sbin/nologin
man:x:6:12:man:/var/cache/man:/usr/sbin/nologin
lp:x:7:7:lp:/var/spool/lpd:/usr/sbin/nologin
mail:x:8:8:mail:/var/mail:/usr/sbin/nologin
news:x:9:9:news:/var/spool/news:/usr/sbin/nologin
uucp:x:10:10:uucp:/var/spool/uucp:/usr/sbin/nologin
proxy:x:13:13:proxy:/bin:/usr/sbin/nologin
www-data:x:33:33:www-data:/var/www:/usr/sbin/nologin
backup:x:34:34:backup:/var/backups:/usr/sbin/nologin
list:x:38:38:Mailing List Manager:/var/list:/usr/sbin/nologin
irc:x:39:39:ircd:/var/run/ircd:/usr/sbin/nologin
gnats:x:41:41:Gnats Bug-Reporting System (admin):/var/lib/gnats:/usr/sbin/nologin
nobody:x:65534:65534:nobody:/nonexistent:/usr/sbin/nologin
systemd-network:x:100:102:systemd Network Management,,,:/run/systemd/netif:/usr/sbin/nologin
systemd-resolve:x:101:103:systemd Resolver,,,:/run/systemd/resolve:/usr/sbin/nologin
syslog:x:102:106::/home/syslog:/usr/sbin/nologin
messagebus:x:103:107::/nonexistent:/usr/sbin/nologin
_apt:x:104:65534::/nonexistent:/usr/sbin/nologin
uuidd:x:105:111::/run/uuidd:/usr/sbin/nologin
avahi-autoipd:x:106:112:Avahi autoip daemon,,,:/var/lib/avahi-autoipd:/usr/sbin/nologin
usbmux:x:107:46:usbmux daemon,,,:/var/lib/usbmux:/usr/sbin/nologin
dnsmasq:x:108:65534:dnsmasq,,,:/var/lib/misc:/usr/sbin/nologin
rtkit:x:109:114:RealtimeKit,,,:/proc:/usr/sbin/nologin
cups-pk-helper:x:110:116:user for cups-pk-helper service,,,:/home/cups-pk-helper:/usr/sbin/nologin
speech-dispatcher:x:111:29:Speech Dispatcher,,,:/var/run/speech-dispatcher:/bin/false
whoopsie:x:112:117::/nonexistent:/bin/false
kernoops:x:113:65534:Kernel Oops Tracking Daemon,,,:/:/usr/sbin/nologin
saned:x:114:119::/var/lib/saned:/usr/sbin/nologin
pulse:x:115:120:PulseAudio daemon,,,:/var/run/pulse:/usr/sbin/nologin
avahi:x:116:122:Avahi mDNS daemon,,,:/var/run/avahi-daemon:/usr/sbin/nologin
colord:x:117:123:colord colour management daemon,,,:/var/lib/colord:/usr/sbin/nologin
hplip:x:118:7:HPLIP system user,,,:/var/run/hplip:/bin/false
geoclue:x:119:124::/var/lib/geoclue:/usr/sbin/nologin
gnome-initial-setup:x:120:65534::/run/gnome-initial-setup/:/bin/false
gdm:x:121:125:Gnome Display Manager:/var/lib/gdm3:/bin/false
jiao:x:1000:1000:ubuntu,,,:/home/jiao:/bin/bash
mysql:x:122:127:MySQL Server,,,:/nonexistent:/bin/false

root@ubuntu:/home/jiao# cat /etc/shadow
root:$6$7L/JKp5a$5FRoCPUKx.07wQXeGHLa15ON7uNFLSOJi7GZ3vw7P6fI1lvpRahV6Gzi8Nw1BH8ISlYv.KEaUPmvuzb4W79QF.:18134:0:99999:7:::
daemon:*:18113:0:99999:7:::
bin:*:18113:0:99999:7:::
sys:*:18113:0:99999:7:::
sync:*:18113:0:99999:7:::
games:*:18113:0:99999:7:::
man:*:18113:0:99999:7:::
lp:*:18113:0:99999:7:::
mail:*:18113:0:99999:7:::
news:*:18113:0:99999:7:::
uucp:*:18113:0:99999:7:::
proxy:*:18113:0:99999:7:::
www-data:*:18113:0:99999:7:::
backup:*:18113:0:99999:7:::
list:*:18113:0:99999:7:::
irc:*:18113:0:99999:7:::
gnats:*:18113:0:99999:7:::
nobody:*:18113:0:99999:7:::
systemd-network:*:18113:0:99999:7:::
systemd-resolve:*:18113:0:99999:7:::
syslog:*:18113:0:99999:7:::
messagebus:*:18113:0:99999:7:::
_apt:*:18113:0:99999:7:::
uuidd:*:18113:0:99999:7:::
avahi-autoipd:*:18113:0:99999:7:::
usbmux:*:18113:0:99999:7:::
dnsmasq:*:18113:0:99999:7:::
rtkit:*:18113:0:99999:7:::
cups-pk-helper:*:18113:0:99999:7:::
speech-dispatcher:!:18113:0:99999:7:::
whoopsie:*:18113:0:99999:7:::
kernoops:*:18113:0:99999:7:::
saned:*:18113:0:99999:7:::
pulse:*:18113:0:99999:7:::
avahi:*:18113:0:99999:7:::
colord:*:18113:0:99999:7:::
hplip:*:18113:0:99999:7:::
geoclue:*:18113:0:99999:7:::
gnome-initial-setup:*:18113:0:99999:7:::
gdm:*:18113:0:99999:7:::
jiao:$1$jGxLZdpr$hTpoHaE1IRaXWyHUxBMjJ1:18134:0:99999:7:::
mysql:!:18134:0:99999:7:::

root@ubuntu:/home/jiao# ifconfig -a
ens33: flags=4163<UP,BROADCAST,RUNNING,MULTICAST>  mtu 1500
        inet 192.168.43.131  netmask 255.255.255.0  broadcast 192.168.43.255
        inet6 fe80::9f51:bebd:1c13:c39e  prefixlen 64  scopeid 0x20<link>
        ether 00:0c:29:a5:f9:74  txqueuelen 1000  (Ethernet)
        RX packets 1524  bytes 576744 (576.7 KB)
        RX errors 0  dropped 0  overruns 0  frame 0
        TX packets 546  bytes 62640 (62.6 KB)
        TX errors 0  dropped 0 overruns 0  carrier 0  collisions 0

lo: flags=73<UP,LOOPBACK,RUNNING>  mtu 65536
        inet 127.0.0.1  netmask 255.0.0.0
        inet6 ::1  prefixlen 128  scopeid 0x10<host>
        loop  txqueuelen 1000  (Local Loopback)
        RX packets 393  bytes 30871 (30.8 KB)
        RX errors 0  dropped 0  overruns 0  frame 0
        TX packets 393  bytes 30871 (30.8 KB)
        TX errors 0  dropped 0 overruns 0  carrier 0  collisions 0

root@ubuntu:/home/jiao# netstat -rn
Kernel IP routing table
Destination     Gateway         Genmask         Flags   MSS Window  irtt Iface
0.0.0.0         192.168.43.2    0.0.0.0         UG        0 0          0 ens33
169.254.0.0     0.0.0.0         255.255.0.0     U         0 0          0 ens33
192.168.43.0    0.0.0.0         255.255.255.0   U         0 0          0 ens33

root@ubuntu:/home/jiao# arp -a
? (192.168.43.254) at 00:50:56:e3:29:a2 [ether] on ens33
? (192.168.43.2) at 00:50:56:f1:1c:78 [ether] on ens33

root@ubuntu:/home/jiao# netstat -anp
Active Internet connections (servers and established)
Proto Recv-Q Send-Q Local Address           Foreign Address         State       PID/Program name    
tcp        0      0 127.0.0.1:3306          0.0.0.0:*               LISTEN      790/mysqld          
tcp        0      0 127.0.0.53:53           0.0.0.0:*               LISTEN      541/systemd-resolve 
tcp        0      0 127.0.0.1:631           0.0.0.0:*               LISTEN      614/cupsd           
tcp6       0      0 :::80                   :::*                    LISTEN      776/apache2         
tcp6       0      0 ::1:631                 :::*                    LISTEN      614/cupsd           
udp        0      0 0.0.0.0:44141           0.0.0.0:*                           597/avahi-daemon: r 
udp        0      0 0.0.0.0:5353            0.0.0.0:*                           597/avahi-daemon: r 
udp        0      0 127.0.0.53:53           0.0.0.0:*                           541/systemd-resolve 
udp        0      0 0.0.0.0:68              0.0.0.0:*                           2278/dhclient       
udp        0      0 0.0.0.0:631             0.0.0.0:*                           700/cups-browsed    
udp6       0      0 :::5353                 :::*                                597/avahi-daemon: r 
udp6       0      0 :::34107                :::*                                597/avahi-daemon: r 
raw6       0      0 :::58                   :::*                    7           659/NetworkManager  
Active UNIX domain sockets (servers and established)
Proto RefCnt Flags       Type       State         I-Node   PID/Program name     Path
unix  2      [ ACC ]     STREAM     LISTENING     23697    1/init               /run/systemd/fsck.progress
unix  2      [ ]         DGRAM                    53757    1964/systemd         /run/user/0/systemd/notify
unix  2      [ ]         DGRAM                    46730    1352/systemd         /run/user/1000/systemd/notify
unix  2      [ ]         DGRAM                    40934    839/systemd          /run/user/121/systemd/notify
unix  2      [ ACC ]     SEQPACKET  LISTENING     23859    1/init               /run/udev/control
unix  2      [ ACC ]     STREAM     LISTENING     53760    1964/systemd         /run/user/0/systemd/private
unix  2      [ ACC ]     STREAM     LISTENING     46733    1352/systemd         /run/user/1000/systemd/private
unix  2      [ ACC ]     STREAM     LISTENING     40937    839/systemd          /run/user/121/systemd/private
unix  2      [ ACC ]     STREAM     LISTENING     53764    1964/systemd         /run/user/0/gnupg/S.gpg-agent.ssh
unix  2      [ ACC ]     STREAM     LISTENING     46737    1352/systemd         /run/user/1000/gnupg/S.gpg-agent.ssh
unix  2      [ ACC ]     STREAM     LISTENING     40944    839/systemd          /run/user/121/gnupg/S.gpg-agent.browser
unix  2      [ ACC ]     STREAM     LISTENING     53766    1964/systemd         /run/user/0/gnupg/S.gpg-agent
unix  2      [ ACC ]     STREAM     LISTENING     46738    1352/systemd         /run/user/1000/gnupg/S.gpg-agent.extra
unix  2      [ ACC ]     STREAM     LISTENING     40945    839/systemd          /run/user/121/gnupg/S.gpg-agent.extra
unix  2      [ ACC ]     STREAM     LISTENING     53767    1964/systemd         /run/user/0/gnupg/S.gpg-agent.browser
unix  2      [ ACC ]     STREAM     LISTENING     46739    1352/systemd         /run/user/1000/bus
unix  2      [ ACC ]     STREAM     LISTENING     40946    839/systemd          /run/user/121/gnupg/S.gpg-agent.ssh
unix  2      [ ACC ]     STREAM     LISTENING     53768    1964/systemd         /run/user/0/gnupg/S.dirmngr
unix  2      [ ACC ]     STREAM     LISTENING     46741    1352/systemd         /run/user/1000/gnupg/S.dirmngr
unix  2      [ ACC ]     STREAM     LISTENING     40947    839/systemd          /run/user/121/gnupg/S.gpg-agent
unix  2      [ ACC ]     STREAM     LISTENING     53769    1964/systemd         /run/user/0/gnupg/S.gpg-agent.extra
unix  2      [ ACC ]     STREAM     LISTENING     46742    1352/systemd         /run/user/1000/gnupg/S.gpg-agent.browser
unix  2      [ ACC ]     STREAM     LISTENING     53770    1964/systemd         /run/user/0/bus
unix  2      [ ACC ]     STREAM     LISTENING     46796    755/gdm3             @/tmp/dbus-L6mY6Ci8
unix  2      [ ACC ]     STREAM     LISTENING     46743    1352/systemd         /run/user/1000/gnupg/S.gpg-agent
unix  2      [ ACC ]     STREAM     LISTENING     40948    839/systemd          /run/user/121/pulse/native
unix  2      [ ACC ]     STREAM     LISTENING     40949    839/systemd          /run/user/121/bus
unix  2      [ ACC ]     STREAM     LISTENING     46789    1366/gnome-keyring-  /run/user/1000/keyring/control
unix  2      [ ACC ]     STREAM     LISTENING     40986    839/systemd          /run/user/121/gnupg/S.dirmngr
unix  2      [ ACC ]     STREAM     LISTENING     40024    755/gdm3             @/tmp/dbus-se2as9lJ
unix  2      [ ACC ]     STREAM     LISTENING     42744    905/gnome-shell      /run/user/121/wayland-0
unix  2      [ ACC ]     STREAM     LISTENING     47387    1366/gnome-keyring-  /run/user/1000/keyring/ssh
unix  2      [ ACC ]     STREAM     LISTENING     47393    1366/gnome-keyring-  /run/user/1000/keyring/pkcs11
unix  2      [ ACC ]     STREAM     LISTENING     47292    1383/gnome-session-  @/tmp/.ICE-unix/1383
unix  2      [ ACC ]     STREAM     LISTENING     47233    1500/dbus-daemon     @/tmp/dbus-k9q2PldMIO
unix  2      [ ACC ]     STREAM     LISTENING     47551    1529/pulseaudio      /run/user/1000/pulse/native
unix  2      [ ACC ]     STREAM     LISTENING     46843    1372/Xorg            @/tmp/.X11-unix/X0
unix  2      [ ACC ]     STREAM     LISTENING     41480    790/mysqld           /var/run/mysqld/mysqld.sock
unix  2      [ ACC ]     STREAM     LISTENING     40025    755/gdm3             @/tmp/dbus-aktXKPwy
unix  2      [ ACC ]     STREAM     LISTENING     34816    542/VGAuthService    /var/run/vmware/guestServicePipe
unix  2      [ ACC ]     STREAM     LISTENING     46844    1372/Xorg            /tmp/.X11-unix/X0
unix  2      [ ACC ]     STREAM     LISTENING     41263    890/gnome-session-b  /tmp/.ICE-unix/890
unix  2      [ ACC ]     STREAM     LISTENING     35223    1/init               /run/uuidd/request
unix  2      [ ACC ]     STREAM     LISTENING     42564    1004/Xwayland        /tmp/.X11-unix/X1024
unix  2      [ ACC ]     STREAM     LISTENING     35227    1/init               /run/avahi-daemon/socket
unix  2      [ ACC ]     STREAM     LISTENING     47293    1383/gnome-session-  /tmp/.ICE-unix/1383
unix  2      [ ACC ]     STREAM     LISTENING     35292    1/init               /run/cups/cups.sock
unix  2      [ ACC ]     STREAM     LISTENING     35296    1/init               /var/run/dbus/system_bus_socket
unix  2      [ ACC ]     STREAM     LISTENING     35303    1/init               /run/acpid.socket
unix  2      [ ACC ]     STREAM     LISTENING     35305    1/init               /run/snapd.socket
unix  2      [ ACC ]     STREAM     LISTENING     35307    1/init               /run/snapd-snap.socket
unix  2      [ ACC ]     STREAM     LISTENING     47066    1478/ssh-agent       /tmp/ssh-UFDoslciP5OG/agent.1383
unix  2      [ ACC ]     STREAM     LISTENING     41262    890/gnome-session-b  @/tmp/.ICE-unix/890
unix  2      [ ACC ]     STREAM     LISTENING     47608    1542/ibus-daemon     @/tmp/dbus-DI89VKAu
unix  2      [ ACC ]     STREAM     LISTENING     46797    755/gdm3             @/tmp/dbus-1aakrPHT
unix  2      [ ACC ]     STREAM     LISTENING     44740    1213/ibus-daemon     @/tmp/dbus-LCu16Yct
unix  2      [ ACC ]     STREAM     LISTENING     42563    1004/Xwayland        @/tmp/.X11-unix/X1024
unix  2      [ ACC ]     STREAM     LISTENING     42855    1040/dbus-daemon     @/tmp/dbus-kcce6d8hTc
unix  3      [ ]         DGRAM                    23525    1/init               /run/systemd/notify
unix  2      [ ACC ]     STREAM     LISTENING     40152    659/NetworkManager   /run/NetworkManager/private-dhcp
unix  2      [ ACC ]     STREAM     LISTENING     40026    755/gdm3             @/tmp/dbus-CE2UPDXS
unix  2      [ ACC ]     STREAM     LISTENING     23528    1/init               /run/systemd/private
unix  24     [ ]         DGRAM                    23539    1/init               /run/systemd/journal/dev-log
unix  2      [ ]         DGRAM                    23541    1/init               /run/systemd/journal/syslog
unix  2      [ ACC ]     STREAM     LISTENING     23543    1/init               /run/systemd/journal/stdout
unix  2      [ ACC ]     STREAM     LISTENING     40027    755/gdm3             @/tmp/dbus-2QSlBEcH
unix  10     [ ]         DGRAM                    23545    1/init               /run/systemd/journal/socket
unix  3      [ ]         STREAM     CONNECTED     47718    1500/dbus-daemon     @/tmp/dbus-k9q2PldMIO
unix  3      [ ]         STREAM     CONNECTED     47548    1529/pulseaudio      
unix  3      [ ]         STREAM     CONNECTED     47283    1500/dbus-daemon     @/tmp/dbus-k9q2PldMIO
unix  3      [ ]         STREAM     CONNECTED     45891    1054/pulseaudio      /run/user/121/pulse/native
unix  3      [ ]         STREAM     CONNECTED     49770    1829/gnome-software  
unix  3      [ ]         STREAM     CONNECTED     44839    905/gnome-shell      
unix  3      [ ]         STREAM     CONNECTED     37762    643/dbus-daemon      /var/run/dbus/system_bus_socket
unix  3      [ ]         STREAM     CONNECTED     46857    643/dbus-daemon      /var/run/dbus/system_bus_socket
unix  3      [ ]         DGRAM                    34921    543/systemd-timesyn  
unix  3      [ ]         STREAM     CONNECTED     47713    1379/dbus-daemon     /run/user/1000/bus
unix  3      [ ]         STREAM     CONNECTED     47462    1379/dbus-daemon     /run/user/1000/bus
unix  3      [ ]         STREAM     CONNECTED     47289    1383/gnome-session-  
unix  2      [ ]         DGRAM                    45926    890/gnome-session-b  
unix  3      [ ]         STREAM     CONNECTED     53931    1/init               /run/systemd/journal/stdout
unix  3      [ ]         STREAM     CONNECTED     49768    1827/update-notifie  
unix  3      [ ]         STREAM     CONNECTED     46474    755/gdm3             @/tmp/dbus-se2as9lJ
unix  3      [ ]         STREAM     CONNECTED     44780    1213/ibus-daemon     @/tmp/dbus-LCu16Yct
unix  3      [ ]         STREAM     CONNECTED     46790    1366/gnome-keyring-  
unix  3      [ ]         STREAM     CONNECTED     47712    1558/xdg-permission  
unix  3      [ ]         STREAM     CONNECTED     47656    1548/ibus-x11        
unix  3      [ ]         STREAM     CONNECTED     47282    1503/at-spi2-regist  
unix  3      [ ]         STREAM     CONNECTED     45890    1258/gsd-media-keys  
unix  3      [ ]         STREAM     CONNECTED     54166    1991/deja-dup-monit  
unix  3      [ ]         STREAM     CONNECTED     45306    643/dbus-daemon      /var/run/dbus/system_bus_socket
unix  2      [ ]         DGRAM                    44062    933/upowerd          
unix  3      [ ]         STREAM     CONNECTED     30915    454/systemd-udevd    
unix  3      [ ]         DGRAM                    34918    543/systemd-timesyn  
unix  3      [ ]         STREAM     CONNECTED     47765    1565/gnome-shell-ca  
unix  3      [ ]         STREAM     CONNECTED     47470    1372/Xorg            @/tmp/.X11-unix/X0
unix  3      [ ]         STREAM     CONNECTED     47207    1495/at-spi-bus-lau  
unix  3      [ ]         STREAM     CONNECTED     46687    1352/systemd         
unix  3      [ ]         STREAM     CONNECTED     45351    1/init               /run/systemd/journal/stdout
unix  3      [ ]         STREAM     CONNECTED     44781    1222/ibus-portal     
unix  3      [ ]         STREAM     CONNECTED     35996    618/ModemManager     
unix  3      [ ]         STREAM     CONNECTED     46820    1/init               /run/systemd/journal/stdout
unix  2      [ ]         DGRAM                    36085    608/udisksd          
unix  3      [ ]         STREAM     CONNECTED     47722    1542/ibus-daemon     @/tmp/dbus-DI89VKAu
unix  3      [ ]         STREAM     CONNECTED     47705    1558/xdg-permission  
unix  3      [ ]         STREAM     CONNECTED     47649    1379/dbus-daemon     /run/user/1000/bus
unix  2      [ ]         DGRAM                    47529    1529/pulseaudio      
unix  3      [ ]         STREAM     CONNECTED     49774    1829/gnome-software  
unix  3      [ ]         STREAM     CONNECTED     45327    1247/gsd-a11y-setti  
unix  3      [ ]         STREAM     CONNECTED     35679    1/init               /run/systemd/journal/stdout
unix  3      [ ]         STREAM     CONNECTED     46941    1379/dbus-daemon     
unix  2      [ ]         DGRAM                    34885    543/systemd-timesyn  
unix  3      [ ]         STREAM     CONNECTED     47812    1569/evolution-sour  
unix  3      [ ]         STREAM     CONNECTED     47469    1518/gnome-shell     
unix  3      [ ]         STREAM     CONNECTED     47152    1486/gvfsd-fuse      
unix  3      [ ]         STREAM     CONNECTED     46231    905/gnome-shell      
unix  3      [ ]         DGRAM                    53758    1964/systemd         
unix  3      [ ]         STREAM     CONNECTED     49769    1379/dbus-daemon     /run/user/1000/bus
unix  2      [ ]         DGRAM                    46694    1353/(sd-pam)        
unix  3      [ ]         STREAM     CONNECTED     35678    597/avahi-daemon: r  
unix  3      [ ]         STREAM     CONNECTED     46791    643/dbus-daemon      /var/run/dbus/system_bus_socket
unix  3      [ ]         DGRAM                    34544    1/init               
unix  3      [ ]         STREAM     CONNECTED     48264    1379/dbus-daemon     /run/user/1000/bus
unix  3      [ ]         STREAM     CONNECTED     47553    1518/gnome-shell     
unix  3      [ ]         STREAM     CONNECTED     46688    1/init               /run/systemd/journal/stdout
unix  3      [ ]         STREAM     CONNECTED     52780    1908/gnome-terminal  
unix  3      [ ]         STREAM     CONNECTED     47067    1383/gnome-session-  
unix  3      [ ]         STREAM     CONNECTED     45302    1244/gsd-xsettings   
unix  2      [ ]         DGRAM                    33875    1/init               
unix  2      [ ]         DGRAM                    46934    1379/dbus-daemon     
unix  3      [ ]         DGRAM                    34545    1/init               
unix  3      [ ]         STREAM     CONNECTED     47821    1576/goa-daemon      
unix  3      [ ]         STREAM     CONNECTED     47549    643/dbus-daemon      /var/run/dbus/system_bus_socket
unix  3      [ ]         STREAM     CONNECTED     47202    1495/at-spi-bus-lau  
unix  2      [ ]         DGRAM                    46108    1331/colord          
unix  3      [ ]         STREAM     CONNECTED     52753    1908/gnome-terminal  
unix  3      [ ]         STREAM     CONNECTED     44834    882/dbus-daemon      /run/user/121/bus
unix  3      [ ]         STREAM     CONNECTED     44785    1213/ibus-daemon     @/tmp/dbus-LCu16Yct
unix  3      [ ]         STREAM     CONNECTED     35919    1/init               /run/systemd/journal/stdout
unix  3      [ ]         STREAM     CONNECTED     47720    1379/dbus-daemon     /run/user/1000/bus
unix  3      [ ]         STREAM     CONNECTED     47284    1503/at-spi2-regist  
unix  3      [ ]         STREAM     CONNECTED     46469    1/init               /run/systemd/journal/stdout
unix  3      [ ]         STREAM     CONNECTED     49771    1379/dbus-daemon     /run/user/1000/bus
unix  3      [ ]         STREAM     CONNECTED     46471    643/dbus-daemon      /var/run/dbus/system_bus_socket
unix  3      [ ]         STREAM     CONNECTED     35998    1/init               /run/systemd/journal/stdout
unix  3      [ ]         STREAM     CONNECTED     47109    1/init               /run/systemd/journal/stdout
unix  3      [ ]         STREAM     CONNECTED     47813    1/init               /run/systemd/journal/stdout
unix  3      [ ]         STREAM     CONNECTED     47461    1518/gnome-shell     
unix  3      [ ]         STREAM     CONNECTED     46106    1/init               /run/systemd/journal/stdout
unix  3      [ ]         STREAM     CONNECTED     46470    1348/gdm-session-wo  
unix  3      [ ]         STREAM     CONNECTED     35391    586/vmtoolsd         
unix  3      [ ]         STREAM     CONNECTED     36739    660/wpa_supplicant   
unix  3      [ ]         STREAM     CONNECTED     47706    1/init               /run/systemd/journal/stdout
unix  3      [ ]         STREAM     CONNECTED     47473    1518/gnome-shell     
unix  3      [ ]         STREAM     CONNECTED     46104    1331/colord          
unix  3      [ ]         STREAM     CONNECTED     52781    1542/ibus-daemon     @/tmp/dbus-DI89VKAu
unix  3      [ ]         STREAM     CONNECTED     49775    1372/Xorg            @/tmp/.X11-unix/X0
unix  3      [ ]         STREAM     CONNECTED     45263    1/init               /run/systemd/journal/stdout
unix  3      [ ]         STREAM     CONNECTED     37751    698/polkitd          
unix  3      [ ]         STREAM     CONNECTED     46925    1/init               /run/systemd/journal/stdout
unix  3      [ ]         STREAM     CONNECTED     34605    1/init               /run/systemd/journal/stdout
unix  3      [ ]         STREAM     CONNECTED     47815    1569/evolution-sour  
unix  3      [ ]         STREAM     CONNECTED     47463    1518/gnome-shell     
unix  3      [ ]         STREAM     CONNECTED     47204    1/init               /run/systemd/journal/stdout
unix  3      [ ]         STREAM     CONNECTED     46118    1331/colord          
unix  2      [ ]         DGRAM                    53464    1963/su              
unix  3      [ ]         STREAM     CONNECTED     46473    1348/gdm-session-wo  
unix  3      [ ]         STREAM     CONNECTED     44772    1222/ibus-portal     
unix  2      [ ]         DGRAM                    36001    603/rsyslogd         
unix  3      [ ]         STREAM     CONNECTED     49758    1829/gnome-software  
unix  3      [ ]         STREAM     CONNECTED     46856    1372/Xorg            
unix  3      [ ]         STREAM     CONNECTED     47717    1548/ibus-x11        
unix  3      [ ]         STREAM     CONNECTED     47651    1550/ibus-portal     
unix  3      [ ]         STREAM     CONNECTED     47558    1529/pulseaudio      /run/user/1000/pulse/native
unix  3      [ ]         STREAM     CONNECTED     45898    643/dbus-daemon      /var/run/dbus/system_bus_socket
unix  3      [ ]         STREAM     CONNECTED     45303    1/init               /run/systemd/journal/stdout
unix  3      [ ]         STREAM     CONNECTED     44756    882/dbus-daemon      /run/user/121/bus
unix  3      [ ]         STREAM     CONNECTED     37748    700/cups-browsed     
unix  3      [ ]         STREAM     CONNECTED     46891    643/dbus-daemon      /var/run/dbus/system_bus_socket
unix  3      [ ]         STREAM     CONNECTED     34551    541/systemd-resolve  
unix  3      [ ]         STREAM     CONNECTED     47721    1548/ibus-x11        
unix  3      [ ]         STREAM     CONNECTED     47290    643/dbus-daemon      /var/run/dbus/system_bus_socket
unix  2      [ ]         DGRAM                    46201    1252/gsd-color       
unix  3      [ ]         STREAM     CONNECTED     45328    1/init               /run/systemd/journal/stdout
unix  3      [ ]         STREAM     CONNECTED     44779    1222/ibus-portal     
unix  3      [ ]         STREAM     CONNECTED     35849    1/init               /run/systemd/journal/stdout
unix  3      [ ]         STREAM     CONNECTED     46819    1370/gdm-x-session   
unix  3      [ ]         STREAM     CONNECTED     34604    542/VGAuthService    
unix  3      [ ]         STREAM     CONNECTED     47841    1379/dbus-daemon     /run/user/1000/bus
unix  3      [ ]         STREAM     CONNECTED     47606    1379/dbus-daemon     /run/user/1000/bus
unix  3      [ ]         STREAM     CONNECTED     47286    1503/at-spi2-regist  
unix  3      [ ]         STREAM     CONNECTED     45892    1257/gsd-keyboard    
unix  3      [ ]         STREAM     CONNECTED     52761    1908/gnome-terminal  
unix  3      [ ]         STREAM     CONNECTED     49778    1829/gnome-software  
unix  3      [ ]         STREAM     CONNECTED     45300    1/init               /run/systemd/journal/stdout
unix  2      [ ]         DGRAM                    35754    597/avahi-daemon: r  
unix  3      [ ]         STREAM     CONNECTED     34664    543/systemd-timesyn  
unix  3      [ ]         STREAM     CONNECTED     48305    1/init               /run/systemd/journal/stdout
unix  3      [ ]         STREAM     CONNECTED     47660    1542/ibus-daemon     @/tmp/dbus-DI89VKAu
unix  3      [ ]         STREAM     CONNECTED     47648    1550/ibus-portal     
unix  3      [ ]         STREAM     CONNECTED     47605    1542/ibus-daemon     
unix  3      [ ]         STREAM     CONNECTED     45114    1239/boltd           
unix  3      [ ]         STREAM     CONNECTED     44789    1217/ibus-dconf      
unix  3      [ ]         STREAM     CONNECTED     37487    661/systemd-logind   
unix  3      [ ]         STREAM     CONNECTED     49759    1/init               /run/systemd/journal/stdout
unix  3      [ ]         STREAM     CONNECTED     46821    1370/gdm-x-session   
unix  3      [ ]         STREAM     CONNECTED     47771    1565/gnome-shell-ca  
unix  3      [ ]         STREAM     CONNECTED     47661    1546/ibus-dconf      
unix  3      [ ]         STREAM     CONNECTED     47464    643/dbus-daemon      /var/run/dbus/system_bus_socket
unix  3      [ ]         STREAM     CONNECTED     47133    1/init               /run/systemd/journal/stdout
unix  2      [ ]         DGRAM                    53720    1965/(sd-pam)        
unix  3      [ ]         STREAM     CONNECTED     45279    890/gnome-session-b  @/tmp/.ICE-unix/890
unix  3      [ ]         STREAM     CONNECTED     44784    1217/ibus-dconf      
unix  3      [ ]         STREAM     CONNECTED     35843    597/avahi-daemon: r  
unix  3      [ ]         DGRAM                    34919    543/systemd-timesyn  
unix  3      [ ]         STREAM     CONNECTED     48304    1615/gvfs-mtp-volum  
unix  3      [ ]         STREAM     CONNECTED     47450    1/init               /run/systemd/journal/stdout
unix  3      [ ]         STREAM     CONNECTED     47240    1500/dbus-daemon     
unix  3      [ ]         STREAM     CONNECTED     46466    1348/gdm-session-wo  
unix  3      [ ]         STREAM     CONNECTED     52762    1500/dbus-daemon     @/tmp/dbus-k9q2PldMIO
unix  3      [ ]         STREAM     CONNECTED     45329    1247/gsd-a11y-setti  
unix  3      [ ]         STREAM     CONNECTED     44778    1/init               /run/systemd/journal/stdout
unix  2      [ ]         DGRAM                    31862    454/systemd-udevd    
unix  3      [ ]         STREAM     CONNECTED     46822    1/init               /run/systemd/journal/stdout
unix  3      [ ]         STREAM     CONNECTED     47764    1565/gnome-shell-ca  
unix  3      [ ]         STREAM     CONNECTED     47449    1518/gnome-shell     
unix  3      [ ]         STREAM     CONNECTED     47287    1379/dbus-daemon     /run/user/1000/bus
unix  3      [ ]         STREAM     CONNECTED     45893    882/dbus-daemon      /run/user/121/bus
unix  3      [ ]         STREAM     CONNECTED     53930    1991/deja-dup-monit  
unix  2      [ ]         DGRAM                    46706    1352/systemd         
unix  3      [ ]         STREAM     CONNECTED     35918    614/cupsd            
unix  3      [ ]         STREAM     CONNECTED     34665    1/init               /run/systemd/journal/stdout
unix  3      [ ]         STREAM     CONNECTED     48261    1/init               /run/systemd/journal/stdout
unix  3      [ ]         STREAM     CONNECTED     47391    1379/dbus-daemon     /run/user/1000/bus
unix  3      [ ]         STREAM     CONNECTED     47285    1372/Xorg            @/tmp/.X11-unix/X0
unix  3      [ ]         STREAM     CONNECTED     46467    1348/gdm-session-wo  
unix  3      [ ]         STREAM     CONNECTED     53722    1/init               /run/systemd/journal/stdout
unix  3      [ ]         STREAM     CONNECTED     44840    1054/pulseaudio      /run/user/121/pulse/native
unix  3      [ ]         STREAM     CONNECTED     43660    882/dbus-daemon      /run/user/121/bus
unix  3      [ ]         STREAM     CONNECTED     35767    597/avahi-daemon: r  
unix  3      [ ]         STREAM     CONNECTED     48263    1611/gvfs-gphoto2-v  
unix  3      [ ]         STREAM     CONNECTED     47110    1481/gvfsd           
unix  3      [ ]         STREAM     CONNECTED     46232    755/gdm3             @/tmp/dbus-aktXKPwy
unix  3      [ ]         DGRAM                    53759    1964/systemd         
unix  3      [ ]         STREAM     CONNECTED     45262    1243/packagekitd     
unix  3      [ ]         STREAM     CONNECTED     43655    643/dbus-daemon      /var/run/dbus/system_bus_socket
unix  3      [ ]         STREAM     CONNECTED     33908    1/init               /run/systemd/journal/stdout
unix  3      [ ]         DGRAM                    34171    454/systemd-udevd    
unix  3      [ ]         STREAM     CONNECTED     47824    1/init               /run/systemd/journal/stdout
unix  3      [ ]         STREAM     CONNECTED     47641    1550/ibus-portal     
unix  3      [ ]         STREAM     CONNECTED     47208    1379/dbus-daemon     /run/user/1000/bus
unix  3      [ ]         STREAM     CONNECTED     46119    643/dbus-daemon      /var/run/dbus/system_bus_socket
unix  3      [ ]         STREAM     CONNECTED     52754    1/init               /run/systemd/journal/stdout
unix  2      [ ]         DGRAM                    45121    1239/boltd           
unix  3      [ ]         STREAM     CONNECTED     43659    1054/pulseaudio      
unix  3      [ ]         STREAM     CONNECTED     37752    643/dbus-daemon      /var/run/dbus/system_bus_socket
unix  3      [ ]         STREAM     CONNECTED     46884    1370/gdm-x-session   
unix  2      [ ]         DGRAM                    24166    404/systemd-journal  
unix  3      [ ]         STREAM     CONNECTED     47767    1/init               /run/systemd/journal/stdout
unix  3      [ ]         STREAM     CONNECTED     47474    1500/dbus-daemon     @/tmp/dbus-k9q2PldMIO
unix  3      [ ]         STREAM     CONNECTED     47116    1383/gnome-session-  
unix  3      [ ]         STREAM     CONNECTED     45901    643/dbus-daemon      /var/run/dbus/system_bus_socket
unix  3      [ ]         STREAM     CONNECTED     54189    1991/deja-dup-monit  
unix  2      [ ]         DGRAM                    55823    2278/dhclient        
unix  3      [ ]         STREAM     CONNECTED     49779    1500/dbus-daemon     @/tmp/dbus-k9q2PldMIO
unix  3      [ ]         STREAM     CONNECTED     45131    1239/boltd           
unix  3      [ ]         STREAM     CONNECTED     37749    1/init               /run/systemd/journal/stdout
unix  3      [ ]         STREAM     CONNECTED     46924    1379/dbus-daemon     
unix  2      [ ]         DGRAM                    34726    542/VGAuthService    
unix  3      [ ]         STREAM     CONNECTED     47816    1379/dbus-daemon     /run/user/1000/bus
unix  3      [ ]         STREAM     CONNECTED     47458    1518/gnome-shell     
unix  3      [ ]         STREAM     CONNECTED     47111    1379/dbus-daemon     /run/user/1000/bus
unix  3      [ ]         STREAM     CONNECTED     45900    1257/gsd-keyboard    
unix  3      [ ]         STREAM     CONNECTED     53712    1964/systemd         
unix  3      [ ]         STREAM     CONNECTED     45305    1243/packagekitd     
unix  3      [ ]         STREAM     CONNECTED     43654    1066/bluetoothd      
unix  2      [ ]         DGRAM                    36081    627/acpid            
unix  3      [ ]         STREAM     CONNECTED     46889    1352/systemd         
unix  2      [ ]         DGRAM                    34865    541/systemd-resolve  
unix  3      [ ]         STREAM     CONNECTED     47766    1/init               /run/systemd/journal/stdout
unix  3      [ ]         STREAM     CONNECTED     47642    1550/ibus-portal     
unix  3      [ ]         STREAM     CONNECTED     47527    1529/pulseaudio      
unix  3      [ ]         STREAM     CONNECTED     45895    643/dbus-daemon      /var/run/dbus/system_bus_socket
unix  3      [ ]         STREAM     CONNECTED     45132    643/dbus-daemon      /var/run/dbus/system_bus_socket
unix  3      [ ]         STREAM     CONNECTED     44773    1222/ibus-portal     
unix  3      [ ]         STREAM     CONNECTED     35768    610/avahi-daemon: c  
unix  3      [ ]         STREAM     CONNECTED     46942    1379/dbus-daemon     
unix  3      [ ]         STREAM     CONNECTED     47772    1379/dbus-daemon     /run/user/1000/bus
unix  3      [ ]         STREAM     CONNECTED     47241    1500/dbus-daemon     
unix  3      [ ]         STREAM     CONNECTED     46468    1/init               /run/systemd/journal/stdout
unix  2      [ ]         DGRAM                    53735    1964/systemd         
unix  2      [ ]         DGRAM                    46502    1348/gdm-session-wo  
unix  3      [ ]         STREAM     CONNECTED     45278    905/gnome-shell      
unix  2      [ ]         DGRAM                    37555    659/NetworkManager   
unix  3      [ ]         STREAM     CONNECTED     46890    1352/systemd         
unix  3      [ ]         STREAM     CONNECTED     35302    541/systemd-resolve  
unix  3      [ ]         STREAM     CONNECTED     48307    1615/gvfs-mtp-volum  
unix  3      [ ]         STREAM     CONNECTED     47659    1546/ibus-dconf      
unix  3      [ ]         STREAM     CONNECTED     47528    1379/dbus-daemon     /run/user/1000/bus
unix  3      [ ]         STREAM     CONNECTED     47153    1379/dbus-daemon     /run/user/1000/bus
unix  3      [ ]         STREAM     CONNECTED     54167    1/init               /run/systemd/journal/stdout
unix  3      [ ]         STREAM     CONNECTED     45116    1/init               /run/systemd/journal/stdout
unix  3      [ ]         STREAM     CONNECTED     44755    1213/ibus-daemon     
unix  3      [ ]         STREAM     CONNECTED     37761    659/NetworkManager   
unix  3      [ ]         STREAM     CONNECTED     47840    1576/goa-daemon      
unix  3      [ ]         STREAM     CONNECTED     47653    1546/ibus-dconf      
unix  3      [ ]         STREAM     CONNECTED     47451    1518/gnome-shell     
unix  3      [ ]         STREAM     CONNECTED     45886    882/dbus-daemon      /run/user/121/bus
unix  3      [ ]         STREAM     CONNECTED     52763    1908/gnome-terminal  
unix  2      [ ]         DGRAM                    55995    1820/gvfsd-metadata  
unix  3      [ ]         STREAM     CONNECTED     45299    1244/gsd-xsettings   
unix  3      [ ]         STREAM     CONNECTED     44786    1220/ibus-x11        
unix  3      [ ]         STREAM     CONNECTED     35392    1/init               /run/systemd/journal/stdout
unix  3      [ ]         STREAM     CONNECTED     47068    1379/dbus-daemon     /run/user/1000/bus
unix  3      [ ]         STREAM     CONNECTED     36589    643/dbus-daemon      /var/run/dbus/system_bus_socket
unix  3      [ ]         STREAM     CONNECTED     47825    1/init               /run/systemd/journal/stdout
unix  3      [ ]         STREAM     CONNECTED     47647    1/init               /run/systemd/journal/stdout
unix  3      [ ]         STREAM     CONNECTED     47459    1372/Xorg            @/tmp/.X11-unix/X0
unix  3      [ ]         STREAM     CONNECTED     45894    1263/gsd-power       
unix  3      [ ]         STREAM     CONNECTED     52757    1372/Xorg            @/tmp/.X11-unix/X0
unix  2      [ ]         DGRAM                    45266    1243/packagekitd     
unix  3      [ ]         STREAM     CONNECTED     44787    1004/Xwayland        @/tmp/.X11-unix/X1024
unix  3      [ ]         STREAM     CONNECTED     37488    643/dbus-daemon      /var/run/dbus/system_bus_socket
unix  3      [ ]         STREAM     CONNECTED     47108    1481/gvfsd           
unix  3      [ ]         DGRAM                    34920    543/systemd-timesyn  
unix  2      [ ]         DGRAM                    47830    1576/goa-daemon      
unix  3      [ ]         STREAM     CONNECTED     47657    1372/Xorg            @/tmp/.X11-unix/X0
unix  3      [ ]         STREAM     CONNECTED     47654    1379/dbus-daemon     /run/user/1000/bus
unix  3      [ ]         STREAM     CONNECTED     45885    1252/gsd-color       
unix  3      [ ]         STREAM     CONNECTED     52764    1379/dbus-daemon     /run/user/1000/bus
unix  3      [ ]         STREAM     CONNECTED     45330    1/init               /run/systemd/journal/stdout
unix  2      [ ]         DGRAM                    43643    1066/bluetoothd      
unix  3      [ ]         STREAM     CONNECTED     35848    608/udisksd          
unix  3      [ ]         STREAM     CONNECTED     46943    1379/dbus-daemon     /run/user/1000/bus
unix  3      [ ]         DGRAM                    34170    454/systemd-udevd    
unix  3      [ ]         STREAM     CONNECTED     47719    1548/ibus-x11        
unix  3      [ ]         STREAM     CONNECTED     47662    643/dbus-daemon      /var/run/dbus/system_bus_socket
unix  3      [ ]         STREAM     CONNECTED     47646    1/init               /run/systemd/journal/stdout
unix  3      [ ]         STREAM     CONNECTED     47452    1/init               /run/systemd/journal/stdout
unix  2      [ ]         DGRAM                    45120    698/polkitd          
unix  3      [ ]         STREAM     CONNECTED     44777    1/init               /run/systemd/journal/stdout
unix  3      [ ]         STREAM     CONNECTED     36590    643/dbus-daemon      /var/run/dbus/system_bus_socket
unix  3      [ ]         STREAM     CONNECTED     34552    1/init               /run/systemd/journal/stdout
unix  3      [ ]         STREAM     CONNECTED     47822    1576/goa-daemon      
unix  3      [ ]         STREAM     CONNECTED     47652    1542/ibus-daemon     @/tmp/dbus-DI89VKAu
unix  3      [ ]         STREAM     CONNECTED     47390    1366/gnome-keyring-  
unix  3      [ ]         STREAM     CONNECTED     45897    1252/gsd-color       
unix  3      [ ]         STREAM     CONNECTED     52756    1908/gnome-terminal  
unix  3      [ ]         STREAM     CONNECTED     45350    1250/gsd-clipboard   
unix  3      [ ]         STREAM     CONNECTED     44782    882/dbus-daemon      /run/user/121/bus
unix  3      [ ]         STREAM     CONNECTED     36740    1/init               /run/systemd/journal/stdout
unix  3      [ ]         STREAM     CONNECTED     46944    1379/dbus-daemon     /run/user/1000/bus
unix  3      [ ]         STREAM     CONNECTED     49041    1379/dbus-daemon     /run/user/1000/bus
unix  3      [ ]         STREAM     CONNECTED     48461    1/init               /run/systemd/journal/stdout
unix  3      [ ]         STREAM     CONNECTED     47855    1585/goa-identity-s  
unix  3      [ ]         STREAM     CONNECTED     45495    1/init               /run/systemd/journal/stdout
unix  3      [ ]         STREAM     CONNECTED     49277    1500/dbus-daemon     @/tmp/dbus-k9q2PldMIO
unix  3      [ ]         STREAM     CONNECTED     48334    1619/gsd-power       
unix  3      [ ]         STREAM     CONNECTED     45520    1/init               /run/systemd/journal/stdout
unix  3      [ ]         STREAM     CONNECTED     36592    643/dbus-daemon      /var/run/dbus/system_bus_socket
unix  3      [ ]         STREAM     CONNECTED     49543    1805/ibus-engine-si  
unix  3      [ ]         STREAM     CONNECTED     49123    1/init               /run/systemd/journal/stdout
unix  3      [ ]         STREAM     CONNECTED     45655    1258/gsd-media-keys  
unix  3      [ ]         STREAM     CONNECTED     44831    1230/xdg-permission  
unix  3      [ ]         STREAM     CONNECTED     40580    816/kerneloops       
unix  3      [ ]         STREAM     CONNECTED     38300    643/dbus-daemon      /var/run/dbus/system_bus_socket
unix  3      [ ]         STREAM     CONNECTED     49069    1379/dbus-daemon     /run/user/1000/bus
unix  3      [ ]         STREAM     CONNECTED     48723    1650/gsd-color       
unix  3      [ ]         STREAM     CONNECTED     45862    882/dbus-daemon      /run/user/121/bus
unix  3      [ ]         STREAM     CONNECTED     42863    1040/dbus-daemon     
unix  3      [ ]         STREAM     CONNECTED     49048    643/dbus-daemon      /var/run/dbus/system_bus_socket
unix  3      [ ]         STREAM     CONNECTED     48484    1/init               /run/systemd/journal/stdout
unix  3      [ ]         STREAM     CONNECTED     48122    1598/gvfs-udisks2-v  
unix  3      [ ]         STREAM     CONNECTED     45494    1258/gsd-media-keys  
unix  3      [ ]         STREAM     CONNECTED     49808    643/dbus-daemon      /var/run/dbus/system_bus_socket
unix  3      [ ]         STREAM     CONNECTED     48333    1/init               /run/systemd/journal/stdout
unix  3      [ ]         STREAM     CONNECTED     45628    882/dbus-daemon      /run/user/121/bus
unix  3      [ ]         STREAM     CONNECTED     49420    1766/evolution-cale  
unix  3      [ ]         STREAM     CONNECTED     49173    1/init               /run/systemd/journal/stdout
unix  3      [ ]         STREAM     CONNECTED     45711    882/dbus-daemon      /run/user/121/bus
unix  3      [ ]         STREAM     CONNECTED     41436    1/init               /run/systemd/journal/stdout
unix  2      [ ]         DGRAM                    40734    765/gdm-session-wor  
unix  3      [ ]         STREAM     CONNECTED     48874    1/init               /run/systemd/journal/stdout
unix  3      [ ]         STREAM     CONNECTED     48749    1/init               /run/systemd/journal/stdout
unix  3      [ ]         STREAM     CONNECTED     45883    1282/gsd-wacom       
unix  3      [ ]         STREAM     CONNECTED     49027    1372/Xorg            @/tmp/.X11-unix/X0
unix  3      [ ]         STREAM     CONNECTED     48808    1659/gsd-keyboard    
unix  3      [ ]         STREAM     CONNECTED     47847    1585/goa-identity-s  
unix  3      [ ]         STREAM     CONNECTED     45475    882/dbus-daemon      /run/user/121/bus
unix  3      [ ]         STREAM     CONNECTED     54194    643/dbus-daemon      /var/run/dbus/system_bus_socket
unix  3      [ ]         STREAM     CONNECTED     48332    1619/gsd-power       
unix  3      [ ]         STREAM     CONNECTED     45544    1/init               /run/systemd/journal/stdout
unix  3      [ ]         STREAM     CONNECTED     36386    1/init               /run/systemd/journal/stdout
unix  3      [ ]         STREAM     CONNECTED     49626    1379/dbus-daemon     /run/user/1000/bus
unix  3      [ ]         STREAM     CONNECTED     49175    1/init               /run/systemd/journal/stdout
unix  3      [ ]         STREAM     CONNECTED     45790    1213/ibus-daemon     @/tmp/dbus-LCu16Yct
unix  3      [ ]         STREAM     CONNECTED     42753    905/gnome-shell      
unix  3      [ ]         STREAM     CONNECTED     41257    890/gnome-session-b  
unix  3      [ ]         STREAM     CONNECTED     49068    1650/gsd-color       
unix  3      [ ]         STREAM     CONNECTED     48647    1642/gsd-a11y-setti  
unix  3      [ ]         STREAM     CONNECTED     45851    1213/ibus-daemon     @/tmp/dbus-LCu16Yct
unix  3      [ ]         STREAM     CONNECTED     44832    1/init               /run/systemd/journal/stdout
unix  3      [ ]         STREAM     CONNECTED     49728    1827/update-notifie  
unix  3      [ ]         STREAM     CONNECTED     48937    1500/dbus-daemon     @/tmp/dbus-k9q2PldMIO
unix  3      [ ]         STREAM     CONNECTED     48617    1379/dbus-daemon     /run/user/1000/bus
unix  3      [ ]         STREAM     CONNECTED     45394    882/dbus-daemon      /run/user/121/bus
unix  3      [ ]         STREAM     CONNECTED     50120    643/dbus-daemon      /var/run/dbus/system_bus_socket
unix  3      [ ]         STREAM     CONNECTED     48385    1620/gsd-print-noti  
unix  3      [ ]         STREAM     CONNECTED     45523    882/dbus-daemon      /run/user/121/bus
unix  3      [ ]         STREAM     CONNECTED     36465    638/accounts-daemon  
unix  3      [ ]         STREAM     CONNECTED     49485    1792/evolution-addr  
unix  3      [ ]         STREAM     CONNECTED     49235    643/dbus-daemon      /var/run/dbus/system_bus_socket
unix  3      [ ]         STREAM     CONNECTED     45681    1269/gsd-screensave  
unix  3      [ ]         STREAM     CONNECTED     41054    882/dbus-daemon      
unix  3      [ ]         STREAM     CONNECTED     40339    643/dbus-daemon      /var/run/dbus/system_bus_socket
unix  3      [ ]         STREAM     CONNECTED     48845    1/init               /run/systemd/journal/stdout
unix  3      [ ]         STREAM     CONNECTED     48724    1/init               /run/systemd/journal/stdout
unix  3      [ ]         STREAM     CONNECTED     45843    1040/dbus-daemon     @/tmp/dbus-kcce6d8hTc
unix  3      [ ]         STREAM     CONNECTED     42829    882/dbus-daemon      /run/user/121/bus
unix  3      [ ]         STREAM     CONNECTED     49729    1/init               /run/systemd/journal/stdout
unix  3      [ ]         STREAM     CONNECTED     49047    1661/gsd-media-keys  
unix  3      [ ]         STREAM     CONNECTED     48783    1379/dbus-daemon     /run/user/1000/bus
unix  3      [ ]         STREAM     CONNECTED     45445    1256/gsd-housekeepi  
unix  3      [ ]         STREAM     CONNECTED     49371    1721/nautilus-deskt  
unix  3      [ ]         STREAM     CONNECTED     48435    1/init               /run/systemd/journal/stdout
unix  3      [ ]         STREAM     CONNECTED     45522    1261/gsd-mouse       
unix  3      [ ]         STREAM     CONNECTED     36537    643/dbus-daemon      
unix  3      [ ]         STREAM     CONNECTED     49541    1379/dbus-daemon     /run/user/1000/bus
unix  3      [ ]         STREAM     CONNECTED     49120    1719/vmtoolsd        
unix  3      [ ]         STREAM     CONNECTED     45682    882/dbus-daemon      /run/user/121/bus
unix  3      [ ]         STREAM     CONNECTED     41212    882/dbus-daemon      /run/user/121/bus
unix  3      [ ]         STREAM     CONNECTED     41011    1/init               /run/systemd/journal/stdout
unix  3      [ ]         STREAM     CONNECTED     36935    643/dbus-daemon      /var/run/dbus/system_bus_socket
unix  3      [ ]         STREAM     CONNECTED     49067    1379/dbus-daemon     /run/user/1000/bus
unix  3      [ ]         STREAM     CONNECTED     48652    1642/gsd-a11y-setti  
unix  3      [ ]         STREAM     CONNECTED     45859    1244/gsd-xsettings   
unix  3      [ ]         STREAM     CONNECTED     44833    1230/xdg-permission  
unix  3      [ ]         STREAM     CONNECTED     49756    1829/gnome-software  
unix  3      [ ]         STREAM     CONNECTED     48953    1634/gsd-wacom       
unix  3      [ ]         STREAM     CONNECTED     48512    1/init               /run/systemd/journal/stdout
unix  3      [ ]         STREAM     CONNECTED     45421    1244/gsd-xsettings   
unix  3      [ ]         STREAM     CONNECTED     48412    1379/dbus-daemon     /run/user/1000/bus
unix  3      [ ]         STREAM     CONNECTED     45623    1269/gsd-screensave  
unix  2      [ ]         DGRAM                    36571    618/ModemManager     
unix  3      [ ]         STREAM     CONNECTED     49466    1379/dbus-daemon     /run/user/1000/bus
unix  3      [ ]         STREAM     CONNECTED     49174    1721/nautilus-deskt  
unix  3      [ ]         DGRAM                    46731    1352/systemd         
unix  3      [ ]         STREAM     CONNECTED     45684    1004/Xwayland        @/tmp/.X11-unix/X1024
unix  3      [ ]         STREAM     CONNECTED     40724    812/whoopsie         
unix  3      [ ]         STREAM     CONNECTED     40338    723/python3          
unix  3      [ ]         STREAM     CONNECTED     48848    1661/gsd-media-keys  
unix  3      [ ]         STREAM     CONNECTED     48776    1/init               /run/systemd/journal/stdout
unix  3      [ ]         STREAM     CONNECTED     45880    1040/dbus-daemon     @/tmp/dbus-kcce6d8hTc
unix  3      [ ]         STREAM     CONNECTED     42944    1/init               /run/systemd/journal/stdout
unix  3      [ ]         STREAM     CONNECTED     49023    1383/gnome-session-  @/tmp/.ICE-unix/1383
unix  3      [ ]         STREAM     CONNECTED     48807    1/init               /run/systemd/journal/stdout
unix  3      [ ]         STREAM     CONNECTED     47854    643/dbus-daemon      /var/run/dbus/system_bus_socket
unix  3      [ ]         STREAM     CONNECTED     45496    1258/gsd-media-keys  
unix  3      [ ]         STREAM     CONNECTED     49370    1542/ibus-daemon     @/tmp/dbus-DI89VKAu
unix  3      [ ]         STREAM     CONNECTED     48335    1/init               /run/systemd/journal/stdout
unix  3      [ ]         STREAM     CONNECTED     45569    1004/Xwayland        @/tmp/.X11-unix/X1024
unix  3      [ ]         DGRAM                    23527    1/init               
unix  3      [ ]         STREAM     CONNECTED     49623    1820/gvfsd-metadata  
unix  3      [ ]         STREAM     CONNECTED     49146    1718/gsd-disk-utili  
unix  3      [ ]         STREAM     CONNECTED     45652    1/init               /run/systemd/journal/stdout
unix  3      [ ]         STREAM     CONNECTED     41209    882/dbus-daemon      
unix  3      [ ]         STREAM     CONNECTED     40750    812/whoopsie         
unix  3      [ ]         STREAM     CONNECTED     40090    755/gdm3             @/tmp/dbus-CE2UPDXS
unix  3      [ ]         STREAM     CONNECTED     38304    643/dbus-daemon      /var/run/dbus/system_bus_socket
unix  3      [ ]         STREAM     CONNECTED     48898    1645/gsd-clipboard   
unix  3      [ ]         STREAM     CONNECTED     48755    1500/dbus-daemon     @/tmp/dbus-k9q2PldMIO
unix  3      [ ]         STREAM     CONNECTED     45864    1040/dbus-daemon     @/tmp/dbus-kcce6d8hTc
unix  3      [ ]         STREAM     CONNECTED     42943    1054/pulseaudio      
unix  3      [ ]         STREAM     CONNECTED     49730    1827/update-notifie  
unix  3      [ ]         STREAM     CONNECTED     48954    1379/dbus-daemon     /run/user/1000/bus
unix  3      [ ]         STREAM     CONNECTED     48811    1656/gsd-housekeepi  
unix  3      [ ]         STREAM     CONNECTED     45419    1255/gsd-datetime    
unix  3      [ ]         STREAM     CONNECTED     49352    1754/evolution-cale  
unix  3      [ ]         STREAM     CONNECTED     48409    1/init               /run/systemd/journal/stdout
unix  3      [ ]         STREAM     CONNECTED     45629    1265/gsd-print-noti  
unix  2      [ ]         DGRAM                    36586    643/dbus-daemon      
unix  3      [ ]         STREAM     CONNECTED     49544    1542/ibus-daemon     @/tmp/dbus-DI89VKAu
unix  3      [ ]         STREAM     CONNECTED     49215    1718/gsd-disk-utili  
unix  3      [ ]         STREAM     CONNECTED     45680    1/init               /run/systemd/journal/stdout
unix  3      [ ]         STREAM     CONNECTED     44790    882/dbus-daemon      /run/user/121/bus
unix  3      [ ]         STREAM     CONNECTED     39993    643/dbus-daemon      /var/run/dbus/system_bus_socket
unix  3      [ ]         STREAM     CONNECTED     36934    660/wpa_supplicant   
unix  3      [ ]         STREAM     CONNECTED     48823    1631/gsd-xsettings   
unix  3      [ ]         STREAM     CONNECTED     48696    1645/gsd-clipboard   
unix  3      [ ]         STREAM     CONNECTED     45871    1258/gsd-media-keys  
unix  3      [ ]         STREAM     CONNECTED     43639    1066/bluetoothd      
unix  3      [ ]         STREAM     CONNECTED     48936    1634/gsd-wacom       
unix  3      [ ]         STREAM     CONNECTED     48486    1/init               /run/systemd/journal/stdout
unix  3      [ ]         STREAM     CONNECTED     47848    1/init               /run/systemd/journal/stdout
unix  3      [ ]         STREAM     CONNECTED     45474    1256/gsd-housekeepi  
unix  3      [ ]         STREAM     CONNECTED     49807    1829/gnome-software  
unix  3      [ ]         STREAM     CONNECTED     48311    1383/gnome-session-  @/tmp/.ICE-unix/1383
unix  3      [ ]         STREAM     CONNECTED     45545    1263/gsd-power       
unix  3      [ ]         STREAM     CONNECTED     36466    1/init               /run/systemd/journal/stdout
unix  2      [ ]         DGRAM                    49567    1721/nautilus-deskt  
unix  3      [ ]         STREAM     CONNECTED     49268    1719/vmtoolsd        
unix  3      [ ]         STREAM     CONNECTED     45882    882/dbus-daemon      /run/user/121/bus
unix  3      [ ]         STREAM     CONNECTED     41260    890/gnome-session-b  
unix  3      [ ]         STREAM     CONNECTED     41057    839/systemd          
unix  3      [ ]         STREAM     CONNECTED     41055    1/init               /run/systemd/journal/stdout
unix  3      [ ]         STREAM     CONNECTED     38299    700/cups-browsed     
unix  3      [ ]         STREAM     CONNECTED     48846    1631/gsd-xsettings   
unix  3      [ ]         STREAM     CONNECTED     48653    1379/dbus-daemon     /run/user/1000/bus
unix  3      [ ]         STREAM     CONNECTED     45860    1040/dbus-daemon     @/tmp/dbus-kcce6d8hTc
unix  3      [ ]         DGRAM                    42950    1/init               
unix  3      [ ]         STREAM     CONNECTED     48975    1500/dbus-daemon     @/tmp/dbus-k9q2PldMIO
unix  3      [ ]         STREAM     CONNECTED     48509    1634/gsd-wacom       
unix  3      [ ]         STREAM     CONNECTED     47856    1379/dbus-daemon     /run/user/1000/bus
unix  3      [ ]         STREAM     CONNECTED     45470    1250/gsd-clipboard   
unix  3      [ ]         STREAM     CONNECTED     49305    1518/gnome-shell     
unix  3      [ ]         STREAM     CONNECTED     48308    1379/dbus-daemon     /run/user/1000/bus
unix  3      [ ]         STREAM     CONNECTED     45597    1252/gsd-color       
unix  3      [ ]         STREAM     CONNECTED     36582    614/cupsd            
unix  3      [ ]         STREAM     CONNECTED     49762    1372/Xorg            @/tmp/.X11-unix/X0
unix  3      [ ]         STREAM     CONNECTED     49462    1783/evolution-addr  
unix  3      [ ]         STREAM     CONNECTED     49264    1721/nautilus-deskt  
unix  3      [ ]         STREAM     CONNECTED     45656    1004/Xwayland        @/tmp/.X11-unix/X1024
unix  3      [ ]         STREAM     CONNECTED     41435    933/upowerd          
unix  3      [ ]         STREAM     CONNECTED     40703    818/kerneloops       
unix  3      [ ]         STREAM     CONNECTED     48849    1/init               /run/systemd/journal/stdout
unix  3      [ ]         STREAM     CONNECTED     48751    1/init               /run/systemd/journal/stdout
unix  3      [ ]         STREAM     CONNECTED     45853    1258/gsd-media-keys  
unix  3      [ ]         STREAM     CONNECTED     42862    1040/dbus-daemon     
unix  3      [ ]         STREAM     CONNECTED     49022    1529/pulseaudio      
unix  3      [ ]         STREAM     CONNECTED     48540    1619/gsd-power       
unix  3      [ ]         STREAM     CONNECTED     47846    1/init               /run/systemd/journal/stdout
unix  3      [ ]         STREAM     CONNECTED     45468    1257/gsd-keyboard    
unix  3      [ ]         STREAM     CONNECTED     48459    1/init               /run/systemd/journal/stdout
unix  3      [ ]         STREAM     CONNECTED     45566    1265/gsd-print-noti  
unix  3      [ ]         STREAM     CONNECTED     49486    643/dbus-daemon      /var/run/dbus/system_bus_socket
unix  3      [ ]         STREAM     CONNECTED     49253    1379/dbus-daemon     /run/user/1000/bus
unix  3      [ ]         STREAM     CONNECTED     45762    882/dbus-daemon      /run/user/121/bus
unix  3      [ ]         STREAM     CONNECTED     42754    1004/Xwayland        @/tmp/.X11-unix/X1024
unix  2      [ ]         DGRAM                    40868    842/(sd-pam)         
unix  3      [ ]         STREAM     CONNECTED     38303    700/cups-browsed     
unix  3      [ ]         STREAM     CONNECTED     48917    643/dbus-daemon      /var/run/dbus/system_bus_socket
unix  3      [ ]         STREAM     CONNECTED     48722    1/init               /run/systemd/journal/stdout
unix  3      [ ]         STREAM     CONNECTED     45854    1040/dbus-daemon     @/tmp/dbus-kcce6d8hTc
unix  3      [ ]         STREAM     CONNECTED     42903    905/gnome-shell      
unix  3      [ ]         STREAM     CONNECTED     48987    1379/dbus-daemon     /run/user/1000/bus
unix  3      [ ]         STREAM     CONNECTED     48485    1631/gsd-xsettings   
unix  3      [ ]         STREAM     CONNECTED     48118    1598/gvfs-udisks2-v  
unix  3      [ ]         STREAM     CONNECTED     45443    1256/gsd-housekeepi  
unix  2      [ ]         DGRAM                    50122    1849/fwupd           
unix  3      [ ]         STREAM     CONNECTED     48414    1379/dbus-daemon     /run/user/1000/bus
unix  3      [ ]         STREAM     CONNECTED     45546    1/init               /run/systemd/journal/stdout
unix  3      [ ]         STREAM     CONNECTED     36596    643/dbus-daemon      /var/run/dbus/system_bus_socket
unix  3      [ ]         STREAM     CONNECTED     49421    643/dbus-daemon      /var/run/dbus/system_bus_socket
unix  2      [ ]         DGRAM                    49206    1383/gnome-session-  
unix  3      [ ]         STREAM     CONNECTED     45709    1/init               /run/systemd/journal/stdout
unix  3      [ ]         STREAM     CONNECTED     41437    933/upowerd          
unix  3      [ ]         STREAM     CONNECTED     40725    643/dbus-daemon      /var/run/dbus/system_bus_socket
unix  3      [ ]         STREAM     CONNECTED     36843    661/systemd-logind   
unix  3      [ ]         STREAM     CONNECTED     48847    1379/dbus-daemon     /run/user/1000/bus
unix  3      [ ]         STREAM     CONNECTED     48697    1/init               /run/systemd/journal/stdout
unix  3      [ ]         STREAM     CONNECTED     45881    1263/gsd-power       
unix  3      [ ]         STREAM     CONNECTED     42828    1033/at-spi-bus-lau  
unix  3      [ ]         STREAM     CONNECTED     49045    1661/gsd-media-keys  
unix  3      [ ]         STREAM     CONNECTED     48806    1659/gsd-keyboard    
unix  3      [ ]         STREAM     CONNECTED     48116    1598/gvfs-udisks2-v  
unix  3      [ ]         STREAM     CONNECTED     45517    1261/gsd-mouse       
unix  3      [ ]         STREAM     CONNECTED     49377    1379/dbus-daemon     /run/user/1000/bus
unix  3      [ ]         STREAM     CONNECTED     48357    1/init               /run/systemd/journal/stdout
unix  3      [ ]         STREAM     CONNECTED     45567    1/init               /run/systemd/journal/stdout
unix  3      [ ]         STREAM     CONNECTED     36538    1/init               /run/systemd/journal/stdout
unix  3      [ ]         STREAM     CONNECTED     49624    1/init               /run/systemd/journal/stdout
unix  3      [ ]         STREAM     CONNECTED     49232    1379/dbus-daemon     /run/user/1000/bus
unix  3      [ ]         STREAM     CONNECTED     45707    1/init               /run/systemd/journal/stdout
unix  3      [ ]         STREAM     CONNECTED     41210    882/dbus-daemon      
unix  3      [ ]         DGRAM                    40936    839/systemd          
unix  3      [ ]         STREAM     CONNECTED     36921    1/init               /run/systemd/journal/stdout
unix  2      [ ]         DGRAM                    48915    1383/gnome-session-  
unix  3      [ ]         STREAM     CONNECTED     48775    1656/gsd-housekeepi  
unix  3      [ ]         STREAM     CONNECTED     45879    1263/gsd-power       
unix  3      [ ]         STREAM     CONNECTED     43663    1054/pulseaudio      /run/user/121/pulse/native
unix  2      [ ]         DGRAM                    49029    1631/gsd-xsettings   
unix  3      [ ]         STREAM     CONNECTED     48782    1619/gsd-power       
unix  3      [ ]         STREAM     CONNECTED     48117    1/init               /run/systemd/journal/stdout
unix  3      [ ]         STREAM     CONNECTED     45444    1/init               /run/systemd/journal/stdout
unix  3      [ ]         STREAM     CONNECTED     49376    1754/evolution-cale  
unix  3      [ ]         STREAM     CONNECTED     48434    1625/gsd-sharing     
unix  3      [ ]         STREAM     CONNECTED     45622    1/init               /run/systemd/journal/stdout
unix  3      [ ]         DGRAM                    23526    1/init               
unix  3      [ ]         STREAM     CONNECTED     49400    1769/dconf-service   
unix  3      [ ]         STREAM     CONNECTED     49207    1718/gsd-disk-utili  
unix  3      [ ]         STREAM     CONNECTED     45708    1280/gsd-sound       
unix  3      [ ]         STREAM     CONNECTED     41303    1/init               /run/systemd/journal/stdout
unix  3      [ ]         STREAM     CONNECTED     41009    880/gdm-wayland-ses  
unix  3      [ ]         STREAM     CONNECTED     40469    812/whoopsie         
unix  3      [ ]         STREAM     CONNECTED     49066    1659/gsd-keyboard    
unix  3      [ ]         STREAM     CONNECTED     48748    1654/gsd-datetime    
unix  3      [ ]         STREAM     CONNECTED     45884    882/dbus-daemon      /run/user/121/bus
unix  3      [ ]         STREAM     CONNECTED     42886    1043/at-spi2-regist  
unix  3      [ ]         STREAM     CONNECTED     49057    1684/gsd-printer     
unix  3      [ ]         STREAM     CONNECTED     49040    1684/gsd-printer     
unix  3      [ ]         STREAM     CONNECTED     48210    1/init               /run/systemd/journal/stdout
unix  3      [ ]         STREAM     CONNECTED     45469    1/init               /run/systemd/journal/stdout
unix  3      [ ]         STREAM     CONNECTED     49372    643/dbus-daemon      /var/run/dbus/system_bus_socket
unix  3      [ ]         STREAM     CONNECTED     48460    1629/gsd-smartcard   
unix  3      [ ]         STREAM     CONNECTED     45630    882/dbus-daemon      /run/user/121/bus
unix  3      [ ]         STREAM     CONNECTED     36388    608/udisksd          
unix  3      [ ]         STREAM     CONNECTED     49562    1741/gvfsd-trash     @/dbus-vfs-daemon/socket-0bJZj630
unix  3      [ ]         STREAM     CONNECTED     49121    1/init               /run/systemd/journal/stdout
unix  3      [ ]         STREAM     CONNECTED     45785    1282/gsd-wacom       
unix  3      [ ]         STREAM     CONNECTED     41234    890/gnome-session-b  
unix  3      [ ]         STREAM     CONNECTED     38649    723/python3          
unix  3      [ ]         STREAM     CONNECTED     49065    1529/pulseaudio      /run/user/1000/pulse/native
unix  3      [ ]         STREAM     CONNECTED     48932    1622/gsd-rfkill      
unix  3      [ ]         STREAM     CONNECTED     45850    1220/ibus-x11        
unix  3      [ ]         STREAM     CONNECTED     42890    1043/at-spi2-regist  
unix  3      [ ]         STREAM     CONNECTED     48946    1372/Xorg            @/tmp/.X11-unix/X0
unix  3      [ ]         STREAM     CONNECTED     48510    1/init               /run/systemd/journal/stdout
unix  2      [ ]         DGRAM                    48072    1518/gnome-shell     
unix  3      [ ]         STREAM     CONNECTED     45420    1/init               /run/systemd/journal/stdout
unix  3      [ ]         STREAM     CONNECTED     49867    1542/ibus-daemon     @/tmp/dbus-DI89VKAu
unix  3      [ ]         STREAM     CONNECTED     48411    1623/gsd-screensave  
unix  3      [ ]         STREAM     CONNECTED     45624    1/init               /run/systemd/journal/stdout
unix  3      [ ]         STREAM     CONNECTED     49561    1721/nautilus-deskt  
unix  3      [ ]         STREAM     CONNECTED     49147    1/init               /run/systemd/journal/stdout
unix  3      [ ]         STREAM     CONNECTED     45706    1280/gsd-sound       
unix  3      [ ]         STREAM     CONNECTED     41235    1/init               /run/systemd/journal/stdout
unix  3      [ ]         STREAM     CONNECTED     41020    643/dbus-daemon      /var/run/dbus/system_bus_socket
unix  3      [ ]         STREAM     CONNECTED     40049    1/init               /run/systemd/journal/stdout
unix  2      [ ]         DGRAM                    36810    660/wpa_supplicant   
unix  3      [ ]         STREAM     CONNECTED     48844    1661/gsd-media-keys  
unix  3      [ ]         STREAM     CONNECTED     48693    1631/gsd-xsettings   
unix  3      [ ]         STREAM     CONNECTED     45838    1250/gsd-clipboard   
unix  3      [ ]         STREAM     CONNECTED     42864    1040/dbus-daemon     @/tmp/dbus-kcce6d8hTc
unix  3      [ ]         STREAM     CONNECTED     49052    1661/gsd-media-keys  
unix  3      [ ]         STREAM     CONNECTED     49025    1500/dbus-daemon     @/tmp/dbus-k9q2PldMIO
unix  3      [ ]         STREAM     CONNECTED     48209    1606/gvfs-afc-volum  
unix  3      [ ]         STREAM     CONNECTED     45396    1/init               /run/systemd/journal/stdout
unix  3      [ ]         STREAM     CONNECTED     49281    1719/vmtoolsd        
unix  3      [ ]         STREAM     CONNECTED     48406    1623/gsd-screensave  
unix  3      [ ]         STREAM     CONNECTED     45543    1263/gsd-power       
unix  3      [ ]         STREAM     CONNECTED     49465    1783/evolution-addr  
unix  3      [ ]         STREAM     CONNECTED     49216    643/dbus-daemon      /var/run/dbus/system_bus_socket
unix  3      [ ]         STREAM     CONNECTED     45738    882/dbus-daemon      /run/user/121/bus
unix  3      [ ]         STREAM     CONNECTED     41438    643/dbus-daemon      /var/run/dbus/system_bus_socket
unix  3      [ ]         DGRAM                    40935    839/systemd          
unix  3      [ ]         STREAM     CONNECTED     37218    643/dbus-daemon      /var/run/dbus/system_bus_socket
unix  3      [ ]         STREAM     CONNECTED     48694    1372/Xorg            @/tmp/.X11-unix/X0
unix  3      [ ]         STREAM     CONNECTED     45878    1040/dbus-daemon     @/tmp/dbus-kcce6d8hTc
unix  3      [ ]         STREAM     CONNECTED     42888    1043/at-spi2-regist  
unix  3      [ ]         STREAM     CONNECTED     49020    1650/gsd-color       
unix  3      [ ]         STREAM     CONNECTED     48785    1372/Xorg            @/tmp/.X11-unix/X0
unix  3      [ ]         STREAM     CONNECTED     48167    1/init               /run/systemd/journal/stdout
unix  3      [ ]         STREAM     CONNECTED     45392    1/init               /run/systemd/journal/stdout
unix  3      [ ]         STREAM     CONNECTED     49369    1721/nautilus-deskt  
unix  3      [ ]         STREAM     CONNECTED     48382    1622/gsd-rfkill      
unix  3      [ ]         STREAM     CONNECTED     45571    1265/gsd-print-noti  
unix  3      [ ]         STREAM     CONNECTED     36581    618/ModemManager     
unix  3      [ ]         STREAM     CONNECTED     49414    1766/evolution-cale  
unix  3      [ ]         STREAM     CONNECTED     49252    1741/gvfsd-trash     
unix  3      [ ]         STREAM     CONNECTED     45733    1282/gsd-wacom       
unix  3      [ ]         STREAM     CONNECTED     41300    905/gnome-shell      
unix  3      [ ]         STREAM     CONNECTED     40863    1/init               /run/systemd/journal/stdout
unix  3      [ ]         STREAM     CONNECTED     37474    1/init               /run/systemd/journal/stdout
unix  3      [ ]         STREAM     CONNECTED     49071    1650/gsd-color       
unix  3      [ ]         STREAM     CONNECTED     48649    1642/gsd-a11y-setti  
unix  2      [ ]         DGRAM                    45814    905/gnome-shell      
unix  3      [ ]         STREAM     CONNECTED     42781    905/gnome-shell      
unix  3      [ ]         STREAM     CONNECTED     49046    1500/dbus-daemon     @/tmp/dbus-k9q2PldMIO
unix  3      [ ]         STREAM     CONNECTED     48514    1629/gsd-smartcard   
unix  3      [ ]         STREAM     CONNECTED     48168    1602/gvfs-goa-volum  
unix  3      [ ]         STREAM     CONNECTED     45418    1/init               /run/systemd/journal/stdout
unix  3      [ ]         STREAM     CONNECTED     49306    1542/ibus-daemon     @/tmp/dbus-DI89VKAu
unix  3      [ ]         STREAM     CONNECTED     48408    1623/gsd-screensave  
unix  3      [ ]         STREAM     CONNECTED     45649    1271/gsd-sharing     
unix  3      [ ]         STREAM     CONNECTED     36588    643/dbus-daemon      
unix  3      [ ]         STREAM     CONNECTED     49415    1379/dbus-daemon     /run/user/1000/bus
unix  2      [ ]         DGRAM                    49224    1661/gsd-media-keys  
unix  3      [ ]         STREAM     CONNECTED     45734    1/init               /run/systemd/journal/stdout
unix  3      [ ]         STREAM     CONNECTED     41014    880/gdm-wayland-ses  
unix  3      [ ]         STREAM     CONNECTED     39992    755/gdm3             
unix  3      [ ]         STREAM     CONNECTED     37123    663/dbus             
unix  3      [ ]         STREAM     CONNECTED     48871    1665/gsd-mouse       
unix  3      [ ]         STREAM     CONNECTED     48700    1529/pulseaudio      
unix  3      [ ]         STREAM     CONNECTED     45872    882/dbus-daemon      /run/user/121/bus
unix  3      [ ]         STREAM     CONNECTED     42891    882/dbus-daemon      /run/user/121/bus
unix  3      [ ]         STREAM     CONNECTED     49024    1659/gsd-keyboard    
unix  3      [ ]         STREAM     CONNECTED     48483    1631/gsd-xsettings   
unix  3      [ ]         STREAM     CONNECTED     47853    1576/goa-daemon      
unix  3      [ ]         STREAM     CONNECTED     45497    1/init               /run/systemd/journal/stdout
unix  3      [ ]         STREAM     CONNECTED     49282    1383/gnome-session-  @/tmp/.ICE-unix/1383
unix  3      [ ]         STREAM     CONNECTED     48356    1620/gsd-print-noti  
unix  3      [ ]         STREAM     CONNECTED     45601    882/dbus-daemon      /run/user/121/bus
unix  3      [ ]         STREAM     CONNECTED     49401    1/init               /run/systemd/journal/stdout
unix  3      [ ]         STREAM     CONNECTED     49148    1718/gsd-disk-utili  
unix  3      [ ]         STREAM     CONNECTED     45651    1271/gsd-sharing     
unix  3      [ ]         STREAM     CONNECTED     41302    905/gnome-shell      
unix  3      [ ]         STREAM     CONNECTED     40751    643/dbus-daemon      /var/run/dbus/system_bus_socket
unix  3      [ ]         STREAM     CONNECTED     40089    765/gdm-session-wor  
unix  3      [ ]         STREAM     CONNECTED     38650    1/init               /run/systemd/journal/stdout
unix  3      [ ]         STREAM     CONNECTED     48899    1372/Xorg            @/tmp/.X11-unix/X0
unix  3      [ ]         STREAM     CONNECTED     48779    1656/gsd-housekeepi  
unix  3      [ ]         STREAM     CONNECTED     45855    1257/gsd-keyboard    
unix  3      [ ]         STREAM     CONNECTED     43465    1/init               /run/systemd/journal/stdout
unix  3      [ ]         STREAM     CONNECTED     48945    1650/gsd-color       
unix  3      [ ]         STREAM     CONNECTED     48538    1/init               /run/systemd/journal/stdout
unix  3      [ ]         STREAM     CONNECTED     48260    1611/gvfs-gphoto2-v  
unix  3      [ ]         STREAM     CONNECTED     45466    1257/gsd-keyboard    
unix  3      [ ]         STREAM     CONNECTED     49353    1/init               /run/systemd/journal/stdout
unix  3      [ ]         STREAM     CONNECTED     48437    1/init               /run/systemd/journal/stdout
unix  3      [ ]         STREAM     CONNECTED     45627    1267/gsd-rfkill      
unix  3      [ ]         STREAM     CONNECTED     36668    659/NetworkManager   
unix  3      [ ]         STREAM     CONNECTED     49766    1827/update-notifie  
unix  2      [ ]         DGRAM                    49548    1650/gsd-color       
unix  3      [ ]         STREAM     CONNECTED     49265    1372/Xorg            @/tmp/.X11-unix/X0
unix  3      [ ]         STREAM     CONNECTED     45786    1004/Xwayland        @/tmp/.X11-unix/X1024
unix  2      [ ]         DGRAM                    41202    882/dbus-daemon      
unix  3      [ ]         STREAM     CONNECTED     41010    880/gdm-wayland-ses  
unix  3      [ ]         STREAM     CONNECTED     40079    635/python3          
unix  3      [ ]         STREAM     CONNECTED     48872    1/init               /run/systemd/journal/stdout
unix  3      [ ]         STREAM     CONNECTED     48754    1619/gsd-power       
unix  3      [ ]         STREAM     CONNECTED     45841    882/dbus-daemon      /run/user/121/bus
unix  3      [ ]         STREAM     CONNECTED     42782    882/dbus-daemon      /run/user/121/bus
unix  3      [ ]         STREAM     CONNECTED     48974    1645/gsd-clipboard   
unix  3      [ ]         STREAM     CONNECTED     48535    1635/gsd-sound       
unix  3      [ ]         STREAM     CONNECTED     47862    1518/gnome-shell     
unix  3      [ ]         STREAM     CONNECTED     45395    1252/gsd-color       
unix  3      [ ]         STREAM     CONNECTED     50097    1849/fwupd           
unix  3      [ ]         STREAM     CONNECTED     48386    1379/dbus-daemon     /run/user/1000/bus
unix  3      [ ]         STREAM     CONNECTED     45594    1/init               /run/systemd/journal/stdout
unix  3      [ ]         STREAM     CONNECTED     36595    643/dbus-daemon      /var/run/dbus/system_bus_socket
unix  2      [ ]         DGRAM                    49630    1518/gnome-shell     
unix  3      [ ]         STREAM     CONNECTED     49122    1719/vmtoolsd        
unix  3      [ ]         STREAM     CONNECTED     45676    1277/gsd-smartcard   
unix  3      [ ]         STREAM     CONNECTED     41258    643/dbus-daemon      /var/run/dbus/system_bus_socket
unix  3      [ ]         STREAM     CONNECTED     41012    1/init               /run/systemd/journal/stdout
unix  3      [ ]         STREAM     CONNECTED     40080    643/dbus-daemon      /var/run/dbus/system_bus_socket
unix  3      [ ]         STREAM     CONNECTED     37293    678/cron             
unix  3      [ ]         STREAM     CONNECTED     48812    1379/dbus-daemon     /run/user/1000/bus
unix  3      [ ]         STREAM     CONNECTED     48701    1372/Xorg            @/tmp/.X11-unix/X0
unix  3      [ ]         STREAM     CONNECTED     45856    1040/dbus-daemon     @/tmp/dbus-kcce6d8hTc
unix  3      [ ]         STREAM     CONNECTED     48944    643/dbus-daemon      /var/run/dbus/system_bus_socket
unix  3      [ ]         STREAM     CONNECTED     48536    1/init               /run/systemd/journal/stdout
unix  3      [ ]         STREAM     CONNECTED     48123    1379/dbus-daemon     /run/user/1000/bus
unix  3      [ ]         STREAM     CONNECTED     45467    1/init               /run/systemd/journal/stdout
unix  3      [ ]         STREAM     CONNECTED     48458    1629/gsd-smartcard   
unix  3      [ ]         STREAM     CONNECTED     45593    1267/gsd-rfkill      
unix  3      [ ]         STREAM     CONNECTED     49761    1827/update-notifie  
unix  3      [ ]         STREAM     CONNECTED     49487    1792/evolution-addr  
unix  3      [ ]         STREAM     CONNECTED     49273    1500/dbus-daemon     @/tmp/dbus-k9q2PldMIO
unix  3      [ ]         STREAM     CONNECTED     45731    1282/gsd-wacom       
unix  3      [ ]         STREAM     CONNECTED     42565    905/gnome-shell      
unix  3      [ ]         STREAM     CONNECTED     41211    882/dbus-daemon      /run/user/121/bus
unix  3      [ ]         STREAM     CONNECTED     40581    643/dbus-daemon      /var/run/dbus/system_bus_socket
unix  3      [ ]         STREAM     CONNECTED     48931    643/dbus-daemon      /var/run/dbus/system_bus_socket
unix  3      [ ]         STREAM     CONNECTED     48721    1650/gsd-color       
unix  3      [ ]         STREAM     CONNECTED     45861    1244/gsd-xsettings   
unix  3      [ ]         STREAM     CONNECTED     42823    1/init               /run/systemd/journal/stdout
unix  3      [ ]         STREAM     CONNECTED     49757    1/init               /run/systemd/journal/stdout
unix  3      [ ]         STREAM     CONNECTED     49021    1500/dbus-daemon     @/tmp/dbus-k9q2PldMIO
unix  3      [ ]         STREAM     CONNECTED     48809    1/init               /run/systemd/journal/stdout
unix  3      [ ]         STREAM     CONNECTED     45352    1250/gsd-clipboard   
unix  3      [ ]         STREAM     CONNECTED     49278    1719/vmtoolsd        
unix  3      [ ]         STREAM     CONNECTED     48359    1/init               /run/systemd/journal/stdout
unix  3      [ ]         STREAM     CONNECTED     45596    1/init               /run/systemd/journal/stdout
unix  3      [ ]         STREAM     CONNECTED     36594    643/dbus-daemon      /var/run/dbus/system_bus_socket
unix  3      [ ]         STREAM     CONNECTED     49407    1379/dbus-daemon     /run/user/1000/bus
unix  3      [ ]         STREAM     CONNECTED     49258    1741/gvfsd-trash     @/dbus-vfs-daemon/socket-umdPng7A
unix  3      [ ]         STREAM     CONNECTED     45683    1263/gsd-power       
unix  3      [ ]         STREAM     CONNECTED     41326    905/gnome-shell      
unix  3      [ ]         STREAM     CONNECTED     40704    643/dbus-daemon      /var/run/dbus/system_bus_socket
unix  3      [ ]         STREAM     CONNECTED     40078    643/dbus-daemon      /var/run/dbus/system_bus_socket
unix  2      [ ]         STREAM     CONNECTED     38296    700/cups-browsed     
unix  3      [ ]         STREAM     CONNECTED     48873    1665/gsd-mouse       
unix  3      [ ]         STREAM     CONNECTED     48648    1/init               /run/systemd/journal/stdout
unix  3      [ ]         STREAM     CONNECTED     45840    1250/gsd-clipboard   
unix  3      [ ]         DGRAM                    42949    1/init               
unix  3      [ ]         STREAM     CONNECTED     48986    1645/gsd-clipboard   
unix  3      [ ]         STREAM     CONNECTED     48537    1635/gsd-sound       
unix  3      [ ]         STREAM     CONNECTED     48220    1606/gvfs-afc-volum  
unix  3      [ ]         STREAM     CONNECTED     45446    1/init               /run/systemd/journal/stdout
unix  3      [ ]         STREAM     CONNECTED     50099    1/init               /run/systemd/journal/stdout
unix  3      [ ]         STREAM     CONNECTED     48436    1625/gsd-sharing     
unix  3      [ ]         STREAM     CONNECTED     45621    1269/gsd-screensave  
unix  3      [ ]         STREAM     CONNECTED     49767    1500/dbus-daemon     @/tmp/dbus-k9q2PldMIO
unix  3      [ ]         STREAM     CONNECTED     49540    1805/ibus-engine-si  
unix  3      [ ]         STREAM     CONNECTED     49208    1379/dbus-daemon     /run/user/1000/bus
unix  2      [ ]         DGRAM                    45784    890/gnome-session-b  
unix  2      [ ]         STREAM     CONNECTED     42567    905/gnome-shell      
unix  3      [ ]         STREAM     CONNECTED     41019    839/systemd          
unix  3      [ ]         STREAM     CONNECTED     39965    755/gdm3             
unix  3      [ ]         STREAM     CONNECTED     48824    1500/dbus-daemon     @/tmp/dbus-k9q2PldMIO
unix  3      [ ]         STREAM     CONNECTED     48650    1/init               /run/systemd/journal/stdout
unix  3      [ ]         STREAM     CONNECTED     45813    1213/ibus-daemon     @/tmp/dbus-LCu16Yct
unix  3      [ ]         STREAM     CONNECTED     49053    1379/dbus-daemon     /run/user/1000/bus
unix  2      [ ]         DGRAM                    48988    1625/gsd-sharing     
unix  3      [ ]         STREAM     CONNECTED     47863    1529/pulseaudio      /run/user/1000/pulse/native
unix  3      [ ]         STREAM     CONNECTED     45417    1255/gsd-datetime    
unix  2      [ ]         DGRAM                    49853    1829/gnome-software  
unix  3      [ ]         STREAM     CONNECTED     48407    1/init               /run/systemd/journal/stdout
unix  3      [ ]         STREAM     CONNECTED     45568    1257/gsd-keyboard    
unix  3      [ ]         STREAM     CONNECTED     36541    1/init               
unix  3      [ ]         STREAM     CONNECTED     54190    1379/dbus-daemon     /run/user/1000/bus
unix  3      [ ]         STREAM     CONNECTED     49234    1659/gsd-keyboard    
unix  3      [ ]         STREAM     CONNECTED     45677    1/init               /run/systemd/journal/stdout
unix  3      [ ]         STREAM     CONNECTED     37124    643/dbus-daemon      /var/run/dbus/system_bus_socket
unix  2      [ ]         STREAM     CONNECTED     48913    1620/gsd-print-noti  
unix  3      [ ]         STREAM     CONNECTED     48780    1/init               /run/systemd/journal/stdout
unix  3      [ ]         STREAM     CONNECTED     45863    1252/gsd-color       
unix  3      [ ]         STREAM     CONNECTED     43641    1/init               /run/systemd/journal/stdout
unix  3      [ ]         STREAM     CONNECTED     48969    1372/Xorg            @/tmp/.X11-unix/X0
unix  3      [ ]         STREAM     CONNECTED     48511    1634/gsd-wacom       
unix  3      [ ]         STREAM     CONNECTED     48166    1602/gvfs-goa-volum  
unix  3      [ ]         STREAM     CONNECTED     45471    1004/Xwayland        @/tmp/.X11-unix/X1024
unix  3      [ ]         STREAM     CONNECTED     50119    1849/fwupd           
unix  3      [ ]         STREAM     CONNECTED     48310    1518/gnome-shell     
unix  3      [ ]         STREAM     CONNECTED     45600    1255/gsd-datetime    
unix  3      [ ]         STREAM     CONNECTED     49488    1379/dbus-daemon     /run/user/1000/bus
unix  3      [ ]         STREAM     CONNECTED     49272    1721/nautilus-deskt  
unix  3      [ ]         STREAM     CONNECTED     45732    1/init               /run/systemd/journal/stdout
unix  3      [ ]         STREAM     CONNECTED     42566    1004/Xwayland        
unix  3      [ ]         STREAM     CONNECTED     39966    1/init               /run/systemd/journal/stdout
unix  2      [ ]         STREAM     CONNECTED     38293    700/cups-browsed     
unix  3      [ ]         STREAM     CONNECTED     48922    1379/dbus-daemon     /run/user/1000/bus
unix  3      [ ]         STREAM     CONNECTED     48692    1/init               /run/systemd/journal/stdout
unix  3      [ ]         STREAM     CONNECTED     45877    1282/gsd-wacom       
unix  3      [ ]         STREAM     CONNECTED     42858    905/gnome-shell      
unix  3      [ ]         STREAM     CONNECTED     49731    1/init               /run/systemd/journal/stdout
unix  3      [ ]         STREAM     CONNECTED     49058    643/dbus-daemon      /var/run/dbus/system_bus_socket
unix  3      [ ]         STREAM     CONNECTED     49003    1379/dbus-daemon     /run/user/1000/bus
unix  3      [ ]         STREAM     CONNECTED     45518    1/init               /run/systemd/journal/stdout
unix  3      [ ]         STREAM     CONNECTED     49279    1379/dbus-daemon     /run/user/1000/bus
unix  3      [ ]         STREAM     CONNECTED     48358    1620/gsd-print-noti  
unix  3      [ ]         STREAM     CONNECTED     45595    1267/gsd-rfkill      
unix  3      [ ]         STREAM     CONNECTED     36587    643/dbus-daemon      
unix  3      [ ]         STREAM     CONNECTED     49402    1/init               /run/systemd/journal/stdout
unix  3      [ ]         STREAM     CONNECTED     49231    1721/nautilus-deskt  
unix  3      [ ]         STREAM     CONNECTED     45679    1277/gsd-smartcard   
unix  3      [ ]         STREAM     CONNECTED     41323    905/gnome-shell      
unix  3      [ ]         STREAM     CONNECTED     40861    839/systemd          
unix  3      [ ]         STREAM     CONNECTED     40045    1/init               /run/systemd/journal/stdout
unix  2      [ ]         DGRAM                    37393    661/systemd-logind   
unix  3      [ ]         STREAM     CONNECTED     49072    643/dbus-daemon      /var/run/dbus/system_bus_socket
unix  3      [ ]         STREAM     CONNECTED     48933    643/dbus-daemon      /var/run/dbus/system_bus_socket
unix  3      [ ]         STREAM     CONNECTED     45858    643/dbus-daemon      /var/run/dbus/system_bus_socket
unix  3      [ ]         STREAM     CONNECTED     48968    1659/gsd-keyboard    
unix  3      [ ]         STREAM     CONNECTED     48541    1372/Xorg            @/tmp/.X11-unix/X0
unix  3      [ ]         STREAM     CONNECTED     48169    1379/dbus-daemon     /run/user/1000/bus
unix  3      [ ]         STREAM     CONNECTED     45353    1/init               /run/systemd/journal/stdout
unix  3      [ ]         STREAM     CONNECTED     49866    1829/gnome-software  
unix  3      [ ]         STREAM     CONNECTED     48380    1622/gsd-rfkill      
unix  3      [ ]         STREAM     CONNECTED     45519    1261/gsd-mouse       
unix  3      [ ]         STREAM     CONNECTED     36385    635/python3          
unix  3      [ ]         STREAM     CONNECTED     49463    1/init               /run/systemd/journal/stdout
unix  3      [ ]         STREAM     CONNECTED     49257    1721/nautilus-deskt  
unix  3      [ ]         STREAM     CONNECTED     45737    1280/gsd-sound       
unix  3      [ ]         STREAM     CONNECTED     41327    882/dbus-daemon      /run/user/121/bus
unix  3      [ ]         STREAM     CONNECTED     40048    765/gdm-session-wor  
unix  3      [ ]         STREAM     CONNECTED     37294    1/init               /run/systemd/journal/stdout
unix  3      [ ]         STREAM     CONNECTED     48930    1625/gsd-sharing     
unix  3      [ ]         STREAM     CONNECTED     48691    1645/gsd-clipboard   
unix  3      [ ]         STREAM     CONNECTED     45857    1258/gsd-media-keys  
unix  3      [ ]         STREAM     CONNECTED     42889    1004/Xwayland        @/tmp/.X11-unix/X1024
unix  3      [ ]         STREAM     CONNECTED     49026    1661/gsd-media-keys  
unix  3      [ ]         STREAM     CONNECTED     48784    1634/gsd-wacom       
unix  3      [ ]         STREAM     CONNECTED     48221    1379/dbus-daemon     /run/user/1000/bus
unix  3      [ ]         STREAM     CONNECTED     45393    1247/gsd-a11y-setti  
unix  3      [ ]         STREAM     CONNECTED     54193    1991/deja-dup-monit  
unix  3      [ ]         STREAM     CONNECTED     48383    1/init               /run/systemd/journal/stdout
unix  3      [ ]         STREAM     CONNECTED     45572    1/init               /run/systemd/journal/stdout
unix  3      [ ]         STREAM     CONNECTED     36552    638/accounts-daemon  
unix  3      [ ]         STREAM     CONNECTED     49625    1820/gvfsd-metadata  
unix  3      [ ]         STREAM     CONNECTED     49172    1721/nautilus-deskt  
unix  3      [ ]         STREAM     CONNECTED     45789    905/gnome-shell      
unix  3      [ ]         STREAM     CONNECTED     41261    882/dbus-daemon      /run/user/121/bus
unix  3      [ ]         STREAM     CONNECTED     40077    765/gdm-session-wor  
unix  3      [ ]         STREAM     CONNECTED     37473    684/snapd            
unix  3      [ ]         STREAM     CONNECTED     49064    1661/gsd-media-keys  
unix  3      [ ]         STREAM     CONNECTED     48671    1379/dbus-daemon     /run/user/1000/bus
unix  3      [ ]         STREAM     CONNECTED     45839    1040/dbus-daemon     @/tmp/dbus-kcce6d8hTc
unix  3      [ ]         STREAM     CONNECTED     42822    1033/at-spi-bus-lau  
unix  3      [ ]         STREAM     CONNECTED     48943    1620/gsd-print-noti  
unix  3      [ ]         STREAM     CONNECTED     48515    1379/dbus-daemon     /run/user/1000/bus
unix  3      [ ]         STREAM     CONNECTED     48119    643/dbus-daemon      /var/run/dbus/system_bus_socket
unix  3      [ ]         STREAM     CONNECTED     45422    1004/Xwayland        @/tmp/.X11-unix/X1024
unix  2      [ ]         DGRAM                    49293    1719/vmtoolsd        
unix  3      [ ]         STREAM     CONNECTED     48413    1622/gsd-rfkill      
unix  3      [ ]         STREAM     CONNECTED     45650    1/init               /run/systemd/journal/stdout
unix  3      [ ]         STREAM     CONNECTED     36593    643/dbus-daemon      /var/run/dbus/system_bus_socket
unix  3      [ ]         STREAM     CONNECTED     49406    1769/dconf-service   
unix  3      [ ]         STREAM     CONNECTED     49269    1372/Xorg            @/tmp/.X11-unix/X0
unix  3      [ ]         DGRAM                    46732    1352/systemd         
unix  3      [ ]         STREAM     CONNECTED     45710    1277/gsd-smartcard   
unix  3      [ ]         STREAM     CONNECTED     41324    643/dbus-daemon      /var/run/dbus/system_bus_socket
unix  3      [ ]         STREAM     CONNECTED     37217    662/dbus             
unix  3      [ ]         STREAM     CONNECTED     48921    1665/gsd-mouse       
unix  3      [ ]         STREAM     CONNECTED     48670    1635/gsd-sound       
unix  3      [ ]         STREAM     CONNECTED     45812    1297/ibus-engine-si  
unix  3      [ ]         STREAM     CONNECTED     42887    1040/dbus-daemon     @/tmp/dbus-kcce6d8hTc
unix  3      [ ]         STREAM     CONNECTED     49002    1654/gsd-datetime    
unix  3      [ ]         STREAM     CONNECTED     48616    1625/gsd-sharing     
unix  3      [ ]         STREAM     CONNECTED     47845    1585/goa-identity-s  
unix  3      [ ]         STREAM     CONNECTED     45391    1252/gsd-color       
unix  3      [ ]         STREAM     CONNECTED     49276    1719/vmtoolsd        
unix  3      [ ]         STREAM     CONNECTED     48381    1/init               /run/systemd/journal/stdout
unix  3      [ ]         STREAM     CONNECTED     45598    1004/Xwayland        @/tmp/.X11-unix/X1024
unix  3      [ ]         STREAM     CONNECTED     36669    1/init               /run/systemd/journal/stdout
unix  3      [ ]         STREAM     CONNECTED     49399    1769/dconf-service   
unix  3      [ ]         STREAM     CONNECTED     49149    1/init               /run/systemd/journal/stdout
unix  3      [ ]         STREAM     CONNECTED     45761    1271/gsd-sharing     
unix  3      [ ]         STREAM     CONNECTED     41301    1/init               /run/systemd/journal/stdout
unix  2      [ ]         DGRAM                    40886    839/systemd          
unix  3      [ ]         STREAM     CONNECTED     40470    1/init               /run/systemd/journal/stdout
unix  3      [ ]         STREAM     CONNECTED     40044    765/gdm-session-wor  
unix  3      [ ]         STREAM     CONNECTED     48916    1619/gsd-power       
unix  3      [ ]         STREAM     CONNECTED     48750    1654/gsd-datetime    
unix  3      [ ]         STREAM     CONNECTED     45842    1220/ibus-x11        
unix  3      [ ]         STREAM     CONNECTED     43066    1056/rtkit-daemon    

root@ubuntu:/home/jiao# lsof |more
lsof: WARNING: can't stat() fuse.gvfsd-fuse file system /run/user/1000/gvfs
      Output information may be incomplete.
COMMAND    PID  TID             USER   FD      TYPE             DEVICE SIZE/OFF
       NODE NAME
systemd      1                  root  cwd       DIR                8,1     4096
          2 /
systemd      1                  root  rtd       DIR                8,1     4096
          2 /
systemd      1                  root  txt       REG                8,1  1595792
     415579 /lib/systemd/systemd
systemd      1                  root  mem       REG                8,1  1700792
     399636 /lib/x86_64-linux-gnu/libm-2.27.so
systemd      1                  root  mem       REG                8,1   121016
     399130 /lib/x86_64-linux-gnu/libudev.so.1.6.9
systemd      1                  root  mem       REG                8,1    84032
     399614 /lib/x86_64-linux-gnu/libgpg-error.so.0.22.0
systemd      1                  root  mem       REG                8,1    43304
     399625 /lib/x86_64-linux-gnu/libjson-c.so.3.0.1
systemd      1                  root  mem       REG                8,1    34872
     142362 /usr/lib/x86_64-linux-gnu/libargon2.so.0
systemd      1                  root  mem       REG                8,1   432640
     399595 /lib/x86_64-linux-gnu/libdevmapper.so.1.02.1
systemd      1                  root  mem       REG                8,1    18680
     399561 /lib/x86_64-linux-gnu/libattr.so.1.1.0
systemd      1                  root  mem       REG                8,1    18712
     399576 /lib/x86_64-linux-gnu/libcap-ng.so.0.0.0
systemd      1                  root  mem       REG                8,1    27112
     399741 /lib/x86_64-linux-gnu/libuuid.so.1.3.0
systemd      1                  root  mem       REG                8,1    14560

root@ubuntu:/home/jiao# ps auxwwem
USER        PID %CPU %MEM    VSZ   RSS TTY      STAT START   TIME COMMAND
root          1  0.1  0.2 159932  9124 ?        -    23:00   0:03 /sbin/init auto noprompt find_preseed=/preseed.cfg HOME=/ init=/sbin/init NETWORK_SKIP_ENSLAVED= recovery= locale=en_US TERM=linux drop_caps= BOOT_IMAGE=/boot/vmlinuz-5.0.0-25-generic PATH=/sbin:/usr/sbin:/bin:/usr/bin PWD=/ rootmnt=/root priority=critical
root          -  0.1    -      -     - -        Ss   23:00   0:03 -
root          2  0.0  0.0      0     0 ?        -    23:00   0:00 [kthreadd]
root          -  0.0    -      -     - -        S    23:00   0:00 -
root          3  0.0  0.0      0     0 ?        -    23:00   0:00 [rcu_gp]
root          -  0.0    -      -     - -        I<   23:00   0:00 -
root          4  0.0  0.0      0     0 ?        -    23:00   0:00 [rcu_par_gp]
root          -  0.0    -      -     - -        I<   23:00   0:00 -
root          6  0.0  0.0      0     0 ?        -    23:00   0:00 [kworker/0:0H-kb]
root          -  0.0    -      -     - -        I<   23:00   0:00 -
root          8  0.0  0.0      0     0 ?        -    23:00   0:00 [mm_percpu_wq]
root          -  0.0    -      -     - -        I<   23:00   0:00 -
root          9  0.0  0.0      0     0 ?        -    23:00   0:00 [ksoftirqd/0]
root          -  0.0    -      -     - -        S    23:00   0:00 -
root         10  0.0  0.0      0     0 ?        -    23:00   0:01 [rcu_sched]
root          -  0.0    -      -     - -        I    23:00   0:01 -
root         11  0.0  0.0      0     0 ?        -    23:00   0:00 [migration/0]
root          -  0.0    -      -     - -        S    23:00   0:00 -
root         12  0.0  0.0      0     0 ?        -    23:00   0:00 [idle_inject/0]
root          -  0.0    -      -     - -        S    23:00   0:00 -
root         13  0.0  0.0      0     0 ?        -    23:00   0:02 [kworker/0:1-eve]
root          -  0.0    -      -     - -        I    23:00   0:02 -
root         14  0.0  0.0      0     0 ?        -    23:00   0:00 [cpuhp/0]
root          -  0.0    -      -     - -        S    23:00   0:00 -
root         15  0.0  0.0      0     0 ?        -    23:00   0:00 [kdevtmpfs]
root          -  0.0    -      -     - -        S    23:00   0:00 -
root         16  0.0  0.0      0     0 ?        -    23:00   0:00 [netns]
root          -  0.0    -      -     - -        I<   23:00   0:00 -
root         17  0.0  0.0      0     0 ?        -    23:00   0:00 [rcu_tasks_kthre]
root          -  0.0    -      -     - -        S    23:00   0:00 -
root         18  0.0  0.0      0     0 ?        -    23:00   0:00 [kauditd]
root          -  0.0    -      -     - -        S    23:00   0:00 -
root         19  0.0  0.0      0     0 ?        -    23:00   0:00 [khungtaskd]
root          -  0.0    -      -     - -        S    23:00   0:00 -
root         20  0.0  0.0      0     0 ?        -    23:00   0:00 [oom_reaper]
root          -  0.0    -      -     - -        S    23:00   0:00 -
root         21  0.0  0.0      0     0 ?        -    23:00   0:00 [writeback]
root          -  0.0    -      -     - -        I<   23:00   0:00 -
root         22  0.0  0.0      0     0 ?        -    23:00   0:00 [kcompactd0]
root          -  0.0    -      -     - -        S    23:00   0:00 -
root         23  0.0  0.0      0     0 ?        -    23:00   0:00 [ksmd]
root          -  0.0    -      -     - -        SN   23:00   0:00 -
root         24  0.0  0.0      0     0 ?        -    23:00   0:00 [khugepaged]
root          -  0.0    -      -     - -        SN   23:00   0:00 -
root         25  0.0  0.0      0     0 ?        -    23:00   0:00 [crypto]
root          -  0.0    -      -     - -        I<   23:00   0:00 -
root         26  0.0  0.0      0     0 ?        -    23:00   0:00 [kintegrityd]
root          -  0.0    -      -     - -        I<   23:00   0:00 -
root         27  0.0  0.0      0     0 ?        -    23:00   0:00 [kblockd]
root          -  0.0    -      -     - -        I<   23:00   0:00 -
root         28  0.0  0.0      0     0 ?        -    23:00   0:00 [tpm_dev_wq]
root          -  0.0    -      -     - -        I<   23:00   0:00 -
root         29  0.0  0.0      0     0 ?        -    23:00   0:00 [ata_sff]
root          -  0.0    -      -     - -        I<   23:00   0:00 -
root         30  0.0  0.0      0     0 ?        -    23:00   0:00 [md]
root          -  0.0    -      -     - -        I<   23:00   0:00 -
root         31  0.0  0.0      0     0 ?        -    23:00   0:00 [edac-poller]
root          -  0.0    -      -     - -        I<   23:00   0:00 -
root         32  0.0  0.0      0     0 ?        -    23:00   0:00 [devfreq_wq]
root          -  0.0    -      -     - -        I<   23:00   0:00 -
root         33  0.0  0.0      0     0 ?        -    23:00   0:00 [watchdogd]
root          -  0.0    -      -     - -        S    23:00   0:00 -
root         37  0.0  0.0      0     0 ?        -    23:00   0:00 [kswapd0]
root          -  0.0    -      -     - -        S    23:00   0:00 -
root         39  0.0  0.0      0     0 ?        -    23:00   0:00 [ecryptfs-kthrea]
root          -  0.0    -      -     - -        S    23:00   0:00 -
root        128  0.0  0.0      0     0 ?        -    23:00   0:00 [kthrotld]
root          -  0.0    -      -     - -        I<   23:00   0:00 -
root        129  0.0  0.0      0     0 ?        -    23:00   0:00 [irq/24-pciehp]
root          -  0.0    -      -     - -        S    23:00   0:00 -
root        130  0.0  0.0      0     0 ?        -    23:00   0:00 [irq/25-pciehp]
root          -  0.0    -      -     - -        S    23:00   0:00 -
root        131  0.0  0.0      0     0 ?        -    23:00   0:00 [irq/26-pciehp]
root          -  0.0    -      -     - -        S    23:00   0:00 -
root        132  0.0  0.0      0     0 ?        -    23:00   0:00 [irq/27-pciehp]
root          -  0.0    -      -     - -        S    23:00   0:00 -
root        133  0.0  0.0      0     0 ?        -    23:00   0:00 [irq/28-pciehp]
root          -  0.0    -      -     - -        S    23:00   0:00 -
root        134  0.0  0.0      0     0 ?        -    23:00   0:00 [irq/29-pciehp]
root          -  0.0    -      -     - -        S    23:00   0:00 -
root        135  0.0  0.0      0     0 ?        -    23:00   0:00 [irq/30-pciehp]
root          -  0.0    -      -     - -        S    23:00   0:00 -
root        136  0.0  0.0      0     0 ?        -    23:00   0:00 [irq/31-pciehp]
root          -  0.0    -      -     - -        S    23:00   0:00 -
root        137  0.0  0.0      0     0 ?        -    23:00   0:00 [irq/32-pciehp]
root          -  0.0    -      -     - -        S    23:00   0:00 -
root        138  0.0  0.0      0     0 ?        -    23:00   0:00 [irq/33-pciehp]
root          -  0.0    -      -     - -        S    23:00   0:00 -
root        139  0.0  0.0      0     0 ?        -    23:00   0:00 [irq/34-pciehp]
root          -  0.0    -      -     - -        S    23:00   0:00 -
root        140  0.0  0.0      0     0 ?        -    23:00   0:00 [irq/35-pciehp]
root          -  0.0    -      -     - -        S    23:00   0:00 -
root        141  0.0  0.0      0     0 ?        -    23:00   0:00 [irq/36-pciehp]
root          -  0.0    -      -     - -        S    23:00   0:00 -
root        142  0.0  0.0      0     0 ?        -    23:00   0:00 [irq/37-pciehp]
root          -  0.0    -      -     - -        S    23:00   0:00 -
root        143  0.0  0.0      0     0 ?        -    23:00   0:00 [irq/38-pciehp]
root          -  0.0    -      -     - -        S    23:00   0:00 -
root        144  0.0  0.0      0     0 ?        -    23:00   0:00 [irq/39-pciehp]
root          -  0.0    -      -     - -        S    23:00   0:00 -
root        145  0.0  0.0      0     0 ?        -    23:00   0:00 [irq/40-pciehp]
root          -  0.0    -      -     - -        S    23:00   0:00 -
root        146  0.0  0.0      0     0 ?        -    23:00   0:00 [irq/41-pciehp]
root          -  0.0    -      -     - -        S    23:00   0:00 -
root        147  0.0  0.0      0     0 ?        -    23:00   0:00 [irq/42-pciehp]
root          -  0.0    -      -     - -        S    23:00   0:00 -
root        148  0.0  0.0      0     0 ?        -    23:00   0:00 [irq/43-pciehp]
root          -  0.0    -      -     - -        S    23:00   0:00 -
root        149  0.0  0.0      0     0 ?        -    23:00   0:00 [irq/44-pciehp]
root          -  0.0    -      -     - -        S    23:00   0:00 -
root        150  0.0  0.0      0     0 ?        -    23:00   0:00 [irq/45-pciehp]
root          -  0.0    -      -     - -        S    23:00   0:00 -
root        151  0.0  0.0      0     0 ?        -    23:00   0:00 [irq/46-pciehp]
root          -  0.0    -      -     - -        S    23:00   0:00 -
root        152  0.0  0.0      0     0 ?        -    23:00   0:00 [irq/47-pciehp]
root          -  0.0    -      -     - -        S    23:00   0:00 -
root        153  0.0  0.0      0     0 ?        -    23:00   0:00 [irq/48-pciehp]
root          -  0.0    -      -     - -        S    23:00   0:00 -
root        154  0.0  0.0      0     0 ?        -    23:00   0:00 [irq/49-pciehp]
root          -  0.0    -      -     - -        S    23:00   0:00 -
root        155  0.0  0.0      0     0 ?        -    23:00   0:00 [irq/50-pciehp]
root          -  0.0    -      -     - -        S    23:00   0:00 -
root        156  0.0  0.0      0     0 ?        -    23:00   0:00 [irq/51-pciehp]
root          -  0.0    -      -     - -        S    23:00   0:00 -
root        157  0.0  0.0      0     0 ?        -    23:00   0:00 [irq/52-pciehp]
root          -  0.0    -      -     - -        S    23:00   0:00 -
root        158  0.0  0.0      0     0 ?        -    23:00   0:00 [irq/53-pciehp]
root          -  0.0    -      -     - -        S    23:00   0:00 -
root        159  0.0  0.0      0     0 ?        -    23:00   0:00 [irq/54-pciehp]
root          -  0.0    -      -     - -        S    23:00   0:00 -
root        160  0.0  0.0      0     0 ?        -    23:00   0:00 [irq/55-pciehp]
root          -  0.0    -      -     - -        S    23:00   0:00 -
root        161  0.0  0.0      0     0 ?        -    23:00   0:00 [acpi_thermal_pm]
root          -  0.0    -      -     - -        I<   23:00   0:00 -
root        162  0.0  0.0      0     0 ?        -    23:00   0:00 [scsi_eh_0]
root          -  0.0    -      -     - -        S    23:00   0:00 -
root        163  0.0  0.0      0     0 ?        -    23:00   0:00 [scsi_tmf_0]
root          -  0.0    -      -     - -        I<   23:00   0:00 -
root        164  0.0  0.0      0     0 ?        -    23:00   0:00 [scsi_eh_1]
root          -  0.0    -      -     - -        S    23:00   0:00 -
root        165  0.0  0.0      0     0 ?        -    23:00   0:00 [scsi_tmf_1]
root          -  0.0    -      -     - -        I<   23:00   0:00 -
root        168  0.0  0.0      0     0 ?        -    23:00   0:00 [ipv6_addrconf]
root          -  0.0    -      -     - -        I<   23:00   0:00 -
root        179  0.0  0.0      0     0 ?        -    23:00   0:00 [kstrp]
root          -  0.0    -      -     - -        I<   23:00   0:00 -
root        198  0.0  0.0      0     0 ?        -    23:00   0:00 [charger_manager]
root          -  0.0    -      -     - -        I<   23:00   0:00 -
root        222  0.0  0.0      0     0 ?        -    23:00   0:00 [kworker/0:2-eve]
root          -  0.0    -      -     - -        I    23:00   0:00 -
root        249  0.0  0.0      0     0 ?        -    23:00   0:00 [mpt_poll_0]
root          -  0.0    -      -     - -        I<   23:00   0:00 -
root        250  0.0  0.0      0     0 ?        -    23:00   0:00 [mpt/0]
root          -  0.0    -      -     - -        I<   23:00   0:00 -
root        251  0.0  0.0      0     0 ?        -    23:00   0:00 [scsi_eh_2]
root          -  0.0    -      -     - -        S    23:00   0:00 -
root        252  0.0  0.0      0     0 ?        -    23:00   0:00 [scsi_tmf_2]
root          -  0.0    -      -     - -        I<   23:00   0:00 -
root        253  0.0  0.0      0     0 ?        -    23:00   0:00 [scsi_eh_3]
root          -  0.0    -      -     - -        S    23:00   0:00 -
root        254  0.0  0.0      0     0 ?        -    23:00   0:00 [scsi_tmf_3]
root          -  0.0    -      -     - -        I<   23:00   0:00 -
root        255  0.0  0.0      0     0 ?        -    23:00   0:00 [scsi_eh_4]
root          -  0.0    -      -     - -        S    23:00   0:00 -
root        256  0.0  0.0      0     0 ?        -    23:00   0:00 [scsi_tmf_4]
root          -  0.0    -      -     - -        I<   23:00   0:00 -
root        257  0.0  0.0      0     0 ?        -    23:00   0:00 [scsi_eh_5]
root          -  0.0    -      -     - -        S    23:00   0:00 -
root        258  0.0  0.0      0     0 ?        -    23:00   0:00 [scsi_tmf_5]
root          -  0.0    -      -     - -        I<   23:00   0:00 -
root        259  0.0  0.0      0     0 ?        -    23:00   0:00 [scsi_eh_6]
root          -  0.0    -      -     - -        S    23:00   0:00 -
root        260  0.0  0.0      0     0 ?        -    23:00   0:00 [scsi_tmf_6]
root          -  0.0    -      -     - -        I<   23:00   0:00 -
root        261  0.0  0.0      0     0 ?        -    23:00   0:00 [scsi_eh_7]
root          -  0.0    -      -     - -        S    23:00   0:00 -
root        262  0.0  0.0      0     0 ?        -    23:00   0:00 [scsi_tmf_7]
root          -  0.0    -      -     - -        I<   23:00   0:00 -
root        263  0.0  0.0      0     0 ?        -    23:00   0:00 [scsi_eh_8]
root          -  0.0    -      -     - -        S    23:00   0:00 -
root        264  0.0  0.0      0     0 ?        -    23:00   0:00 [scsi_tmf_8]
root          -  0.0    -      -     - -        I<   23:00   0:00 -
root        265  0.0  0.0      0     0 ?        -    23:00   0:00 [scsi_eh_9]
root          -  0.0    -      -     - -        S    23:00   0:00 -
root        266  0.0  0.0      0     0 ?        -    23:00   0:00 [scsi_tmf_9]
root          -  0.0    -      -     - -        I<   23:00   0:00 -
root        267  0.0  0.0      0     0 ?        -    23:00   0:00 [scsi_eh_10]
root          -  0.0    -      -     - -        S    23:00   0:00 -
root        268  0.0  0.0      0     0 ?        -    23:00   0:00 [scsi_tmf_10]
root          -  0.0    -      -     - -        I<   23:00   0:00 -
root        269  0.0  0.0      0     0 ?        -    23:00   0:00 [scsi_eh_11]
root          -  0.0    -      -     - -        S    23:00   0:00 -
root        270  0.0  0.0      0     0 ?        -    23:00   0:00 [scsi_tmf_11]
root          -  0.0    -      -     - -        I<   23:00   0:00 -
root        271  0.0  0.0      0     0 ?        -    23:00   0:00 [scsi_eh_12]
root          -  0.0    -      -     - -        S    23:00   0:00 -
root        272  0.0  0.0      0     0 ?        -    23:00   0:00 [scsi_tmf_12]
root          -  0.0    -      -     - -        I<   23:00   0:00 -
root        273  0.0  0.0      0     0 ?        -    23:00   0:00 [scsi_eh_13]
root          -  0.0    -      -     - -        S    23:00   0:00 -
root        274  0.0  0.0      0     0 ?        -    23:00   0:00 [scsi_tmf_13]
root          -  0.0    -      -     - -        I<   23:00   0:00 -
root        275  0.0  0.0      0     0 ?        -    23:00   0:00 [scsi_eh_14]
root          -  0.0    -      -     - -        S    23:00   0:00 -
root        276  0.0  0.0      0     0 ?        -    23:00   0:00 [scsi_tmf_14]
root          -  0.0    -      -     - -        I<   23:00   0:00 -
root        277  0.0  0.0      0     0 ?        -    23:00   0:00 [scsi_eh_15]
root          -  0.0    -      -     - -        S    23:00   0:00 -
root        278  0.0  0.0      0     0 ?        -    23:00   0:00 [scsi_tmf_15]
root          -  0.0    -      -     - -        I<   23:00   0:00 -
root        279  0.0  0.0      0     0 ?        -    23:00   0:00 [scsi_eh_16]
root          -  0.0    -      -     - -        S    23:00   0:00 -
root        280  0.0  0.0      0     0 ?        -    23:00   0:00 [scsi_tmf_16]
root          -  0.0    -      -     - -        I<   23:00   0:00 -
root        281  0.0  0.0      0     0 ?        -    23:00   0:00 [scsi_eh_17]
root          -  0.0    -      -     - -        S    23:00   0:00 -
root        282  0.0  0.0      0     0 ?        -    23:00   0:00 [scsi_tmf_17]
root          -  0.0    -      -     - -        I<   23:00   0:00 -
root        283  0.0  0.0      0     0 ?        -    23:00   0:00 [scsi_eh_18]
root          -  0.0    -      -     - -        S    23:00   0:00 -
root        284  0.0  0.0      0     0 ?        -    23:00   0:00 [scsi_tmf_18]
root          -  0.0    -      -     - -        I<   23:00   0:00 -
root        285  0.0  0.0      0     0 ?        -    23:00   0:00 [scsi_eh_19]
root          -  0.0    -      -     - -        S    23:00   0:00 -
root        286  0.0  0.0      0     0 ?        -    23:00   0:00 [scsi_tmf_19]
root          -  0.0    -      -     - -        I<   23:00   0:00 -
root        287  0.0  0.0      0     0 ?        -    23:00   0:00 [scsi_eh_20]
root          -  0.0    -      -     - -        S    23:00   0:00 -
root        288  0.0  0.0      0     0 ?        -    23:00   0:00 [scsi_tmf_20]
root          -  0.0    -      -     - -        I<   23:00   0:00 -
root        289  0.0  0.0      0     0 ?        -    23:00   0:00 [scsi_eh_21]
root          -  0.0    -      -     - -        S    23:00   0:00 -
root        290  0.0  0.0      0     0 ?        -    23:00   0:00 [scsi_tmf_21]
root          -  0.0    -      -     - -        I<   23:00   0:00 -
root        291  0.0  0.0      0     0 ?        -    23:00   0:00 [scsi_eh_22]
root          -  0.0    -      -     - -        S    23:00   0:00 -
root        292  0.0  0.0      0     0 ?        -    23:00   0:00 [scsi_tmf_22]
root          -  0.0    -      -     - -        I<   23:00   0:00 -
root        293  0.0  0.0      0     0 ?        -    23:00   0:00 [scsi_eh_23]
root          -  0.0    -      -     - -        S    23:00   0:00 -
root        294  0.0  0.0      0     0 ?        -    23:00   0:00 [scsi_tmf_23]
root          -  0.0    -      -     - -        I<   23:00   0:00 -
root        295  0.0  0.0      0     0 ?        -    23:00   0:00 [scsi_eh_24]
root          -  0.0    -      -     - -        S    23:00   0:00 -
root        296  0.0  0.0      0     0 ?        -    23:00   0:00 [scsi_tmf_24]
root          -  0.0    -      -     - -        I<   23:00   0:00 -
root        297  0.0  0.0      0     0 ?        -    23:00   0:00 [scsi_eh_25]
root          -  0.0    -      -     - -        S    23:00   0:00 -
root        298  0.0  0.0      0     0 ?        -    23:00   0:00 [scsi_tmf_25]
root          -  0.0    -      -     - -        I<   23:00   0:00 -
root        299  0.0  0.0      0     0 ?        -    23:00   0:00 [scsi_eh_26]
root          -  0.0    -      -     - -        S    23:00   0:00 -
root        300  0.0  0.0      0     0 ?        -    23:00   0:00 [scsi_tmf_26]
root          -  0.0    -      -     - -        I<   23:00   0:00 -
root        301  0.0  0.0      0     0 ?        -    23:00   0:00 [scsi_eh_27]
root          -  0.0    -      -     - -        S    23:00   0:00 -
root        302  0.0  0.0      0     0 ?        -    23:00   0:00 [scsi_tmf_27]
root          -  0.0    -      -     - -        I<   23:00   0:00 -
root        303  0.0  0.0      0     0 ?        -    23:00   0:00 [scsi_eh_28]
root          -  0.0    -      -     - -        S    23:00   0:00 -
root        304  0.0  0.0      0     0 ?        -    23:00   0:00 [scsi_tmf_28]
root          -  0.0    -      -     - -        I<   23:00   0:00 -
root        305  0.0  0.0      0     0 ?        -    23:00   0:00 [scsi_eh_29]
root          -  0.0    -      -     - -        S    23:00   0:00 -
root        306  0.0  0.0      0     0 ?        -    23:00   0:00 [scsi_tmf_29]
root          -  0.0    -      -     - -        I<   23:00   0:00 -
root        307  0.0  0.0      0     0 ?        -    23:00   0:00 [scsi_eh_30]
root          -  0.0    -      -     - -        S    23:00   0:00 -
root        308  0.0  0.0      0     0 ?        -    23:00   0:00 [scsi_tmf_30]
root          -  0.0    -      -     - -        I<   23:00   0:00 -
root        309  0.0  0.0      0     0 ?        -    23:00   0:00 [scsi_eh_31]
root          -  0.0    -      -     - -        S    23:00   0:00 -
root        310  0.0  0.0      0     0 ?        -    23:00   0:00 [scsi_tmf_31]
root          -  0.0    -      -     - -        I<   23:00   0:00 -
root        335  0.0  0.0      0     0 ?        -    23:00   0:00 [kworker/u256:29]
root          -  0.0    -      -     - -        I    23:00   0:00 -
root        337  0.0  0.0      0     0 ?        -    23:00   0:00 [scsi_eh_32]
root          -  0.0    -      -     - -        S    23:00   0:00 -
root        339  0.0  0.0      0     0 ?        -    23:00   0:00 [scsi_tmf_32]
root          -  0.0    -      -     - -        I<   23:00   0:00 -
root        341  0.0  0.0      0     0 ?        -    23:00   0:00 [kworker/0:1H-kb]
root          -  0.0    -      -     - -        I<   23:00   0:00 -
root        364  0.0  0.0      0     0 ?        -    23:00   0:00 [jbd2/sda1-8]
root          -  0.0    -      -     - -        S    23:00   0:00 -
root        365  0.0  0.0      0     0 ?        -    23:00   0:00 [ext4-rsv-conver]
root          -  0.0    -      -     - -        I<   23:00   0:00 -
root        404  0.0  0.5  95236 16128 ?        -    23:00   0:00 /lib/systemd/systemd-journald LANG=en_US.UTF-8 PATH=/usr/local/sbin:/usr/local/bin:/usr/sbin:/usr/bin:/sbin:/bin NOTIFY_SOCKET=/run/systemd/notify LISTEN_PID=404 LISTEN_FDS=4 LISTEN_FDNAMES=systemd-journald-audit.socket:systemd-journald.socket:systemd-journald.socket:systemd-journald-dev-log.socket WATCHDOG_PID=404 WATCHDOG_USEC=180000000 INVOCATION_ID=9717a467d90547caba04562191a0f846
root          -  0.0    -      -     - -        S<s  23:00   0:00 -
root        416  0.0  0.0      0     0 ?        -    23:00   0:00 [loop0]
root          -  0.0    -      -     - -        S<   23:00   0:00 -
root        419  0.0  0.0      0     0 ?        -    23:00   0:00 [loop1]
root          -  0.0    -      -     - -        S<   23:00   0:00 -
root        421  0.0  0.0      0     0 ?        -    23:00   0:00 [loop2]
root          -  0.0    -      -     - -        S<   23:00   0:00 -
root        423  0.0  0.0      0     0 ?        -    23:00   0:00 [loop3]
root          -  0.0    -      -     - -        S<   23:00   0:00 -
root        424  0.0  0.0      0     0 ?        -    23:00   0:00 [loop4]
root          -  0.0    -      -     - -        S<   23:00   0:00 -
root        426  0.0  0.0      0     0 ?        -    23:00   0:00 [irq/16-vmwgfx]
root          -  0.0    -      -     - -        S    23:00   0:00 -
root        427  0.0  0.0      0     0 ?        -    23:00   0:00 [ttm_swap]
root          -  0.0    -      -     - -        I<   23:00   0:00 -
root        429  0.0  0.0      0     0 ?        -    23:00   0:00 [loop5]
root          -  0.0    -      -     - -        S<   23:00   0:00 -
root        430  0.0  0.0      0     0 ?        -    23:00   0:00 [loop6]
root          -  0.0    -      -     - -        S<   23:00   0:00 -
root        432  0.0  0.0      0     0 ?        -    23:00   0:00 [loop7]
root          -  0.0    -      -     - -        S<   23:00   0:00 -
root        434  0.0  0.0      0     0 ?        -    23:00   0:00 [loop8]
root          -  0.0    -      -     - -        S<   23:00   0:00 -
root        437  0.0  0.0      0     0 ?        -    23:00   0:00 [loop9]
root          -  0.0    -      -     - -        S<   23:00   0:00 -
root        440  0.0  0.0      0     0 ?        -    23:00   0:00 [loop10]
root          -  0.0    -      -     - -        S<   23:00   0:00 -
root        442  0.0  0.0      0     0 ?        -    23:00   0:00 [loop11]
root          -  0.0    -      -     - -        S<   23:00   0:00 -
root        450  0.0  0.0      0     0 ?        -    23:00   0:00 [loop12]
root          -  0.0    -      -     - -        S<   23:00   0:00 -
root        453  0.0  0.0      0     0 ?        -    23:00   0:00 [loop13]
root          -  0.0    -      -     - -        S<   23:00   0:00 -
root        454  0.0  0.1  46404  4596 ?        -    23:00   0:00 /lib/systemd/systemd-udevd LANG=en_US.UTF-8 PATH=/usr/local/sbin:/usr/local/bin:/usr/sbin:/usr/bin:/sbin:/bin NOTIFY_SOCKET=/run/systemd/notify LISTEN_PID=454 LISTEN_FDS=2 LISTEN_FDNAMES=systemd-udevd-control.socket:systemd-udevd-kernel.socket WATCHDOG_PID=454 WATCHDOG_USEC=180000000 INVOCATION_ID=194fc62cbd69447985f04b03b78c22fa JOURNAL_STREAM=9:30915
root          -  0.0    -      -     - -        Ss   23:00   0:00 -
root        455  0.0  0.0      0     0 ?        -    23:00   0:00 [loop14]
root          -  0.0    -      -     - -        S<   23:00   0:00 -
root        456  0.0  0.0      0     0 ?        -    23:00   0:00 [loop15]
root          -  0.0    -      -     - -        S<   23:00   0:00 -
root        457  0.0  0.0      0     0 ?        -    23:00   0:00 [loop16]
root          -  0.0    -      -     - -        S<   23:00   0:00 -
root        515  0.0  0.0 158784   316 ?        -    23:00   0:00 vmware-vmblock-fuse /run/vmblock-fuse -o rw,subtype=vmware-vmblock,default_permissions,allow_other,dev,suid HOME=/root JOURNAL_STREAM=9:34264 INVOCATION_ID=3cf3906e06cf4e7ebea10ffa681d13bc LANG=en_US.UTF-8 PWD=/
root          -  0.0    -      -     - -        Ssl  23:00   0:00 -
root          -  0.0    -      -     - -        Ssl  23:00   0:00 -
root          -  0.0    -      -     - -        Ssl  23:00   0:00 -
systemd+    541  0.0  0.1  70624  5408 ?        -    23:00   0:00 /lib/systemd/systemd-resolved LANG=en_US.UTF-8 PATH=/usr/local/sbin:/usr/local/bin:/usr/sbin:/usr/bin:/sbin:/bin NOTIFY_SOCKET=/run/systemd/notify WATCHDOG_PID=541 WATCHDOG_USEC=180000000 HOME=/run/systemd/resolve LOGNAME=systemd-resolve USER=systemd-resolve INVOCATION_ID=4decfd2b7392456da986fcbd1df09da3 JOURNAL_STREAM=9:34551
systemd+      -  0.0    -      -     - -        Ss   23:00   0:00 -
root        542  0.0  0.3  88220 10404 ?        -    23:00   0:00 /usr/bin/VGAuthService LANG=en_US.UTF-8 PATH=/usr/local/sbin:/usr/local/bin:/usr/sbin:/usr/bin:/sbin:/bin INVOCATION_ID=918e81197788466d8d123208e0d7f75e JOURNAL_STREAM=9:34604
root          -  0.0    -      -     - -        Ss   23:00   0:00 -
systemd+    543  0.0  0.1 146108  3264 ?        -    23:00   0:00 /lib/systemd/systemd-timesyncd LANG=en_US.UTF-8 PATH=/usr/local/sbin:/usr/local/bin:/usr/sbin:/usr/bin:/sbin:/bin NOTIFY_SOCKET=/run/systemd/notify WATCHDOG_PID=543 WATCHDOG_USEC=180000000 LOGNAME=systemd-timesync USER=systemd-timesync INVOCATION_ID=fcb9f322b4e541b99a283c64d5e225eb JOURNAL_STREAM=9:34664
systemd+      -  0.0    -      -     - -        Ssl  23:00   0:00 -
systemd+      -  0.0    -      -     - -        Ssl  23:00   0:00 -
root        586  0.0  0.3 132880 11884 ?        -    23:00   0:02 /usr/bin/vmtoolsd LANG=en_US.UTF-8 PATH=/usr/local/sbin:/usr/local/bin:/usr/sbin:/usr/bin:/sbin:/bin INVOCATION_ID=b42444c704af4cb7accafc0eed7198f8 JOURNAL_STREAM=9:35391
root          -  0.0    -      -     - -        Ss   23:00   0:02 -
avahi       597  0.0  0.1  47252  3188 ?        -    23:00   0:00 avahi-daemon: running [ubuntu.local] ntu.local]                                                                                                                                                                                                                                               
avahi         -  0.0    -      -     - -        Ss   23:00   0:00 -
syslog      603  0.0  0.1 263032  4628 ?        -    23:00   0:00 /usr/sbin/rsyslogd -n LANG=en_US.UTF-8 PATH=/usr/local/sbin:/usr/local/bin:/usr/sbin:/usr/bin:/sbin:/bin NOTIFY_SOCKET=/run/systemd/notify LISTEN_PID=603 LISTEN_FDS=1 LISTEN_FDNAMES=syslog.socket INVOCATION_ID=92d3e5d68dcf41de8bd18a684d1a5e42
syslog        -  0.0    -      -     - -        Ssl  23:00   0:00 -
syslog        -  0.0    -      -     - -        Ssl  23:00   0:00 -
syslog        -  0.0    -      -     - -        Ssl  23:00   0:00 -
syslog        -  0.0    -      -     - -        Ssl  23:00   0:00 -
root        608  0.0  0.4 517956 12660 ?        -    23:00   0:00 /usr/lib/udisks2/udisksd LANG=en_US.UTF-8 PATH=/usr/local/sbin:/usr/local/bin:/usr/sbin:/usr/bin:/sbin:/bin INVOCATION_ID=1336bc98083d418395f90a7f99ed201e JOURNAL_STREAM=9:35848
root          -  0.0    -      -     - -        Ssl  23:00   0:00 -
root          -  0.0    -      -     - -        Ssl  23:00   0:00 -
root          -  0.0    -      -     - -        Ssl  23:00   0:00 -
root          -  0.0    -      -     - -        Ssl  23:00   0:00 -
root          -  0.0    -      -     - -        Ssl  23:00   0:00 -
avahi       610  0.0  0.0  47072   344 ?        -    23:00   0:00 avahi-daemon: chroot helper r                                                                                                                                                                                                                                                        
avahi         -  0.0    -      -     - -        S    23:00   0:00 -
root        614  0.0  0.2 107688  8244 ?        -    23:00   0:00 /usr/sbin/cupsd -l LANG=en_US.UTF-8 PATH=/usr/local/sbin:/usr/local/bin:/usr/sbin:/usr/bin:/sbin:/bin LISTEN_PID=614 LISTEN_FDS=1 LISTEN_FDNAMES=cups.socket INVOCATION_ID=33eb93a1aeb546238a16ab76ce43eefc JOURNAL_STREAM=9:35918
root          -  0.0    -      -     - -        Ss   23:00   0:00 -
root        618  0.0  0.3 434324  9612 ?        -    23:00   0:00 /usr/sbin/ModemManager --filter-policy=strict LANG=en_US.UTF-8 PATH=/usr/local/sbin:/usr/local/bin:/usr/sbin:/usr/bin:/sbin:/bin HOME=/root LOGNAME=root USER=root SHELL=/bin/sh INVOCATION_ID=a339a29c25ea4354b6f5f2fcc7220928 JOURNAL_STREAM=9:35996
root          -  0.0    -      -     - -        Ssl  23:00   0:00 -
root          -  0.0    -      -     - -        Ssl  23:00   0:00 -
root          -  0.0    -      -     - -        Ssl  23:00   0:00 -
root        627  0.0  0.0   4548   748 ?        -    23:00   0:00 /usr/sbin/acpid LANG=en_US.UTF-8 PATH=/usr/local/sbin:/usr/local/bin:/usr/sbin:/usr/bin:/sbin:/bin INVOCATION_ID=765934032d704c4fb4e07c1a4c985906
root          -  0.0    -      -     - -        Ss   23:00   0:00 -
root        635  0.0  0.5 177684 17296 ?        -    23:00   0:00 /usr/bin/python3 /usr/bin/networkd-dispatcher --run-startup-triggers LANG=en_US.UTF-8 PATH=/usr/local/sbin:/usr/local/bin:/usr/sbin:/usr/bin:/sbin:/bin NOTIFY_SOCKET=/run/systemd/notify INVOCATION_ID=91bc6f9a27b84e12b8b1fb3102191e6c JOURNAL_STREAM=9:36385 networkd_dispatcher_args=--run-startup-triggers
root          -  0.0    -      -     - -        Ssl  23:00   0:00 -
root          -  0.0    -      -     - -        Ssl  23:00   0:00 -
root        638  0.0  0.2 308556  8700 ?        -    23:00   0:00 /usr/lib/accountsservice/accounts-daemon LANG=en_US.UTF-8 PATH=/usr/local/sbin:/usr/local/bin:/usr/sbin:/usr/bin:/sbin:/bin INVOCATION_ID=bf0f5064eae94deb94d901066c5cc310 JOURNAL_STREAM=9:36465 GVFS_DISABLE_FUSE=1 GIO_USE_VFS=local GVFS_REMOTE_VOLUME_MONITOR_IGNORE=1
root          -  0.0    -      -     - -        Ssl  23:00   0:00 -
root          -  0.0    -      -     - -        Ssl  23:00   0:00 -
root          -  0.0    -      -     - -        Ssl  23:00   0:00 -
message+    643  0.0  0.2  51592  6156 ?        -    23:00   0:01 /usr/bin/dbus-daemon --system --address=systemd: --nofork --nopidfile --systemd-activation --syslog-only LANG=en_US.UTF-8 PATH=/usr/local/sbin:/usr/local/bin:/usr/sbin:/usr/bin:/sbin:/bin LISTEN_PID=643 LISTEN_FDS=1 LISTEN_FDNAMES=dbus.socket SYSTEMD_NSS_BYPASS_BUS=1 INVOCATION_ID=e5183e9c160f447d8e7ca19918ab3689 JOURNAL_STREAM=9:36537
message+      -  0.0    -      -     - -        Ss   23:00   0:01 -
root        659  0.0  0.6 582420 18756 ?        -    23:00   0:01 /usr/sbin/NetworkManager --no-daemon LANG=en_US.UTF-8 PATH=/usr/local/sbin:/usr/local/bin:/usr/sbin:/usr/bin:/sbin:/bin INVOCATION_ID=03cae20b8a7746749b5f4a1ac4e502af JOURNAL_STREAM=9:36668
root          -  0.0    -      -     - -        Ssl  23:00   0:00 -
root          -  0.0    -      -     - -        Ssl  23:00   0:00 -
root          -  0.0    -      -     - -        Ssl  23:00   0:00 -
root          -  0.0    -      -     - -        Ssl  23:45   0:00 -
root        660  0.0  0.1  45224  5376 ?        -    23:00   0:00 /sbin/wpa_supplicant -u -s -O /run/wpa_supplicant LANG=en_US.UTF-8 PATH=/usr/local/sbin:/usr/local/bin:/usr/sbin:/usr/bin:/sbin:/bin INVOCATION_ID=95c571d86fd14cf79080b838e8f86084 JOURNAL_STREAM=9:36739
root          -  0.0    -      -     - -        Ss   23:00   0:00 -
root        661  0.0  0.2  70680  6172 ?        -    23:00   0:00 /lib/systemd/systemd-logind LANG=en_US.UTF-8 PATH=/usr/local/sbin:/usr/local/bin:/usr/sbin:/usr/bin:/sbin:/bin NOTIFY_SOCKET=/run/systemd/notify WATCHDOG_PID=661 WATCHDOG_USEC=180000000 INVOCATION_ID=709d2151ed254a03a46bfae418da8965 JOURNAL_STREAM=9:36843
root          -  0.0    -      -     - -        Ss   23:00   0:00 -
lp          662  0.0  0.1  86408  5796 ?        -    23:00   0:00 /usr/lib/cups/notifier/dbus dbus:// CUPS_CACHEDIR=/var/cache/cups CUPS_DATADIR=/usr/share/cups CUPS_DOCROOT=/usr/share/cups/doc-root CUPS_FONTPATH=/usr/share/cups/fonts CUPS_REQUESTROOT=/var/spool/cups CUPS_SERVERBIN=/usr/lib/cups CUPS_SERVERROOT=/etc/cups CUPS_STATEDIR=/run/cups HOME=/var/spool/cups/tmp PATH=/usr/lib/cups/filter:/usr/bin:/usr/sbin:/bin:/usr/bin SERVER_ADMIN=root@ubuntu SOFTWARE=CUPS/2.2.7 TMPDIR=/var/spool/cups/tmp USER=root CUPS_MAX_MESSAGE=2047 CUPS_SERVER=/run/cups/cups.sock CUPS_ENCRYPTION=IfRequested IPP_PORT=631
lp            -  0.0    -      -     - -        S    23:00   0:00 -
lp          663  0.0  0.1  86408  6016 ?        -    23:00   0:00 /usr/lib/cups/notifier/dbus dbus:// CUPS_CACHEDIR=/var/cache/cups CUPS_DATADIR=/usr/share/cups CUPS_DOCROOT=/usr/share/cups/doc-root CUPS_FONTPATH=/usr/share/cups/fonts CUPS_REQUESTROOT=/var/spool/cups CUPS_SERVERBIN=/usr/lib/cups CUPS_SERVERROOT=/etc/cups CUPS_STATEDIR=/run/cups HOME=/var/spool/cups/tmp PATH=/usr/lib/cups/filter:/usr/bin:/usr/sbin:/bin:/usr/bin SERVER_ADMIN=root@ubuntu SOFTWARE=CUPS/2.2.7 TMPDIR=/var/spool/cups/tmp USER=root CUPS_MAX_MESSAGE=2047 CUPS_SERVER=/run/cups/cups.sock CUPS_ENCRYPTION=IfRequested IPP_PORT=631
lp            -  0.0    -      -     - -        S    23:00   0:00 -
root        678  0.0  0.1  38424  3096 ?        -    23:00   0:00 /usr/sbin/cron -f LANG=en_US.UTF-8 PATH=/usr/local/sbin:/usr/local/bin:/usr/sbin:/usr/bin:/sbin:/bin INVOCATION_ID=5b48ab7c79274149ad3ecef8f65d3ecd JOURNAL_STREAM=9:37293
root          -  0.0    -      -     - -        Ss   23:00   0:00 -
root        684  0.0  0.8 691692 26428 ?        -    23:00   0:01 /usr/lib/snapd/snapd LANG=en_US.UTF-8 PATH=/usr/local/sbin:/usr/local/bin:/usr/sbin:/usr/bin:/sbin:/bin:/usr/games:/usr/local/games NOTIFY_SOCKET=/run/systemd/notify LISTEN_PID=684 LISTEN_FDS=2 LISTEN_FDNAMES=snapd.socket:snapd.socket WATCHDOG_PID=684 WATCHDOG_USEC=300000000 INVOCATION_ID=44a5227d9ae1430abb6704d2bf963598 JOURNAL_STREAM=9:37473
root          -  0.0    -      -     - -        Ssl  23:00   0:00 -
root          -  0.0    -      -     - -        Ssl  23:01   0:00 -
root          -  0.0    -      -     - -        Ssl  23:01   0:00 -
root          -  0.0    -      -     - -        Ssl  23:01   0:00 -
root          -  0.0    -      -     - -        Ssl  23:01   0:00 -
root          -  0.0    -      -     - -        Ssl  23:01   0:00 -
root          -  0.0    -      -     - -        Ssl  23:01   0:00 -
root          -  0.0    -      -     - -        Ssl  23:01   0:00 -
root          -  0.0    -      -     - -        Ssl  23:01   0:00 -
root          -  0.0    -      -     - -        Ssl  23:02   0:00 -
root          -  0.0    -      -     - -        Ssl  23:02   0:00 -
root          -  0.0    -      -     - -        Ssl  23:02   0:00 -
root          -  0.0    -      -     - -        Ssl  23:02   0:00 -
root          -  0.0    -      -     - -        Ssl  23:02   0:00 -
root          -  0.0    -      -     - -        Ssl  23:02   0:00 -
root        698  0.0  0.3 321644 12092 ?        -    23:00   0:01 /usr/lib/policykit-1/polkitd --no-debug LANG=en_US.UTF-8 PATH=/usr/local/sbin:/usr/local/bin:/usr/sbin:/usr/bin:/sbin:/bin INVOCATION_ID=4b8c801cf1b643a389dc86e834e4096a JOURNAL_STREAM=9:37650
root          -  0.0    -      -     - -        Ssl  23:00   0:00 -
root          -  0.0    -      -     - -        Ssl  23:00   0:00 -
root          -  0.0    -      -     - -        Ssl  23:00   0:00 -
root        700  0.0  0.3 303652 10728 ?        -    23:00   0:00 /usr/sbin/cups-browsed LANG=en_US.UTF-8 PATH=/usr/local/sbin:/usr/local/bin:/usr/sbin:/usr/bin:/sbin:/bin INVOCATION_ID=acc8ee896e3141558df7066e30e43a63 JOURNAL_STREAM=9:37748
root          -  0.0    -      -     - -        Ssl  23:00   0:00 -
root          -  0.0    -      -     - -        Ssl  23:00   0:00 -
root          -  0.0    -      -     - -        Ssl  23:00   0:00 -
root        723  0.0  0.6 194388 20248 ?        -    23:00   0:00 /usr/bin/python3 /usr/share/unattended-upgrades/unattended-upgrade-shutdown --wait-for-signal LANG=en_US.UTF-8 PATH=/usr/local/sbin:/usr/local/bin:/usr/sbin:/usr/bin:/sbin:/bin INVOCATION_ID=97fca6254c834d0299d77168efaa22d2 JOURNAL_STREAM=9:38649
root          -  0.0    -      -     - -        Ssl  23:00   0:00 -
root          -  0.0    -      -     - -        Ssl  23:00   0:00 -
root        755  0.0  0.2 308184  7796 ?        -    23:00   0:00 /usr/sbin/gdm3 LANG=en_US.UTF-8 PATH=/usr/local/sbin:/usr/local/bin:/usr/sbin:/usr/bin:/sbin:/bin INVOCATION_ID=1a959b0ed7ce4832ac80fcb967fd4a7e JOURNAL_STREAM=9:39965
root          -  0.0    -      -     - -        Ssl  23:00   0:00 -
root          -  0.0    -      -     - -        Ssl  23:00   0:00 -
root          -  0.0    -      -     - -        Ssl  23:00   0:00 -
root        765  0.0  0.2 261548  8260 ?        -    23:00   0:00 gdm-session-worker [pam/gdm-launch-environment] LANG=en_US.UTF-8 JOURNAL_STREAM=9:39965 GDM_SESSION_DBUS_ADDRESS=unix:abstract=/tmp/dbus-CE2UPDXS PATH=/usr/local/sbin:/usr/local/bin:/usr/sbin:/usr/bin:/sbin:/bin INVOCATION_ID=1a959b0ed7ce4832ac80fcb967fd4a7e
root          -  0.0    -      -     - -        Sl   23:00   0:00 -
root          -  0.0    -      -     - -        Sl   23:00   0:00 -
root          -  0.0    -      -     - -        Sl   23:00   0:00 -
root        776  0.0  0.5 333712 16912 ?        -    23:00   0:00 /usr/sbin/apache2 -k start APACHE_RUN_DIR=/var/run/apache2 APACHE_PID_FILE=/var/run/apache2/apache2.pid JOURNAL_STREAM=9:38453 PATH=/usr/local/sbin:/usr/local/bin:/usr/sbin:/usr/bin:/sbin:/bin INVOCATION_ID=0994f55f421a4326a08f0e3eca736077 APACHE_LOCK_DIR=/var/lock/apache2 LANG=C APACHE_RUN_USER=www-data APACHE_RUN_GROUP=www-data APACHE_LOG_DIR=/var/log/apache2 PWD=/
root          -  0.0    -      -     - -        Ss   23:00   0:00 -
mysql       790  0.0  5.7 1154856 174236 ?      -    23:00   0:01 /usr/sbin/mysqld --daemonize --pid-file=/run/mysqld/mysqld.pid LANG=en_US.UTF-8 PATH=/usr/local/sbin:/usr/local/bin:/usr/sbin:/usr/bin:/sbin:/bin HOME=/nonexistent LOGNAME=mysql USER=mysql SHELL=/bin/false INVOCATION_ID=ade1e9b07072473b91c3dc3218889c11 JOURNAL_STREAM=9:40304
mysql         -  0.0    -      -     - -        Sl   23:00   0:00 -
mysql         -  0.0    -      -     - -        Sl   23:01   0:00 -
mysql         -  0.0    -      -     - -        Sl   23:01   0:00 -
mysql         -  0.0    -      -     - -        Sl   23:01   0:00 -
mysql         -  0.0    -      -     - -        Sl   23:01   0:00 -
mysql         -  0.0    -      -     - -        Sl   23:01   0:00 -
mysql         -  0.0    -      -     - -        Sl   23:01   0:00 -
mysql         -  0.0    -      -     - -        Sl   23:01   0:00 -
mysql         -  0.0    -      -     - -        Sl   23:01   0:00 -
mysql         -  0.0    -      -     - -        Sl   23:01   0:00 -
mysql         -  0.0    -      -     - -        Sl   23:01   0:00 -
mysql         -  0.0    -      -     - -        Sl   23:01   0:00 -
mysql         -  0.0    -      -     - -        Sl   23:01   0:00 -
mysql         -  0.0    -      -     - -        Sl   23:01   0:00 -
mysql         -  0.0    -      -     - -        Sl   23:01   0:00 -
mysql         -  0.0    -      -     - -        Sl   23:01   0:00 -
mysql         -  0.0    -      -     - -        Sl   23:01   0:00 -
mysql         -  0.0    -      -     - -        Sl   23:01   0:00 -
mysql         -  0.0    -      -     - -        Sl   23:01   0:00 -
mysql         -  0.0    -      -     - -        Sl   23:01   0:00 -
mysql         -  0.0    -      -     - -        Sl   23:01   0:00 -
mysql         -  0.0    -      -     - -        Sl   23:01   0:00 -
mysql         -  0.0    -      -     - -        Sl   23:01   0:00 -
mysql         -  0.0    -      -     - -        Sl   23:01   0:00 -
mysql         -  0.0    -      -     - -        Sl   23:01   0:00 -
mysql         -  0.0    -      -     - -        Sl   23:01   0:00 -
mysql         -  0.0    -      -     - -        Sl   23:01   0:00 -
www-data    798  0.0  0.3 338116  9272 ?        -    23:00   0:00 /usr/sbin/apache2 -k start APACHE_RUN_DIR=/var/run/apache2 APACHE_PID_FILE=/var/run/apache2/apache2.pid JOURNAL_STREAM=9:38453 PATH=/usr/local/sbin:/usr/local/bin:/usr/sbin:/usr/bin:/sbin:/bin INVOCATION_ID=0994f55f421a4326a08f0e3eca736077 APACHE_LOCK_DIR=/var/lock/apache2 LANG=C APACHE_RUN_USER=www-data APACHE_RUN_GROUP=www-data APACHE_LOG_DIR=/var/log/apache2 PWD=/
www-data      -  0.0    -      -     - -        S    23:00   0:00 -
www-data    799  0.0  0.3 338116  9272 ?        -    23:00   0:00 /usr/sbin/apache2 -k start APACHE_RUN_DIR=/var/run/apache2 APACHE_PID_FILE=/var/run/apache2/apache2.pid JOURNAL_STREAM=9:38453 PATH=/usr/local/sbin:/usr/local/bin:/usr/sbin:/usr/bin:/sbin:/bin INVOCATION_ID=0994f55f421a4326a08f0e3eca736077 APACHE_LOCK_DIR=/var/lock/apache2 LANG=C APACHE_RUN_USER=www-data APACHE_RUN_GROUP=www-data APACHE_LOG_DIR=/var/log/apache2 PWD=/
www-data      -  0.0    -      -     - -        S    23:00   0:00 -
www-data    801  0.0  0.3 338116  9272 ?        -    23:00   0:00 /usr/sbin/apache2 -k start APACHE_RUN_DIR=/var/run/apache2 APACHE_PID_FILE=/var/run/apache2/apache2.pid JOURNAL_STREAM=9:38453 PATH=/usr/local/sbin:/usr/local/bin:/usr/sbin:/usr/bin:/sbin:/bin INVOCATION_ID=0994f55f421a4326a08f0e3eca736077 APACHE_LOCK_DIR=/var/lock/apache2 LANG=C APACHE_RUN_USER=www-data APACHE_RUN_GROUP=www-data APACHE_LOG_DIR=/var/log/apache2 PWD=/
www-data      -  0.0    -      -     - -        S    23:00   0:00 -
www-data    802  0.0  0.3 338116  9272 ?        -    23:00   0:00 /usr/sbin/apache2 -k start APACHE_RUN_DIR=/var/run/apache2 APACHE_PID_FILE=/var/run/apache2/apache2.pid JOURNAL_STREAM=9:38453 PATH=/usr/local/sbin:/usr/local/bin:/usr/sbin:/usr/bin:/sbin:/bin INVOCATION_ID=0994f55f421a4326a08f0e3eca736077 APACHE_LOCK_DIR=/var/lock/apache2 LANG=C APACHE_RUN_USER=www-data APACHE_RUN_GROUP=www-data APACHE_LOG_DIR=/var/log/apache2 PWD=/
www-data      -  0.0    -      -     - -        S    23:00   0:00 -
www-data    804  0.0  0.3 338116  9272 ?        -    23:00   0:00 /usr/sbin/apache2 -k start APACHE_RUN_DIR=/var/run/apache2 APACHE_PID_FILE=/var/run/apache2/apache2.pid JOURNAL_STREAM=9:38453 PATH=/usr/local/sbin:/usr/local/bin:/usr/sbin:/usr/bin:/sbin:/bin INVOCATION_ID=0994f55f421a4326a08f0e3eca736077 APACHE_LOCK_DIR=/var/lock/apache2 LANG=C APACHE_RUN_USER=www-data APACHE_RUN_GROUP=www-data APACHE_LOG_DIR=/var/log/apache2 PWD=/
www-data      -  0.0    -      -     - -        S    23:00   0:00 -
whoopsie    812  0.0  0.4 542492 12924 ?        -    23:00   0:00 /usr/bin/whoopsie -f LANG=en_US.UTF-8 PATH=/usr/local/sbin:/usr/local/bin:/usr/sbin:/usr/bin:/sbin:/bin INVOCATION_ID=151fa7a900dc419f98b0fbf9782ae643 JOURNAL_STREAM=9:40469 CRASH_DB_URL=https://daisy.ubuntu.com
whoopsie      -  0.0    -      -     - -        Ssl  23:00   0:00 -
whoopsie      -  0.0    -      -     - -        Ssl  23:00   0:00 -
whoopsie      -  0.0    -      -     - -        Ssl  23:00   0:00 -
kernoops    816  0.0  0.0  56936   424 ?        -    23:00   0:00 /usr/sbin/kerneloops --test LANG=en_US.UTF-8 PATH=/usr/local/sbin:/usr/local/bin:/usr/sbin:/usr/bin:/sbin:/bin LOGNAME=kernoops USER=kernoops INVOCATION_ID=91d82c70e4dc48758b1fffa7f2a6f1be JOURNAL_STREAM=9:40573 ENABLED=1
kernoops      -  0.0    -      -     - -        Ss   23:00   0:00 -
kernoops    818  0.0  0.0  56936   424 ?        -    23:00   0:00 /usr/sbin/kerneloops LANG=en_US.UTF-8 PATH=/usr/local/sbin:/usr/local/bin:/usr/sbin:/usr/bin:/sbin:/bin LOGNAME=kernoops USER=kernoops INVOCATION_ID=91d82c70e4dc48758b1fffa7f2a6f1be JOURNAL_STREAM=9:40691 ENABLED=1
kernoops      -  0.0    -      -     - -        Ss   23:00   0:00 -
gdm         839  0.0  0.2  76896  8136 ?        -    23:00   0:00 /lib/systemd/systemd --user LANG=en_US.UTF-8 PATH=/usr/local/sbin:/usr/local/bin:/usr/sbin:/usr/bin:/sbin:/bin NOTIFY_SOCKET=/run/systemd/notify HOME=/var/lib/gdm3 LOGNAME=gdm USER=gdm SHELL=/bin/false INVOCATION_ID=a8007f44abef4de6b3d23aef7f336a52 JOURNAL_STREAM=9:40861 XDG_RUNTIME_DIR=/run/user/121
gdm           -  0.0    -      -     - -        Ss   23:00   0:00 -
gdm         842  0.0  0.0 114012  2548 ?        -    23:00   0:00 (sd-pam) find_preseed=/preseed.cfg HOME=/ init=/sbin/init NETWORK_SKIP_ENSLAVED= recovery= locale=en_US TERM=linux drop_caps= BOOT_IMAGE=/boot/vmlinuz-5.0.0-25-generic PATH=/sbin:/usr/sbin:/bin:/usr/bin PWD=/ rootmnt=/root priority=critical
gdm           -  0.0    -      -     - -        S    23:00   0:00 -
gdm         880  0.0  0.1 197796  5352 tty1     -    23:00   0:00 /usr/lib/gdm3/gdm-wayland-session gnome-session --autostart /usr/share/gdm/greeter/autostart XDG_SEAT=seat0 XDG_SESSION_CLASS=greeter LOGNAME=gdm USER=gdm USERNAME=gdm HOME=/var/lib/gdm3 PWD=/var/lib/gdm3 SHELL=/bin/false PATH=/usr/local/sbin:/usr/local/bin:/usr/sbin:/usr/bin:/sbin:/bin XDG_SESSION_TYPE=wayland XDG_VTNR=1 LANG=en_US.UTF-8 XDG_SESSION_ID=c1 XDG_RUNTIME_DIR=/run/user/121 DBUS_SESSION_BUS_ADDRESS=unix:path=/run/user/121/bus DCONF_PROFILE=gdm GDM_SEAT_ID=seat0 RUNNING_UNDER_GDM=true GVFS_DISABLE_FUSE=1 XDG_CURRENT_DESKTOP=GNOME-Greeter:GNOME GVFS_REMOTE_VOLUME_MONITOR_IGNORE=1 GIO_USE_VFS=local GDM_VERSION=3.28.3 GNOME_SHELL_SESSION_MODE=gdm XDG_DATA_DIRS=/usr/share/gdm/greeter:/usr/local/share/:/usr/share/
gdm           -  0.0    -      -     - -        Ssl+ 23:00   0:00 -
gdm           -  0.0    -      -     - -        Ssl+ 23:00   0:00 -
gdm           -  0.0    -      -     - -        Ssl+ 23:01   0:00 -
gdm         882  0.0  0.1  50260  4468 ?        -    23:00   0:00 /usr/bin/dbus-daemon --session --address=systemd: --nofork --nopidfile --systemd-activation --syslog-only DBUS_SESSION_BUS_ADDRESS=unix:path=/run/user/121/bus HOME=/var/lib/gdm3 LANG=en_US.UTF-8 LOGNAME=gdm PATH=/usr/local/sbin:/usr/local/bin:/usr/sbin:/usr/bin:/sbin:/bin:/usr/games:/usr/local/games:/snap/bin SHELL=/bin/false USER=gdm XDG_RUNTIME_DIR=/run/user/121 MANAGERPID=839 LISTEN_PID=882 LISTEN_FDS=1 LISTEN_FDNAMES=dbus.socket INVOCATION_ID=daa35abef4ae46d6ae9f160599fc832d JOURNAL_STREAM=9:41054
gdm           -  0.0    -      -     - -        Ss   23:00   0:00 -
gdm         890  0.0  0.4 567012 15012 tty1     -    23:01   0:00 /usr/lib/gnome-session/gnome-session-binary --autostart /usr/share/gdm/greeter/autostart USER=gdm XDG_SEAT=seat0 XDG_SESSION_TYPE=wayland HOME=/var/lib/gdm3 DCONF_PROFILE=gdm GDM_VERSION=3.28.3 GNOME_SHELL_SESSION_MODE=gdm DBUS_SESSION_BUS_ADDRESS=unix:path=/run/user/121/bus LOGNAME=gdm XDG_SESSION_CLASS=greeter USERNAME=gdm XDG_SESSION_ID=c1 GVFS_REMOTE_VOLUME_MONITOR_IGNORE=1 PATH=/usr/local/sbin:/usr/local/bin:/usr/sbin:/usr/bin:/sbin:/bin XDG_RUNTIME_DIR=/run/user/121 LANG=en_US.UTF-8 XDG_CURRENT_DESKTOP=GNOME-Greeter:GNOME GVFS_DISABLE_FUSE=1 SHELL=/bin/false XDG_VTNR=1 RUNNING_UNDER_GDM=true PWD=/var/lib/gdm3 GDM_SEAT_ID=seat0 XDG_DATA_DIRS=/usr/share/gdm/greeter:/usr/local/share/:/usr/share/ GIO_USE_VFS=local
gdm           -  0.0    -      -     - -        Sl+  23:01   0:00 -
gdm           -  0.0    -      -     - -        Sl+  23:01   0:00 -
gdm           -  0.0    -      -     - -        Sl+  23:01   0:00 -
gdm           -  0.0    -      -     - -        Sl+  23:01   0:00 -
gdm         905  0.2  4.4 2900536 136484 tty1   -    23:01   0:05 /usr/bin/gnome-shell USER=gdm XDG_SEAT=seat0 XDG_SESSION_TYPE=wayland HOME=/var/lib/gdm3 DCONF_PROFILE=gdm GDM_VERSION=3.28.3 GNOME_SHELL_SESSION_MODE=gdm DBUS_SESSION_BUS_ADDRESS=unix:path=/run/user/121/bus LOGNAME=gdm XDG_SESSION_CLASS=greeter USERNAME=gdm XDG_SESSION_ID=c1 GVFS_REMOTE_VOLUME_MONITOR_IGNORE=1 PATH=/usr/local/sbin:/usr/local/bin:/usr/sbin:/usr/bin:/sbin:/bin XDG_RUNTIME_DIR=/run/user/121 LANG=en_US.UTF-8 XDG_CURRENT_DESKTOP=GNOME-Greeter:GNOME GVFS_DISABLE_FUSE=1 SHELL=/bin/false XDG_VTNR=1 RUNNING_UNDER_GDM=true PWD=/var/lib/gdm3 GDM_SEAT_ID=seat0 XDG_DATA_DIRS=/usr/share/gdm/greeter:/usr/local/share/:/usr/share/ GIO_USE_VFS=local QT_IM_MODULE=ibus XMODIFIERS=@im=ibus GNOME_DESKTOP_SESSION_ID=this-is-deprecated XDG_MENU_PREFIX=gnome- SESSION_MANAGER=local/ubuntu:@/tmp/.ICE-unix/890,unix/ubuntu:/tmp/.ICE-unix/890 DESKTOP_AUTOSTART_ID=10e0d11fabec0d5a2b158806659528519200000008900000 GIO_LAUNCHED_DESKTOP_FILE=/usr/share/applications/org.gnome.Shell.desktop GIO_LAUNCHED_DESKTOP_FILE_PID=905
gdm           -  0.1    -      -     - -        Sl+  23:01   0:05 -
gdm           -  0.0    -      -     - -        Sl+  23:01   0:00 -
gdm           -  0.0    -      -     - -        Sl+  23:01   0:00 -
gdm           -  0.0    -      -     - -        Sl+  23:01   0:00 -
gdm           -  0.0    -      -     - -        Sl+  23:01   0:00 -
gdm           -  0.0    -      -     - -        Sl+  23:01   0:00 -
gdm           -  0.0    -      -     - -        Sl+  23:01   0:00 -
gdm           -  0.0    -      -     - -        Sl+  23:01   0:00 -
gdm           -  0.0    -      -     - -        Sl+  23:01   0:00 -
gdm           -  0.0    -      -     - -        Sl+  23:01   0:00 -
root        933  0.0  0.2 322328  8632 ?        -    23:01   0:00 /usr/lib/upower/upowerd LANG=en_US.UTF-8 PATH=/usr/local/sbin:/usr/local/bin:/usr/sbin:/usr/bin:/sbin:/bin INVOCATION_ID=a1f7061f6f1d4ac886f3518dae3ae70b JOURNAL_STREAM=9:41435
root          -  0.0    -      -     - -        Ssl  23:01   0:00 -
root          -  0.0    -      -     - -        Ssl  23:01   0:00 -
root          -  0.0    -      -     - -        Ssl  23:01   0:00 -
gdm        1004  0.0  1.6 247392 49124 tty1     -    23:01   0:00 /usr/bin/Xwayland :1024 -rootless -terminate -accessx -core -listen 4 -listen 5 -displayfd 6 USER=gdm XDG_SEAT=seat0 XDG_SESSION_TYPE=wayland HOME=/var/lib/gdm3 DCONF_PROFILE=gdm GDM_VERSION=3.28.3 GNOME_SHELL_SESSION_MODE=gdm DBUS_SESSION_BUS_ADDRESS=unix:path=/run/user/121/bus LOGNAME=gdm XDG_SESSION_CLASS=greeter USERNAME=gdm XDG_SESSION_ID=c1 GVFS_REMOTE_VOLUME_MONITOR_IGNORE=1 PATH=/usr/local/sbin:/usr/local/bin:/usr/sbin:/usr/bin:/sbin:/bin XDG_RUNTIME_DIR=/run/user/121 LANG=en_US.UTF-8 XDG_CURRENT_DESKTOP=GNOME-Greeter:GNOME GVFS_DISABLE_FUSE=1 SHELL=/bin/false XDG_VTNR=1 RUNNING_UNDER_GDM=true PWD=/var/lib/gdm3 GDM_SEAT_ID=seat0 XDG_DATA_DIRS=/usr/share/gdm/greeter:/usr/local/share/:/usr/share/ GIO_USE_VFS=local QT_IM_MODULE=ibus XMODIFIERS=@im=ibus GNOME_DESKTOP_SESSION_ID=this-is-deprecated XDG_MENU_PREFIX=gnome- SESSION_MANAGER=local/ubuntu:@/tmp/.ICE-unix/890,unix/ubuntu:/tmp/.ICE-unix/890 DESKTOP_AUTOSTART_ID=10e0d11fabec0d5a2b158806659528519200000008900000 GIO_LAUNCHED_DESKTOP_FILE=/usr/share/applications/org.gnome.Shell.desktop GIO_LAUNCHED_DESKTOP_FILE_PID=905 NO_AT_BRIDGE=1 WAYLAND_SOCKET=3
gdm           -  0.0    -      -     - -        S+   23:01   0:00 -
root       1028  0.0  0.0      0     0 ?        -    23:01   0:00 [kworker/u257:1-]
root          -  0.0    -      -     - -        I<   23:01   0:00 -
root       1029  0.0  0.0      0     0 ?        -    23:01   0:00 [kworker/u257:2-]
root          -  0.0    -      -     - -        I<   23:01   0:00 -
gdm        1033  0.0  0.2 365592  8272 ?        -    23:01   0:00 /usr/lib/at-spi2-core/at-spi-bus-launcher DBUS_SESSION_BUS_ADDRESS=unix:path=/run/user/121/bus DCONF_PROFILE=gdm DISPLAY=:1024 GDM_SEAT_ID=seat0 GDM_VERSION=3.28.3 GIO_USE_VFS=local GNOME_DESKTOP_SESSION_ID=this-is-deprecated GNOME_SHELL_SESSION_MODE=gdm GVFS_DISABLE_FUSE=1 GVFS_REMOTE_VOLUME_MONITOR_IGNORE=1 HOME=/var/lib/gdm3 LANG=en_US.UTF-8 LOGNAME=gdm PATH=/usr/local/sbin:/usr/local/bin:/usr/sbin:/usr/bin:/sbin:/bin PWD=/var/lib/gdm3 QT_IM_MODULE=ibus RUNNING_UNDER_GDM=true SESSION_MANAGER=local/ubuntu:@/tmp/.ICE-unix/890,unix/ubuntu:/tmp/.ICE-unix/890 SHELL=/bin/false USER=gdm USERNAME=gdm WAYLAND_DISPLAY=wayland-0 XDG_CURRENT_DESKTOP=GNOME-Greeter:GNOME XDG_DATA_DIRS=/usr/share/gdm/greeter:/usr/local/share/:/usr/share/ XDG_MENU_PREFIX=gnome- XDG_RUNTIME_DIR=/run/user/121 XDG_SEAT=seat0 XDG_SESSION_CLASS=greeter XDG_SESSION_ID=c1 XDG_SESSION_TYPE=wayland XDG_VTNR=1 XMODIFIERS=@im=ibus MANAGERPID=839 INVOCATION_ID=aef522dbd36647e88133b9d2f42491eb JOURNAL_STREAM=9:42822
gdm           -  0.0    -      -     - -        Ssl  23:01   0:00 -
gdm           -  0.0    -      -     - -        Ssl  23:01   0:00 -
gdm           -  0.0    -      -     - -        Ssl  23:01   0:00 -
gdm           -  0.0    -      -     - -        Ssl  23:01   0:00 -
gdm        1040  0.0  0.1  49924  3804 ?        -    23:01   0:00 /usr/bin/dbus-daemon --config-file=/usr/share/defaults/at-spi2/accessibility.conf --nofork --print-address 3 DBUS_SESSION_BUS_ADDRESS=unix:path=/run/user/121/bus DCONF_PROFILE=gdm DISPLAY=:1024 GDM_SEAT_ID=seat0 GDM_VERSION=3.28.3 GIO_USE_VFS=local GNOME_DESKTOP_SESSION_ID=this-is-deprecated GNOME_SHELL_SESSION_MODE=gdm GVFS_DISABLE_FUSE=1 GVFS_REMOTE_VOLUME_MONITOR_IGNORE=1 HOME=/var/lib/gdm3 LANG=en_US.UTF-8 LOGNAME=gdm PATH=/usr/local/sbin:/usr/local/bin:/usr/sbin:/usr/bin:/sbin:/bin PWD=/var/lib/gdm3 QT_IM_MODULE=ibus RUNNING_UNDER_GDM=true SESSION_MANAGER=local/ubuntu:@/tmp/.ICE-unix/890,unix/ubuntu:/tmp/.ICE-unix/890 SHELL=/bin/false USER=gdm USERNAME=gdm WAYLAND_DISPLAY=wayland-0 XDG_CURRENT_DESKTOP=GNOME-Greeter:GNOME XDG_DATA_DIRS=/usr/share/gdm/greeter:/usr/local/share/:/usr/share/ XDG_MENU_PREFIX=gnome- XDG_RUNTIME_DIR=/run/user/121 XDG_SEAT=seat0 XDG_SESSION_CLASS=greeter XDG_SESSION_ID=c1 XDG_SESSION_TYPE=wayland XDG_VTNR=1 XMODIFIERS=@im=ibus MANAGERPID=839 INVOCATION_ID=aef522dbd36647e88133b9d2f42491eb JOURNAL_STREAM=9:42822
gdm           -  0.0    -      -     - -        S    23:01   0:00 -
gdm        1043  0.0  0.1 220760  5772 ?        -    23:01   0:00 /usr/lib/at-spi2-core/at-spi2-registryd --use-gnome-session SHELL=/bin/false DBUS_STARTER_ADDRESS=unix:abstract=/tmp/dbus-kcce6d8hTc,guid=2495783ae182fc413ad783b65ea7f925 XDG_RUNTIME_DIR=/run/user/121 XDG_CURRENT_DESKTOP=GNOME-Greeter:GNOME DCONF_PROFILE=gdm DISPLAY=:1024 XMODIFIERS=@im=ibus SESSION_MANAGER=local/ubuntu:@/tmp/.ICE-unix/890,unix/ubuntu:/tmp/.ICE-unix/890 PATH=/usr/local/sbin:/usr/local/bin:/usr/sbin:/usr/bin:/sbin:/bin XDG_VTNR=1 USERNAME=gdm GDM_SEAT_ID=seat0 GNOME_DESKTOP_SESSION_ID=this-is-deprecated GVFS_REMOTE_VOLUME_MONITOR_IGNORE=1 XDG_SESSION_TYPE=wayland XDG_DATA_DIRS=/usr/share/gdm/greeter:/usr/local/share/:/usr/share/ JOURNAL_STREAM=9:42822 XDG_SESSION_ID=c1 XDG_SEAT=seat0 RUNNING_UNDER_GDM=true DBUS_SESSION_BUS_ADDRESS=unix:path=/run/user/121/bus GDM_VERSION=3.28.3 GIO_USE_VFS=local INVOCATION_ID=aef522dbd36647e88133b9d2f42491eb GNOME_SHELL_SESSION_MODE=gdm XDG_SESSION_CLASS=greeter USER=gdm QT_IM_MODULE=ibus GVFS_DISABLE_FUSE=1 DBUS_STARTER_BUS_TYPE=accessibility WAYLAND_DISPLAY=wayland-0 PWD=/var/lib/gdm3 MANAGERPID=839 XDG_MENU_PREFIX=gnome- LANG=en_US.UTF-8 LOGNAME=gdm HOME=/var/lib/gdm3
gdm           -  0.0    -      -     - -        Sl   23:01   0:00 -
gdm           -  0.0    -      -     - -        Sl   23:01   0:00 -
gdm           -  0.0    -      -     - -        Sl   23:01   0:00 -
gdm        1054  0.0  0.3 1229252 10928 ?       -    23:01   0:00 /usr/bin/pulseaudio --daemonize=no DBUS_SESSION_BUS_ADDRESS=unix:path=/run/user/121/bus DCONF_PROFILE=gdm DISPLAY=:1024 GDM_SEAT_ID=seat0 GDM_VERSION=3.28.3 GIO_USE_VFS=local GNOME_DESKTOP_SESSION_ID=this-is-deprecated GNOME_SHELL_SESSION_MODE=gdm GVFS_DISABLE_FUSE=1 GVFS_REMOTE_VOLUME_MONITOR_IGNORE=1 HOME=/var/lib/gdm3 LANG=en_US.UTF-8 LOGNAME=gdm PATH=/usr/local/sbin:/usr/local/bin:/usr/sbin:/usr/bin:/sbin:/bin PWD=/var/lib/gdm3 QT_IM_MODULE=ibus RUNNING_UNDER_GDM=true SESSION_MANAGER=local/ubuntu:@/tmp/.ICE-unix/890,unix/ubuntu:/tmp/.ICE-unix/890 SHELL=/bin/false USER=gdm USERNAME=gdm WAYLAND_DISPLAY=wayland-0 XDG_CURRENT_DESKTOP=GNOME-Greeter:GNOME XDG_DATA_DIRS=/usr/share/gdm/greeter:/usr/local/share/:/usr/share/ XDG_MENU_PREFIX=gnome- XDG_RUNTIME_DIR=/run/user/121 XDG_SEAT=seat0 XDG_SESSION_CLASS=greeter XDG_SESSION_ID=c1 XDG_SESSION_TYPE=wayland XDG_VTNR=1 XMODIFIERS=@im=ibus NOTIFY_SOCKET=/run/user/121/systemd/notify MANAGERPID=839 LISTEN_PID=1054 LISTEN_FDS=1 LISTEN_FDNAMES=pulseaudio.socket INVOCATION_ID=4b54c45204be43a083338bc88511f077 JOURNAL_STREAM=9:42943 LD_BIND_NOW=1
gdm           -  0.0    -      -     - -        Ssl  23:01   0:00 -
gdm           -  0.0    -      -     - -        Ssl  23:01   0:00 -
gdm           -  0.0    -      -     - -        Ssl  23:01   0:00 -
rtkit      1056  0.0  0.1 183500  3060 ?        -    23:01   0:00 /usr/lib/rtkit/rtkit-daemon LANG=en_US.UTF-8 PATH=/usr/local/sbin:/usr/local/bin:/usr/sbin:/usr/bin:/sbin:/bin NOTIFY_SOCKET=/run/systemd/notify INVOCATION_ID=fe2a44fcb917419d99e79040e1a13888 JOURNAL_STREAM=9:43066
rtkit         -  0.0    -      -     - -        SNsl 23:01   0:00 -
rtkit         -  0.0    -      -     - -        Ssl  23:01   0:00 -
rtkit         -  0.0    -      -     - -        SNsl 23:01   0:00 -
root       1066  0.0  0.1  36476  4540 ?        -    23:01   0:00 /usr/lib/bluetooth/bluetoothd LANG=en_US.UTF-8 PATH=/usr/local/sbin:/usr/local/bin:/usr/sbin:/usr/bin:/sbin:/bin NOTIFY_SOCKET=/run/systemd/notify INVOCATION_ID=64cf3f599f044cf29b65d019be7ba115 JOURNAL_STREAM=9:43639
root          -  0.0    -      -     - -        Ss   23:01   0:00 -
gdm        1213  0.0  0.3 375156  9392 tty1     -    23:01   0:00 ibus-daemon --xim --panel disable USER=gdm XDG_SEAT=seat0 XDG_SESSION_TYPE=wayland HOME=/var/lib/gdm3 DCONF_PROFILE=gdm GDM_VERSION=3.28.3 GNOME_SHELL_SESSION_MODE=gdm DBUS_SESSION_BUS_ADDRESS=unix:path=/run/user/121/bus LOGNAME=gdm XDG_SESSION_CLASS=greeter USERNAME=gdm XDG_SESSION_ID=c1 GVFS_REMOTE_VOLUME_MONITOR_IGNORE=1 PATH=/usr/local/sbin:/usr/local/bin:/usr/sbin:/usr/bin:/sbin:/bin XDG_RUNTIME_DIR=/run/user/121 LANG=en_US.UTF-8 XDG_CURRENT_DESKTOP=GNOME-Greeter:GNOME GVFS_DISABLE_FUSE=1 SHELL=/bin/false XDG_VTNR=1 RUNNING_UNDER_GDM=true PWD=/var/lib/gdm3 GDM_SEAT_ID=seat0 XDG_DATA_DIRS=/usr/share/gdm/greeter:/usr/local/share/:/usr/share/ GIO_USE_VFS=local QT_IM_MODULE=ibus XMODIFIERS=@im=ibus GNOME_DESKTOP_SESSION_ID=this-is-deprecated XDG_MENU_PREFIX=gnome- SESSION_MANAGER=local/ubuntu:@/tmp/.ICE-unix/890,unix/ubuntu:/tmp/.ICE-unix/890 DESKTOP_AUTOSTART_ID=10e0d11fabec0d5a2b158806659528519200000008900000 GIO_LAUNCHED_DESKTOP_FILE=/usr/share/applications/org.gnome.Shell.desktop GIO_LAUNCHED_DESKTOP_FILE_PID=905 DISPLAY=:1024 WAYLAND_DISPLAY=wayland-0 GJS_DEBUG_OUTPUT=stderr GJS_DEBUG_TOPICS=JS ERROR;JS LOG
gdm           -  0.0    -      -     - -        Sl   23:01   0:00 -
gdm           -  0.0    -      -     - -        Sl   23:01   0:00 -
gdm           -  0.0    -      -     - -        Sl   23:01   0:00 -
gdm        1217  0.0  0.2 294488  8080 tty1     -    23:01   0:00 /usr/lib/ibus/ibus-dconf USER=gdm XDG_SEAT=seat0 XDG_SESSION_TYPE=wayland HOME=/var/lib/gdm3 DCONF_PROFILE=gdm GDM_VERSION=3.28.3 GNOME_SHELL_SESSION_MODE=gdm DBUS_SESSION_BUS_ADDRESS=unix:path=/run/user/121/bus LOGNAME=gdm XDG_SESSION_CLASS=greeter USERNAME=gdm XDG_SESSION_ID=c1 GVFS_REMOTE_VOLUME_MONITOR_IGNORE=1 PATH=/usr/local/sbin:/usr/local/bin:/usr/sbin:/usr/bin:/sbin:/bin XDG_RUNTIME_DIR=/run/user/121 LANG=en_US.UTF-8 XDG_CURRENT_DESKTOP=GNOME-Greeter:GNOME GVFS_DISABLE_FUSE=1 SHELL=/bin/false XDG_VTNR=1 RUNNING_UNDER_GDM=true PWD=/var/lib/gdm3 GDM_SEAT_ID=seat0 XDG_DATA_DIRS=/usr/share/gdm/greeter:/usr/local/share/:/usr/share/ GIO_USE_VFS=local QT_IM_MODULE=ibus XMODIFIERS=@im=ibus GNOME_DESKTOP_SESSION_ID=this-is-deprecated XDG_MENU_PREFIX=gnome- SESSION_MANAGER=local/ubuntu:@/tmp/.ICE-unix/890,unix/ubuntu:/tmp/.ICE-unix/890 DESKTOP_AUTOSTART_ID=10e0d11fabec0d5a2b158806659528519200000008900000 GIO_LAUNCHED_DESKTOP_FILE=/usr/share/applications/org.gnome.Shell.desktop GIO_LAUNCHED_DESKTOP_FILE_PID=905 DISPLAY=:1024 WAYLAND_DISPLAY=wayland-0 GJS_DEBUG_OUTPUT=stderr GJS_DEBUG_TOPICS=JS ERROR;JS LOG
gdm           -  0.0    -      -     - -        Sl   23:01   0:00 -
gdm           -  0.0    -      -     - -        Sl   23:01   0:00 -
gdm           -  0.0    -      -     - -        Sl   23:01   0:00 -
gdm           -  0.0    -      -     - -        Sl   23:01   0:00 -
gdm        1220  0.0  1.5 494400 47360 tty1     -    23:01   0:00 /usr/lib/ibus/ibus-x11 --kill-daemon USER=gdm XDG_SEAT=seat0 XDG_SESSION_TYPE=wayland HOME=/var/lib/gdm3 DCONF_PROFILE=gdm GDM_VERSION=3.28.3 GNOME_SHELL_SESSION_MODE=gdm DBUS_SESSION_BUS_ADDRESS=unix:path=/run/user/121/bus LOGNAME=gdm XDG_SESSION_CLASS=greeter USERNAME=gdm XDG_SESSION_ID=c1 GVFS_REMOTE_VOLUME_MONITOR_IGNORE=1 PATH=/usr/local/sbin:/usr/local/bin:/usr/sbin:/usr/bin:/sbin:/bin XDG_RUNTIME_DIR=/run/user/121 LANG=en_US.UTF-8 XDG_CURRENT_DESKTOP=GNOME-Greeter:GNOME GVFS_DISABLE_FUSE=1 SHELL=/bin/false XDG_VTNR=1 RUNNING_UNDER_GDM=true PWD=/var/lib/gdm3 GDM_SEAT_ID=seat0 XDG_DATA_DIRS=/usr/share/gdm/greeter:/usr/local/share/:/usr/share/ GIO_USE_VFS=local QT_IM_MODULE=ibus XMODIFIERS=@im=ibus GNOME_DESKTOP_SESSION_ID=this-is-deprecated XDG_MENU_PREFIX=gnome- SESSION_MANAGER=local/ubuntu:@/tmp/.ICE-unix/890,unix/ubuntu:/tmp/.ICE-unix/890 DESKTOP_AUTOSTART_ID=10e0d11fabec0d5a2b158806659528519200000008900000 GIO_LAUNCHED_DESKTOP_FILE=/usr/share/applications/org.gnome.Shell.desktop GIO_LAUNCHED_DESKTOP_FILE_PID=905 DISPLAY=:1024 WAYLAND_DISPLAY=wayland-0 GJS_DEBUG_OUTPUT=stderr GJS_DEBUG_TOPICS=JS ERROR;JS LOG
gdm           -  0.0    -      -     - -        Sl   23:01   0:00 -
gdm           -  0.0    -      -     - -        Sl   23:01   0:00 -
gdm           -  0.0    -      -     - -        Sl   23:01   0:00 -
gdm        1222  0.0  0.2 292432  8144 ?        -    23:01   0:00 /usr/lib/ibus/ibus-portal SHELL=/bin/false DBUS_STARTER_ADDRESS=unix:path=/run/user/121/bus,guid=0a9c3d8f91938b0a893b9f8f5ea7f922 DISPLAY=:1024 XDG_CURRENT_DESKTOP=GNOME-Greeter:GNOME DCONF_PROFILE=gdm XDG_RUNTIME_DIR=/run/user/121 SESSION_MANAGER=local/ubuntu:@/tmp/.ICE-unix/890,unix/ubuntu:/tmp/.ICE-unix/890 XMODIFIERS=@im=ibus PATH=/usr/local/sbin:/usr/local/bin:/usr/sbin:/usr/bin:/sbin:/bin GNOME_DESKTOP_SESSION_ID=this-is-deprecated GDM_SEAT_ID=seat0 XDG_VTNR=1 GVFS_REMOTE_VOLUME_MONITOR_IGNORE=1 USERNAME=gdm XDG_DATA_DIRS=/usr/share/gdm/greeter:/usr/local/share/:/usr/share/ XDG_SESSION_TYPE=wayland XDG_SESSION_ID=c1 JOURNAL_STREAM=9:41054 GIO_USE_VFS=local RUNNING_UNDER_GDM=true GDM_VERSION=3.28.3 DBUS_SESSION_BUS_ADDRESS=unix:path=/run/user/121/bus,guid=0a9c3d8f91938b0a893b9f8f5ea7f922 XDG_SEAT=seat0 GNOME_SHELL_SESSION_MODE=gdm INVOCATION_ID=daa35abef4ae46d6ae9f160599fc832d QT_IM_MODULE=ibus GVFS_DISABLE_FUSE=1 XDG_SESSION_CLASS=greeter USER=gdm DBUS_STARTER_BUS_TYPE=session WAYLAND_DISPLAY=wayland-0 PWD=/var/lib/gdm3 XDG_MENU_PREFIX=gnome- LANG=en_US.UTF-8 MANAGERPID=839 HOME=/var/lib/gdm3 LOGNAME=gdm
gdm           -  0.0    -      -     - -        Sl   23:01   0:00 -
gdm           -  0.0    -      -     - -        Sl   23:01   0:00 -
gdm           -  0.0    -      -     - -        Sl   23:01   0:00 -
gdm        1230  0.0  0.1 271560  4936 ?        -    23:01   0:00 /usr/libexec/xdg-permission-store DBUS_SESSION_BUS_ADDRESS=unix:path=/run/user/121/bus DCONF_PROFILE=gdm DISPLAY=:1024 GDM_SEAT_ID=seat0 GDM_VERSION=3.28.3 GIO_USE_VFS=local GNOME_DESKTOP_SESSION_ID=this-is-deprecated GNOME_SHELL_SESSION_MODE=gdm GVFS_DISABLE_FUSE=1 GVFS_REMOTE_VOLUME_MONITOR_IGNORE=1 HOME=/var/lib/gdm3 LANG=en_US.UTF-8 LOGNAME=gdm PATH=/usr/local/sbin:/usr/local/bin:/usr/sbin:/usr/bin:/sbin:/bin PWD=/var/lib/gdm3 QT_IM_MODULE=ibus RUNNING_UNDER_GDM=true SESSION_MANAGER=local/ubuntu:@/tmp/.ICE-unix/890,unix/ubuntu:/tmp/.ICE-unix/890 SHELL=/bin/false USER=gdm USERNAME=gdm WAYLAND_DISPLAY=wayland-0 XDG_CURRENT_DESKTOP=GNOME-Greeter:GNOME XDG_DATA_DIRS=/usr/share/gdm/greeter:/usr/local/share/:/usr/share/ XDG_MENU_PREFIX=gnome- XDG_RUNTIME_DIR=/run/user/121 XDG_SEAT=seat0 XDG_SESSION_CLASS=greeter XDG_SESSION_ID=c1 XDG_SESSION_TYPE=wayland XDG_VTNR=1 XMODIFIERS=@im=ibus MANAGERPID=839 INVOCATION_ID=e1202f02063d4525960b714fdc6a726e JOURNAL_STREAM=9:44831
gdm           -  0.0    -      -     - -        Ssl  23:01   0:00 -
gdm           -  0.0    -      -     - -        Ssl  23:01   0:00 -
gdm           -  0.0    -      -     - -        Ssl  23:01   0:00 -
root       1239  0.0  0.2 315252  8808 ?        -    23:01   0:00 /usr/lib/x86_64-linux-gnu/boltd LANG=en_US.UTF-8 PATH=/usr/local/sbin:/usr/local/bin:/usr/sbin:/usr/bin:/sbin:/bin INVOCATION_ID=a24016f4f3e649c098dc9545fbe400f0 JOURNAL_STREAM=9:45114
root          -  0.0    -      -     - -        Ssl  23:01   0:00 -
root          -  0.0    -      -     - -        Ssl  23:01   0:00 -
root          -  0.0    -      -     - -        Ssl  23:01   0:00 -
root       1243  0.5  1.2 530788 39432 ?        -    23:01   0:13 /usr/lib/packagekit/packagekitd LANG=en_US.UTF-8 PATH=/usr/local/sbin:/usr/local/bin:/usr/sbin:/usr/bin:/sbin:/bin HOME=/root LOGNAME=root USER=root SHELL=/bin/sh INVOCATION_ID=4e70e408a0a841a3b7dc759a047fa31e JOURNAL_STREAM=9:45262
root          -  0.0    -      -     - -        Ssl  23:01   0:00 -
root          -  0.0    -      -     - -        Ssl  23:01   0:00 -
root          -  0.0    -      -     - -        Ssl  23:01   0:00 -
gdm        1244  0.0  1.5 642820 47968 tty1     -    23:01   0:00 /usr/lib/gnome-settings-daemon/gsd-xsettings USER=gdm XDG_SEAT=seat0 XDG_SESSION_TYPE=wayland HOME=/var/lib/gdm3 DCONF_PROFILE=gdm GDM_VERSION=3.28.3 GNOME_SHELL_SESSION_MODE=gdm DBUS_SESSION_BUS_ADDRESS=unix:path=/run/user/121/bus LOGNAME=gdm XDG_SESSION_CLASS=greeter USERNAME=gdm XDG_SESSION_ID=c1 GVFS_REMOTE_VOLUME_MONITOR_IGNORE=1 PATH=/usr/local/sbin:/usr/local/bin:/usr/sbin:/usr/bin:/sbin:/bin XDG_RUNTIME_DIR=/run/user/121 LANG=en_US.UTF-8 XDG_CURRENT_DESKTOP=GNOME-Greeter:GNOME GVFS_DISABLE_FUSE=1 SHELL=/bin/false XDG_VTNR=1 RUNNING_UNDER_GDM=true PWD=/var/lib/gdm3 GDM_SEAT_ID=seat0 XDG_DATA_DIRS=/usr/share/gdm/greeter:/usr/local/share/:/usr/share/ GIO_USE_VFS=local QT_IM_MODULE=ibus XMODIFIERS=@im=ibus GNOME_DESKTOP_SESSION_ID=this-is-deprecated XDG_MENU_PREFIX=gnome- SESSION_MANAGER=local/ubuntu:@/tmp/.ICE-unix/890,unix/ubuntu:/tmp/.ICE-unix/890 DISPLAY=:1024 WAYLAND_DISPLAY=wayland-0 DESKTOP_AUTOSTART_ID=10e0d11fabec0d5a2b158806659531568900000008900017 GIO_LAUNCHED_DESKTOP_FILE=/etc/xdg/autostart/org.gnome.SettingsDaemon.XSettings.desktop GIO_LAUNCHED_DESKTOP_FILE_PID=1244
gdm           -  0.0    -      -     - -        Sl+  23:01   0:00 -
gdm           -  0.0    -      -     - -        Sl+  23:01   0:00 -
gdm           -  0.0    -      -     - -        Sl+  23:01   0:00 -
gdm           -  0.0    -      -     - -        Sl+  23:01   0:00 -
gdm        1247  0.0  0.2 294480  8236 tty1     -    23:01   0:00 /usr/lib/gnome-settings-daemon/gsd-a11y-settings USER=gdm XDG_SEAT=seat0 XDG_SESSION_TYPE=wayland HOME=/var/lib/gdm3 DCONF_PROFILE=gdm GDM_VERSION=3.28.3 GNOME_SHELL_SESSION_MODE=gdm DBUS_SESSION_BUS_ADDRESS=unix:path=/run/user/121/bus LOGNAME=gdm XDG_SESSION_CLASS=greeter USERNAME=gdm XDG_SESSION_ID=c1 GVFS_REMOTE_VOLUME_MONITOR_IGNORE=1 PATH=/usr/local/sbin:/usr/local/bin:/usr/sbin:/usr/bin:/sbin:/bin XDG_RUNTIME_DIR=/run/user/121 LANG=en_US.UTF-8 XDG_CURRENT_DESKTOP=GNOME-Greeter:GNOME GVFS_DISABLE_FUSE=1 SHELL=/bin/false XDG_VTNR=1 RUNNING_UNDER_GDM=true PWD=/var/lib/gdm3 GDM_SEAT_ID=seat0 XDG_DATA_DIRS=/usr/share/gdm/greeter:/usr/local/share/:/usr/share/ GIO_USE_VFS=local QT_IM_MODULE=ibus XMODIFIERS=@im=ibus GNOME_DESKTOP_SESSION_ID=this-is-deprecated XDG_MENU_PREFIX=gnome- SESSION_MANAGER=local/ubuntu:@/tmp/.ICE-unix/890,unix/ubuntu:/tmp/.ICE-unix/890 DISPLAY=:1024 WAYLAND_DISPLAY=wayland-0 DESKTOP_AUTOSTART_ID=10e0d11fabec0d5a2b158806659529047400000008900001 GIO_LAUNCHED_DESKTOP_FILE=/etc/xdg/autostart/org.gnome.SettingsDaemon.A11ySettings.desktop GIO_LAUNCHED_DESKTOP_FILE_PID=1247
gdm           -  0.0    -      -     - -        Sl+  23:01   0:00 -
gdm           -  0.0    -      -     - -        Sl+  23:01   0:00 -
gdm           -  0.0    -      -     - -        Sl+  23:01   0:00 -
gdm           -  0.0    -      -     - -        Sl+  23:01   0:00 -
gdm        1250  0.0  1.5 493988 46372 tty1     -    23:01   0:00 /usr/lib/gnome-settings-daemon/gsd-clipboard USER=gdm XDG_SEAT=seat0 XDG_SESSION_TYPE=wayland HOME=/var/lib/gdm3 DCONF_PROFILE=gdm GDM_VERSION=3.28.3 GNOME_SHELL_SESSION_MODE=gdm DBUS_SESSION_BUS_ADDRESS=unix:path=/run/user/121/bus LOGNAME=gdm XDG_SESSION_CLASS=greeter USERNAME=gdm XDG_SESSION_ID=c1 GVFS_REMOTE_VOLUME_MONITOR_IGNORE=1 PATH=/usr/local/sbin:/usr/local/bin:/usr/sbin:/usr/bin:/sbin:/bin XDG_RUNTIME_DIR=/run/user/121 LANG=en_US.UTF-8 XDG_CURRENT_DESKTOP=GNOME-Greeter:GNOME GVFS_DISABLE_FUSE=1 SHELL=/bin/false XDG_VTNR=1 RUNNING_UNDER_GDM=true PWD=/var/lib/gdm3 GDM_SEAT_ID=seat0 XDG_DATA_DIRS=/usr/share/gdm/greeter:/usr/local/share/:/usr/share/ GIO_USE_VFS=local QT_IM_MODULE=ibus XMODIFIERS=@im=ibus GNOME_DESKTOP_SESSION_ID=this-is-deprecated XDG_MENU_PREFIX=gnome- SESSION_MANAGER=local/ubuntu:@/tmp/.ICE-unix/890,unix/ubuntu:/tmp/.ICE-unix/890 DISPLAY=:1024 WAYLAND_DISPLAY=wayland-0 DESKTOP_AUTOSTART_ID=10e0d11fabec0d5a2b158806659529074400000008900002 GIO_LAUNCHED_DESKTOP_FILE=/etc/xdg/autostart/org.gnome.SettingsDaemon.Clipboard.desktop GIO_LAUNCHED_DESKTOP_FILE_PID=1250
gdm           -  0.0    -      -     - -        Sl+  23:01   0:00 -
gdm           -  0.0    -      -     - -        Sl+  23:01   0:00 -
gdm           -  0.0    -      -     - -        Sl+  23:01   0:00 -
gdm        1252  0.0  1.5 807056 48028 tty1     -    23:01   0:00 /usr/lib/gnome-settings-daemon/gsd-color USER=gdm XDG_SEAT=seat0 XDG_SESSION_TYPE=wayland HOME=/var/lib/gdm3 DCONF_PROFILE=gdm GDM_VERSION=3.28.3 GNOME_SHELL_SESSION_MODE=gdm DBUS_SESSION_BUS_ADDRESS=unix:path=/run/user/121/bus LOGNAME=gdm XDG_SESSION_CLASS=greeter USERNAME=gdm XDG_SESSION_ID=c1 GVFS_REMOTE_VOLUME_MONITOR_IGNORE=1 PATH=/usr/local/sbin:/usr/local/bin:/usr/sbin:/usr/bin:/sbin:/bin XDG_RUNTIME_DIR=/run/user/121 LANG=en_US.UTF-8 XDG_CURRENT_DESKTOP=GNOME-Greeter:GNOME GVFS_DISABLE_FUSE=1 SHELL=/bin/false XDG_VTNR=1 RUNNING_UNDER_GDM=true PWD=/var/lib/gdm3 GDM_SEAT_ID=seat0 XDG_DATA_DIRS=/usr/share/gdm/greeter:/usr/local/share/:/usr/share/ GIO_USE_VFS=local QT_IM_MODULE=ibus XMODIFIERS=@im=ibus GNOME_DESKTOP_SESSION_ID=this-is-deprecated XDG_MENU_PREFIX=gnome- SESSION_MANAGER=local/ubuntu:@/tmp/.ICE-unix/890,unix/ubuntu:/tmp/.ICE-unix/890 DISPLAY=:1024 WAYLAND_DISPLAY=wayland-0 DESKTOP_AUTOSTART_ID=10e0d11fabec0d5a2b158806659529092200000008900003 GIO_LAUNCHED_DESKTOP_FILE=/etc/xdg/autostart/org.gnome.SettingsDaemon.Color.desktop GIO_LAUNCHED_DESKTOP_FILE_PID=1252
gdm           -  0.0    -      -     - -        Sl+  23:01   0:00 -
gdm           -  0.0    -      -     - -        Sl+  23:01   0:00 -
gdm           -  0.0    -      -     - -        Sl+  23:01   0:00 -
gdm           -  0.0    -      -     - -        Sl+  23:01   0:00 -
gdm        1255  0.0  0.4 393708 13704 tty1     -    23:01   0:00 /usr/lib/gnome-settings-daemon/gsd-datetime USER=gdm XDG_SEAT=seat0 XDG_SESSION_TYPE=wayland HOME=/var/lib/gdm3 DCONF_PROFILE=gdm GDM_VERSION=3.28.3 GNOME_SHELL_SESSION_MODE=gdm DBUS_SESSION_BUS_ADDRESS=unix:path=/run/user/121/bus LOGNAME=gdm XDG_SESSION_CLASS=greeter USERNAME=gdm XDG_SESSION_ID=c1 GVFS_REMOTE_VOLUME_MONITOR_IGNORE=1 PATH=/usr/local/sbin:/usr/local/bin:/usr/sbin:/usr/bin:/sbin:/bin XDG_RUNTIME_DIR=/run/user/121 LANG=en_US.UTF-8 XDG_CURRENT_DESKTOP=GNOME-Greeter:GNOME GVFS_DISABLE_FUSE=1 SHELL=/bin/false XDG_VTNR=1 RUNNING_UNDER_GDM=true PWD=/var/lib/gdm3 GDM_SEAT_ID=seat0 XDG_DATA_DIRS=/usr/share/gdm/greeter:/usr/local/share/:/usr/share/ GIO_USE_VFS=local QT_IM_MODULE=ibus XMODIFIERS=@im=ibus GNOME_DESKTOP_SESSION_ID=this-is-deprecated XDG_MENU_PREFIX=gnome- SESSION_MANAGER=local/ubuntu:@/tmp/.ICE-unix/890,unix/ubuntu:/tmp/.ICE-unix/890 DISPLAY=:1024 WAYLAND_DISPLAY=wayland-0 DESKTOP_AUTOSTART_ID=10e0d11fabec0d5a2b158806659529111600000008900004 GIO_LAUNCHED_DESKTOP_FILE=/etc/xdg/autostart/org.gnome.SettingsDaemon.Datetime.desktop GIO_LAUNCHED_DESKTOP_FILE_PID=1255
gdm           -  0.0    -      -     - -        Sl+  23:01   0:00 -
gdm           -  0.0    -      -     - -        Sl+  23:01   0:00 -
gdm           -  0.0    -      -     - -        Sl+  23:01   0:00 -
gdm        1256  0.0  0.1 283740  5280 tty1     -    23:01   0:00 /usr/lib/gnome-settings-daemon/gsd-housekeeping USER=gdm XDG_SEAT=seat0 XDG_SESSION_TYPE=wayland HOME=/var/lib/gdm3 DCONF_PROFILE=gdm GDM_VERSION=3.28.3 GNOME_SHELL_SESSION_MODE=gdm DBUS_SESSION_BUS_ADDRESS=unix:path=/run/user/121/bus LOGNAME=gdm XDG_SESSION_CLASS=greeter USERNAME=gdm XDG_SESSION_ID=c1 GVFS_REMOTE_VOLUME_MONITOR_IGNORE=1 PATH=/usr/local/sbin:/usr/local/bin:/usr/sbin:/usr/bin:/sbin:/bin XDG_RUNTIME_DIR=/run/user/121 LANG=en_US.UTF-8 XDG_CURRENT_DESKTOP=GNOME-Greeter:GNOME GVFS_DISABLE_FUSE=1 SHELL=/bin/false XDG_VTNR=1 RUNNING_UNDER_GDM=true PWD=/var/lib/gdm3 GDM_SEAT_ID=seat0 XDG_DATA_DIRS=/usr/share/gdm/greeter:/usr/local/share/:/usr/share/ GIO_USE_VFS=local QT_IM_MODULE=ibus XMODIFIERS=@im=ibus GNOME_DESKTOP_SESSION_ID=this-is-deprecated XDG_MENU_PREFIX=gnome- SESSION_MANAGER=local/ubuntu:@/tmp/.ICE-unix/890,unix/ubuntu:/tmp/.ICE-unix/890 DISPLAY=:1024 WAYLAND_DISPLAY=wayland-0 DESKTOP_AUTOSTART_ID=10e0d11fabec0d5a2b158806659529129700000008900005 GIO_LAUNCHED_DESKTOP_FILE=/etc/xdg/autostart/org.gnome.SettingsDaemon.Housekeeping.desktop GIO_LAUNCHED_DESKTOP_FILE_PID=1256
gdm           -  0.0    -      -     - -        Sl+  23:01   0:00 -
gdm           -  0.0    -      -     - -        Sl+  23:01   0:00 -
gdm           -  0.0    -      -     - -        Sl+  23:01   0:00 -
gdm        1257  0.0  1.5 654792 47772 tty1     -    23:01   0:00 /usr/lib/gnome-settings-daemon/gsd-keyboard USER=gdm XDG_SEAT=seat0 XDG_SESSION_TYPE=wayland HOME=/var/lib/gdm3 DCONF_PROFILE=gdm GDM_VERSION=3.28.3 GNOME_SHELL_SESSION_MODE=gdm DBUS_SESSION_BUS_ADDRESS=unix:path=/run/user/121/bus LOGNAME=gdm XDG_SESSION_CLASS=greeter USERNAME=gdm XDG_SESSION_ID=c1 GVFS_REMOTE_VOLUME_MONITOR_IGNORE=1 PATH=/usr/local/sbin:/usr/local/bin:/usr/sbin:/usr/bin:/sbin:/bin XDG_RUNTIME_DIR=/run/user/121 LANG=en_US.UTF-8 XDG_CURRENT_DESKTOP=GNOME-Greeter:GNOME GVFS_DISABLE_FUSE=1 SHELL=/bin/false XDG_VTNR=1 RUNNING_UNDER_GDM=true PWD=/var/lib/gdm3 GDM_SEAT_ID=seat0 XDG_DATA_DIRS=/usr/share/gdm/greeter:/usr/local/share/:/usr/share/ GIO_USE_VFS=local QT_IM_MODULE=ibus XMODIFIERS=@im=ibus GNOME_DESKTOP_SESSION_ID=this-is-deprecated XDG_MENU_PREFIX=gnome- SESSION_MANAGER=local/ubuntu:@/tmp/.ICE-unix/890,unix/ubuntu:/tmp/.ICE-unix/890 DISPLAY=:1024 WAYLAND_DISPLAY=wayland-0 DESKTOP_AUTOSTART_ID=10e0d11fabec0d5a2b158806659529146000000008900006 GIO_LAUNCHED_DESKTOP_FILE=/etc/xdg/autostart/org.gnome.SettingsDaemon.Keyboard.desktop GIO_LAUNCHED_DESKTOP_FILE_PID=1257
gdm           -  0.0    -      -     - -        Sl+  23:01   0:00 -
gdm           -  0.0    -      -     - -        Sl+  23:01   0:00 -
gdm           -  0.0    -      -     - -        Sl+  23:01   0:00 -
gdm           -  0.0    -      -     - -        Sl+  23:01   0:00 -
gdm        1258  0.0  1.6 941216 49628 tty1     -    23:01   0:00 /usr/lib/gnome-settings-daemon/gsd-media-keys USER=gdm XDG_SEAT=seat0 XDG_SESSION_TYPE=wayland HOME=/var/lib/gdm3 DCONF_PROFILE=gdm GDM_VERSION=3.28.3 GNOME_SHELL_SESSION_MODE=gdm DBUS_SESSION_BUS_ADDRESS=unix:path=/run/user/121/bus LOGNAME=gdm XDG_SESSION_CLASS=greeter USERNAME=gdm XDG_SESSION_ID=c1 GVFS_REMOTE_VOLUME_MONITOR_IGNORE=1 PATH=/usr/local/sbin:/usr/local/bin:/usr/sbin:/usr/bin:/sbin:/bin XDG_RUNTIME_DIR=/run/user/121 LANG=en_US.UTF-8 XDG_CURRENT_DESKTOP=GNOME-Greeter:GNOME GVFS_DISABLE_FUSE=1 SHELL=/bin/false XDG_VTNR=1 RUNNING_UNDER_GDM=true PWD=/var/lib/gdm3 GDM_SEAT_ID=seat0 XDG_DATA_DIRS=/usr/share/gdm/greeter:/usr/local/share/:/usr/share/ GIO_USE_VFS=local QT_IM_MODULE=ibus XMODIFIERS=@im=ibus GNOME_DESKTOP_SESSION_ID=this-is-deprecated XDG_MENU_PREFIX=gnome- SESSION_MANAGER=local/ubuntu:@/tmp/.ICE-unix/890,unix/ubuntu:/tmp/.ICE-unix/890 DISPLAY=:1024 WAYLAND_DISPLAY=wayland-0 DESKTOP_AUTOSTART_ID=10e0d11fabec0d5a2b158806659529166000000008900007 GIO_LAUNCHED_DESKTOP_FILE=/etc/xdg/autostart/org.gnome.SettingsDaemon.MediaKeys.desktop GIO_LAUNCHED_DESKTOP_FILE_PID=1258
gdm           -  0.0    -      -     - -        Sl+  23:01   0:00 -
gdm           -  0.0    -      -     - -        Sl+  23:01   0:00 -
gdm           -  0.0    -      -     - -        Sl+  23:01   0:00 -
gdm           -  0.0    -      -     - -        Sl+  23:01   0:00 -
gdm        1261  0.0  0.1 201996  4488 tty1     -    23:01   0:00 /usr/lib/gnome-settings-daemon/gsd-mouse USER=gdm XDG_SEAT=seat0 XDG_SESSION_TYPE=wayland HOME=/var/lib/gdm3 DCONF_PROFILE=gdm GDM_VERSION=3.28.3 GNOME_SHELL_SESSION_MODE=gdm DBUS_SESSION_BUS_ADDRESS=unix:path=/run/user/121/bus LOGNAME=gdm XDG_SESSION_CLASS=greeter USERNAME=gdm XDG_SESSION_ID=c1 GVFS_REMOTE_VOLUME_MONITOR_IGNORE=1 PATH=/usr/local/sbin:/usr/local/bin:/usr/sbin:/usr/bin:/sbin:/bin XDG_RUNTIME_DIR=/run/user/121 LANG=en_US.UTF-8 XDG_CURRENT_DESKTOP=GNOME-Greeter:GNOME GVFS_DISABLE_FUSE=1 SHELL=/bin/false XDG_VTNR=1 RUNNING_UNDER_GDM=true PWD=/var/lib/gdm3 GDM_SEAT_ID=seat0 XDG_DATA_DIRS=/usr/share/gdm/greeter:/usr/local/share/:/usr/share/ GIO_USE_VFS=local QT_IM_MODULE=ibus XMODIFIERS=@im=ibus GNOME_DESKTOP_SESSION_ID=this-is-deprecated XDG_MENU_PREFIX=gnome- SESSION_MANAGER=local/ubuntu:@/tmp/.ICE-unix/890,unix/ubuntu:/tmp/.ICE-unix/890 DISPLAY=:1024 WAYLAND_DISPLAY=wayland-0 DESKTOP_AUTOSTART_ID=10e0d11fabec0d5a2b158806659529186100000008900008 GIO_LAUNCHED_DESKTOP_FILE=/etc/xdg/autostart/org.gnome.SettingsDaemon.Mouse.desktop GIO_LAUNCHED_DESKTOP_FILE_PID=1261
gdm           -  0.0    -      -     - -        Sl+  23:01   0:00 -
gdm           -  0.0    -      -     - -        Sl+  23:01   0:00 -
gdm           -  0.0    -      -     - -        Sl+  23:01   0:00 -
gdm        1263  0.0  1.5 665556 48172 tty1     -    23:01   0:00 /usr/lib/gnome-settings-daemon/gsd-power USER=gdm XDG_SEAT=seat0 XDG_SESSION_TYPE=wayland HOME=/var/lib/gdm3 DCONF_PROFILE=gdm GDM_VERSION=3.28.3 GNOME_SHELL_SESSION_MODE=gdm DBUS_SESSION_BUS_ADDRESS=unix:path=/run/user/121/bus LOGNAME=gdm XDG_SESSION_CLASS=greeter USERNAME=gdm XDG_SESSION_ID=c1 GVFS_REMOTE_VOLUME_MONITOR_IGNORE=1 PATH=/usr/local/sbin:/usr/local/bin:/usr/sbin:/usr/bin:/sbin:/bin XDG_RUNTIME_DIR=/run/user/121 LANG=en_US.UTF-8 XDG_CURRENT_DESKTOP=GNOME-Greeter:GNOME GVFS_DISABLE_FUSE=1 SHELL=/bin/false XDG_VTNR=1 RUNNING_UNDER_GDM=true PWD=/var/lib/gdm3 GDM_SEAT_ID=seat0 XDG_DATA_DIRS=/usr/share/gdm/greeter:/usr/local/share/:/usr/share/ GIO_USE_VFS=local QT_IM_MODULE=ibus XMODIFIERS=@im=ibus GNOME_DESKTOP_SESSION_ID=this-is-deprecated XDG_MENU_PREFIX=gnome- SESSION_MANAGER=local/ubuntu:@/tmp/.ICE-unix/890,unix/ubuntu:/tmp/.ICE-unix/890 DISPLAY=:1024 WAYLAND_DISPLAY=wayland-0 DESKTOP_AUTOSTART_ID=10e0d11fabec0d5a2b158806659529633900000008900009 GIO_LAUNCHED_DESKTOP_FILE=/etc/xdg/autostart/org.gnome.SettingsDaemon.Power.desktop GIO_LAUNCHED_DESKTOP_FILE_PID=1263
gdm           -  0.0    -      -     - -        Sl+  23:01   0:00 -
gdm           -  0.0    -      -     - -        Sl+  23:01   0:00 -
gdm           -  0.0    -      -     - -        Sl+  23:01   0:00 -
gdm           -  0.0    -      -     - -        Sl+  23:01   0:00 -
gdm        1265  0.0  0.2 267004  8600 tty1     -    23:01   0:00 /usr/lib/gnome-settings-daemon/gsd-print-notifications USER=gdm XDG_SEAT=seat0 XDG_SESSION_TYPE=wayland HOME=/var/lib/gdm3 DCONF_PROFILE=gdm GDM_VERSION=3.28.3 GNOME_SHELL_SESSION_MODE=gdm DBUS_SESSION_BUS_ADDRESS=unix:path=/run/user/121/bus LOGNAME=gdm XDG_SESSION_CLASS=greeter USERNAME=gdm XDG_SESSION_ID=c1 GVFS_REMOTE_VOLUME_MONITOR_IGNORE=1 PATH=/usr/local/sbin:/usr/local/bin:/usr/sbin:/usr/bin:/sbin:/bin XDG_RUNTIME_DIR=/run/user/121 LANG=en_US.UTF-8 XDG_CURRENT_DESKTOP=GNOME-Greeter:GNOME GVFS_DISABLE_FUSE=1 SHELL=/bin/false XDG_VTNR=1 RUNNING_UNDER_GDM=true PWD=/var/lib/gdm3 GDM_SEAT_ID=seat0 XDG_DATA_DIRS=/usr/share/gdm/greeter:/usr/local/share/:/usr/share/ GIO_USE_VFS=local QT_IM_MODULE=ibus XMODIFIERS=@im=ibus GNOME_DESKTOP_SESSION_ID=this-is-deprecated XDG_MENU_PREFIX=gnome- SESSION_MANAGER=local/ubuntu:@/tmp/.ICE-unix/890,unix/ubuntu:/tmp/.ICE-unix/890 DISPLAY=:1024 WAYLAND_DISPLAY=wayland-0 DESKTOP_AUTOSTART_ID=10e0d11fabec0d5a2b158806659529707200000008900010 GIO_LAUNCHED_DESKTOP_FILE=/etc/xdg/autostart/org.gnome.SettingsDaemon.PrintNotifications.desktop GIO_LAUNCHED_DESKTOP_FILE_PID=1265
gdm           -  0.0    -      -     - -        Sl+  23:01   0:00 -
gdm           -  0.0    -      -     - -        Sl+  23:01   0:00 -
gdm           -  0.0    -      -     - -        Sl+  23:01   0:00 -
gdm        1267  0.0  0.1 202016  4512 tty1     -    23:01   0:00 /usr/lib/gnome-settings-daemon/gsd-rfkill USER=gdm XDG_SEAT=seat0 XDG_SESSION_TYPE=wayland HOME=/var/lib/gdm3 DCONF_PROFILE=gdm GDM_VERSION=3.28.3 GNOME_SHELL_SESSION_MODE=gdm DBUS_SESSION_BUS_ADDRESS=unix:path=/run/user/121/bus LOGNAME=gdm XDG_SESSION_CLASS=greeter USERNAME=gdm XDG_SESSION_ID=c1 GVFS_REMOTE_VOLUME_MONITOR_IGNORE=1 PATH=/usr/local/sbin:/usr/local/bin:/usr/sbin:/usr/bin:/sbin:/bin XDG_RUNTIME_DIR=/run/user/121 LANG=en_US.UTF-8 XDG_CURRENT_DESKTOP=GNOME-Greeter:GNOME GVFS_DISABLE_FUSE=1 SHELL=/bin/false XDG_VTNR=1 RUNNING_UNDER_GDM=true PWD=/var/lib/gdm3 GDM_SEAT_ID=seat0 XDG_DATA_DIRS=/usr/share/gdm/greeter:/usr/local/share/:/usr/share/ GIO_USE_VFS=local QT_IM_MODULE=ibus XMODIFIERS=@im=ibus GNOME_DESKTOP_SESSION_ID=this-is-deprecated XDG_MENU_PREFIX=gnome- SESSION_MANAGER=local/ubuntu:@/tmp/.ICE-unix/890,unix/ubuntu:/tmp/.ICE-unix/890 DISPLAY=:1024 WAYLAND_DISPLAY=wayland-0 DESKTOP_AUTOSTART_ID=10e0d11fabec0d5a2b158806659529764300000008900011 GIO_LAUNCHED_DESKTOP_FILE=/etc/xdg/autostart/org.gnome.SettingsDaemon.Rfkill.desktop GIO_LAUNCHED_DESKTOP_FILE_PID=1267
gdm           -  0.0    -      -     - -        Sl+  23:01   0:00 -
gdm           -  0.0    -      -     - -        Sl+  23:01   0:00 -
gdm           -  0.0    -      -     - -        Sl+  23:01   0:00 -
gdm        1269  0.0  0.1 275732  4796 tty1     -    23:01   0:00 /usr/lib/gnome-settings-daemon/gsd-screensaver-proxy USER=gdm XDG_SEAT=seat0 XDG_SESSION_TYPE=wayland HOME=/var/lib/gdm3 DCONF_PROFILE=gdm GDM_VERSION=3.28.3 GNOME_SHELL_SESSION_MODE=gdm DBUS_SESSION_BUS_ADDRESS=unix:path=/run/user/121/bus LOGNAME=gdm XDG_SESSION_CLASS=greeter USERNAME=gdm XDG_SESSION_ID=c1 GVFS_REMOTE_VOLUME_MONITOR_IGNORE=1 PATH=/usr/local/sbin:/usr/local/bin:/usr/sbin:/usr/bin:/sbin:/bin XDG_RUNTIME_DIR=/run/user/121 LANG=en_US.UTF-8 XDG_CURRENT_DESKTOP=GNOME-Greeter:GNOME GVFS_DISABLE_FUSE=1 SHELL=/bin/false XDG_VTNR=1 RUNNING_UNDER_GDM=true PWD=/var/lib/gdm3 GDM_SEAT_ID=seat0 XDG_DATA_DIRS=/usr/share/gdm/greeter:/usr/local/share/:/usr/share/ GIO_USE_VFS=local QT_IM_MODULE=ibus XMODIFIERS=@im=ibus GNOME_DESKTOP_SESSION_ID=this-is-deprecated XDG_MENU_PREFIX=gnome- SESSION_MANAGER=local/ubuntu:@/tmp/.ICE-unix/890,unix/ubuntu:/tmp/.ICE-unix/890 DISPLAY=:1024 WAYLAND_DISPLAY=wayland-0 DESKTOP_AUTOSTART_ID=10e0d11fabec0d5a2b158806659529835700000008900012 GIO_LAUNCHED_DESKTOP_FILE=/etc/xdg/autostart/org.gnome.SettingsDaemon.ScreensaverProxy.desktop GIO_LAUNCHED_DESKTOP_FILE_PID=1269
gdm           -  0.0    -      -     - -        Sl+  23:01   0:00 -
gdm           -  0.0    -      -     - -        Sl+  23:01   0:00 -
gdm           -  0.0    -      -     - -        Sl+  23:01   0:00 -
gdm        1271  0.0  0.3 321428 10336 tty1     -    23:01   0:00 /usr/lib/gnome-settings-daemon/gsd-sharing USER=gdm XDG_SEAT=seat0 XDG_SESSION_TYPE=wayland HOME=/var/lib/gdm3 DCONF_PROFILE=gdm GDM_VERSION=3.28.3 GNOME_SHELL_SESSION_MODE=gdm DBUS_SESSION_BUS_ADDRESS=unix:path=/run/user/121/bus LOGNAME=gdm XDG_SESSION_CLASS=greeter USERNAME=gdm XDG_SESSION_ID=c1 GVFS_REMOTE_VOLUME_MONITOR_IGNORE=1 PATH=/usr/local/sbin:/usr/local/bin:/usr/sbin:/usr/bin:/sbin:/bin XDG_RUNTIME_DIR=/run/user/121 LANG=en_US.UTF-8 XDG_CURRENT_DESKTOP=GNOME-Greeter:GNOME GVFS_DISABLE_FUSE=1 SHELL=/bin/false XDG_VTNR=1 RUNNING_UNDER_GDM=true PWD=/var/lib/gdm3 GDM_SEAT_ID=seat0 XDG_DATA_DIRS=/usr/share/gdm/greeter:/usr/local/share/:/usr/share/ GIO_USE_VFS=local QT_IM_MODULE=ibus XMODIFIERS=@im=ibus GNOME_DESKTOP_SESSION_ID=this-is-deprecated XDG_MENU_PREFIX=gnome- SESSION_MANAGER=local/ubuntu:@/tmp/.ICE-unix/890,unix/ubuntu:/tmp/.ICE-unix/890 DISPLAY=:1024 WAYLAND_DISPLAY=wayland-0 DESKTOP_AUTOSTART_ID=10e0d11fabec0d5a2b158806659529892600000008900013 GIO_LAUNCHED_DESKTOP_FILE=/etc/xdg/autostart/org.gnome.SettingsDaemon.Sharing.desktop GIO_LAUNCHED_DESKTOP_FILE_PID=1271
gdm           -  0.0    -      -     - -        Sl+  23:01   0:00 -
gdm           -  0.0    -      -     - -        Sl+  23:01   0:00 -
gdm           -  0.0    -      -     - -        Sl+  23:01   0:00 -
gdm           -  0.0    -      -     - -        Sl+  23:01   0:00 -
gdm        1277  0.0  0.3 464288  9756 tty1     -    23:01   0:00 /usr/lib/gnome-settings-daemon/gsd-smartcard USER=gdm XDG_SEAT=seat0 XDG_SESSION_TYPE=wayland HOME=/var/lib/gdm3 DCONF_PROFILE=gdm GDM_VERSION=3.28.3 GNOME_SHELL_SESSION_MODE=gdm DBUS_SESSION_BUS_ADDRESS=unix:path=/run/user/121/bus LOGNAME=gdm XDG_SESSION_CLASS=greeter USERNAME=gdm XDG_SESSION_ID=c1 GVFS_REMOTE_VOLUME_MONITOR_IGNORE=1 PATH=/usr/local/sbin:/usr/local/bin:/usr/sbin:/usr/bin:/sbin:/bin XDG_RUNTIME_DIR=/run/user/121 LANG=en_US.UTF-8 XDG_CURRENT_DESKTOP=GNOME-Greeter:GNOME GVFS_DISABLE_FUSE=1 SHELL=/bin/false XDG_VTNR=1 RUNNING_UNDER_GDM=true PWD=/var/lib/gdm3 GDM_SEAT_ID=seat0 XDG_DATA_DIRS=/usr/share/gdm/greeter:/usr/local/share/:/usr/share/ GIO_USE_VFS=local QT_IM_MODULE=ibus XMODIFIERS=@im=ibus GNOME_DESKTOP_SESSION_ID=this-is-deprecated XDG_MENU_PREFIX=gnome- SESSION_MANAGER=local/ubuntu:@/tmp/.ICE-unix/890,unix/ubuntu:/tmp/.ICE-unix/890 DISPLAY=:1024 WAYLAND_DISPLAY=wayland-0 DESKTOP_AUTOSTART_ID=10e0d11fabec0d5a2b158806659529951100000008900014 GIO_LAUNCHED_DESKTOP_FILE=/etc/xdg/autostart/org.gnome.SettingsDaemon.Smartcard.desktop GIO_LAUNCHED_DESKTOP_FILE_PID=1277
gdm           -  0.0    -      -     - -        Sl+  23:01   0:00 -
gdm           -  0.0    -      -     - -        Sl+  23:01   0:00 -
gdm           -  0.0    -      -     - -        Sl+  23:01   0:00 -
gdm           -  0.0    -      -     - -        Sl+  23:01   0:00 -
gdm           -  0.0    -      -     - -        Sl+  23:01   0:00 -
gdm        1280  0.0  0.3 340936  9560 tty1     -    23:01   0:00 /usr/lib/gnome-settings-daemon/gsd-sound USER=gdm XDG_SEAT=seat0 XDG_SESSION_TYPE=wayland HOME=/var/lib/gdm3 DCONF_PROFILE=gdm GDM_VERSION=3.28.3 GNOME_SHELL_SESSION_MODE=gdm DBUS_SESSION_BUS_ADDRESS=unix:path=/run/user/121/bus LOGNAME=gdm XDG_SESSION_CLASS=greeter USERNAME=gdm XDG_SESSION_ID=c1 GVFS_REMOTE_VOLUME_MONITOR_IGNORE=1 PATH=/usr/local/sbin:/usr/local/bin:/usr/sbin:/usr/bin:/sbin:/bin XDG_RUNTIME_DIR=/run/user/121 LANG=en_US.UTF-8 XDG_CURRENT_DESKTOP=GNOME-Greeter:GNOME GVFS_DISABLE_FUSE=1 SHELL=/bin/false XDG_VTNR=1 RUNNING_UNDER_GDM=true PWD=/var/lib/gdm3 GDM_SEAT_ID=seat0 XDG_DATA_DIRS=/usr/share/gdm/greeter:/usr/local/share/:/usr/share/ GIO_USE_VFS=local QT_IM_MODULE=ibus XMODIFIERS=@im=ibus GNOME_DESKTOP_SESSION_ID=this-is-deprecated XDG_MENU_PREFIX=gnome- SESSION_MANAGER=local/ubuntu:@/tmp/.ICE-unix/890,unix/ubuntu:/tmp/.ICE-unix/890 DISPLAY=:1024 WAYLAND_DISPLAY=wayland-0 DESKTOP_AUTOSTART_ID=10e0d11fabec0d5a2b158806659531523100000008900015 GIO_LAUNCHED_DESKTOP_FILE=/etc/xdg/autostart/org.gnome.SettingsDaemon.Sound.desktop GIO_LAUNCHED_DESKTOP_FILE_PID=1280
gdm           -  0.0    -      -     - -        Sl+  23:01   0:00 -
gdm           -  0.0    -      -     - -        Sl+  23:01   0:00 -
gdm           -  0.0    -      -     - -        Sl+  23:01   0:00 -
gdm           -  0.0    -      -     - -        Sl+  23:01   0:00 -
gdm        1282  0.0  1.5 578932 47664 tty1     -    23:01   0:00 /usr/lib/gnome-settings-daemon/gsd-wacom USER=gdm XDG_SEAT=seat0 XDG_SESSION_TYPE=wayland HOME=/var/lib/gdm3 DCONF_PROFILE=gdm GDM_VERSION=3.28.3 GNOME_SHELL_SESSION_MODE=gdm DBUS_SESSION_BUS_ADDRESS=unix:path=/run/user/121/bus LOGNAME=gdm XDG_SESSION_CLASS=greeter USERNAME=gdm XDG_SESSION_ID=c1 GVFS_REMOTE_VOLUME_MONITOR_IGNORE=1 PATH=/usr/local/sbin:/usr/local/bin:/usr/sbin:/usr/bin:/sbin:/bin XDG_RUNTIME_DIR=/run/user/121 LANG=en_US.UTF-8 XDG_CURRENT_DESKTOP=GNOME-Greeter:GNOME GVFS_DISABLE_FUSE=1 SHELL=/bin/false XDG_VTNR=1 RUNNING_UNDER_GDM=true PWD=/var/lib/gdm3 GDM_SEAT_ID=seat0 XDG_DATA_DIRS=/usr/share/gdm/greeter:/usr/local/share/:/usr/share/ GIO_USE_VFS=local QT_IM_MODULE=ibus XMODIFIERS=@im=ibus GNOME_DESKTOP_SESSION_ID=this-is-deprecated XDG_MENU_PREFIX=gnome- SESSION_MANAGER=local/ubuntu:@/tmp/.ICE-unix/890,unix/ubuntu:/tmp/.ICE-unix/890 DISPLAY=:1024 WAYLAND_DISPLAY=wayland-0 DESKTOP_AUTOSTART_ID=10e0d11fabec0d5a2b158806659531548300000008900016 GIO_LAUNCHED_DESKTOP_FILE=/etc/xdg/autostart/org.gnome.SettingsDaemon.Wacom.desktop GIO_LAUNCHED_DESKTOP_FILE_PID=1282
gdm           -  0.0    -      -     - -        Sl+  23:01   0:00 -
gdm           -  0.0    -      -     - -        Sl+  23:01   0:00 -
gdm           -  0.0    -      -     - -        Sl+  23:01   0:00 -
gdm        1297  0.0  0.2 218632  7704 tty1     -    23:01   0:00 /usr/lib/ibus/ibus-engine-simple USER=gdm XDG_SEAT=seat0 XDG_SESSION_TYPE=wayland HOME=/var/lib/gdm3 DCONF_PROFILE=gdm GDM_VERSION=3.28.3 GNOME_SHELL_SESSION_MODE=gdm DBUS_SESSION_BUS_ADDRESS=unix:path=/run/user/121/bus LOGNAME=gdm XDG_SESSION_CLASS=greeter USERNAME=gdm XDG_SESSION_ID=c1 GVFS_REMOTE_VOLUME_MONITOR_IGNORE=1 PATH=/usr/local/sbin:/usr/local/bin:/usr/sbin:/usr/bin:/sbin:/bin XDG_RUNTIME_DIR=/run/user/121 LANG=en_US.UTF-8 XDG_CURRENT_DESKTOP=GNOME-Greeter:GNOME GVFS_DISABLE_FUSE=1 SHELL=/bin/false XDG_VTNR=1 RUNNING_UNDER_GDM=true PWD=/var/lib/gdm3 GDM_SEAT_ID=seat0 XDG_DATA_DIRS=/usr/share/gdm/greeter:/usr/local/share/:/usr/share/ GIO_USE_VFS=local QT_IM_MODULE=ibus XMODIFIERS=@im=ibus GNOME_DESKTOP_SESSION_ID=this-is-deprecated XDG_MENU_PREFIX=gnome- SESSION_MANAGER=local/ubuntu:@/tmp/.ICE-unix/890,unix/ubuntu:/tmp/.ICE-unix/890 DESKTOP_AUTOSTART_ID=10e0d11fabec0d5a2b158806659528519200000008900000 GIO_LAUNCHED_DESKTOP_FILE=/usr/share/applications/org.gnome.Shell.desktop GIO_LAUNCHED_DESKTOP_FILE_PID=905 DISPLAY=:1024 WAYLAND_DISPLAY=wayland-0 GJS_DEBUG_OUTPUT=stderr GJS_DEBUG_TOPICS=JS ERROR;JS LOG
gdm           -  0.0    -      -     - -        Sl   23:01   0:00 -
gdm           -  0.0    -      -     - -        Sl   23:01   0:00 -
gdm           -  0.0    -      -     - -        Sl   23:01   0:00 -
colord     1331  0.0  0.5 339568 15664 ?        -    23:01   0:00 /usr/lib/colord/colord LANG=en_US.UTF-8 PATH=/usr/local/sbin:/usr/local/bin:/usr/sbin:/usr/bin:/sbin:/bin HOME=/var/lib/colord LOGNAME=colord USER=colord INVOCATION_ID=86a2bbf4882e41bf96032e485236cb67 JOURNAL_STREAM=9:46104
colord        -  0.0    -      -     - -        Ssl  23:01   0:00 -
colord        -  0.0    -      -     - -        Ssl  23:01   0:00 -
colord        -  0.0    -      -     - -        Ssl  23:01   0:00 -
root       1348  0.0  0.2 415340  8836 ?        -    23:01   0:00 gdm-session-worker [pam/gdm-password] LANG=en_US.UTF-8 JOURNAL_STREAM=9:39965 GDM_SESSION_DBUS_ADDRESS=unix:abstract=/tmp/dbus-se2as9lJ PATH=/usr/local/sbin:/usr/local/bin:/usr/sbin:/usr/bin:/sbin:/bin INVOCATION_ID=1a959b0ed7ce4832ac80fcb967fd4a7e
root          -  0.0    -      -     - -        Sl   23:01   0:00 -
root          -  0.0    -      -     - -        Sl   23:01   0:00 -
root          -  0.0    -      -     - -        Sl   23:01   0:00 -
jiao       1352  0.0  0.2  77076  8384 ?        -    23:01   0:00 /lib/systemd/systemd --user LANG=en_US.UTF-8 PATH=/usr/local/sbin:/usr/local/bin:/usr/sbin:/usr/bin:/sbin:/bin NOTIFY_SOCKET=/run/systemd/notify HOME=/home/jiao LOGNAME=jiao USER=jiao SHELL=/bin/bash INVOCATION_ID=70ffd6778fbb4967937b8d28d4a2410e JOURNAL_STREAM=9:46687 XDG_RUNTIME_DIR=/run/user/1000
jiao          -  0.0    -      -     - -        Ss   23:01   0:00 -
jiao       1353  0.0  0.0 114012  2556 ?        -    23:01   0:00 (sd-pam) find_preseed=/preseed.cfg HOME=/ init=/sbin/init NETWORK_SKIP_ENSLAVED= recovery= locale=en_US TERM=linux drop_caps= BOOT_IMAGE=/boot/vmlinuz-5.0.0-25-generic PATH=/sbin:/usr/sbin:/bin:/usr/bin PWD=/ rootmnt=/root priority=critical
jiao          -  0.0    -      -     - -        S    23:01   0:00 -
jiao       1366  0.0  0.2 288360  7692 ?        -    23:01   0:00 /usr/bin/gnome-keyring-daemon --daemonize --login XDG_SEAT=seat0 LOGNAME=jiao USER=jiao USERNAME=jiao HOME=/home/jiao PWD=/home/jiao SHELL=/bin/bash PATH=/usr/local/sbin:/usr/local/bin:/usr/sbin:/usr/bin:/sbin:/bin:/usr/games:/usr/local/games XDG_SESSION_TYPE=x11 XDG_VTNR=2 LANG=en_US.UTF-8 XDG_SESSION_ID=2 XDG_RUNTIME_DIR=/run/user/1000 DBUS_SESSION_BUS_ADDRESS=unix:path=/run/user/1000/bus
jiao          -  0.0    -      -     - -        Sl   23:01   0:00 -
jiao          -  0.0    -      -     - -        Sl   23:01   0:00 -
jiao          -  0.0    -      -     - -        Sl   23:01   0:00 -
jiao          -  0.0    -      -     - -        Sl   23:01   0:00 -
jiao       1370  0.0  0.1 212128  5808 tty2     -    23:01   0:00 /usr/lib/gdm3/gdm-x-session --run-script env GNOME_SHELL_SESSION_MODE=ubuntu gnome-session --session=ubuntu XDG_SEAT=seat0 LOGNAME=jiao USER=jiao USERNAME=jiao HOME=/home/jiao PWD=/home/jiao SHELL=/bin/bash PATH=/usr/local/sbin:/usr/local/bin:/usr/sbin:/usr/bin:/sbin:/bin:/usr/games:/usr/local/games XDG_SESSION_TYPE=x11 XDG_VTNR=2 LANG=en_US.UTF-8 XDG_SESSION_ID=2 XDG_RUNTIME_DIR=/run/user/1000 DBUS_SESSION_BUS_ADDRESS=unix:path=/run/user/1000/bus GDMSESSION=ubuntu XDG_SESSION_DESKTOP=ubuntu DESKTOP_SESSION=ubuntu XDG_CURRENT_DESKTOP=ubuntu:GNOME
jiao          -  0.0    -      -     - -        Ssl+ 23:01   0:00 -
jiao          -  0.0    -      -     - -        Ssl+ 23:01   0:00 -
jiao          -  0.0    -      -     - -        Ssl+ 23:01   0:00 -
jiao       1372  1.0  1.9 381528 58708 tty2     -    23:01   0:27 /usr/lib/xorg/Xorg vt2 -displayfd 3 -auth /run/user/1000/gdm/Xauthority -background none -noreset -keeptty -verbose 3 USER=jiao XDG_SEAT=seat0 XDG_SESSION_TYPE=x11 HOME=/home/jiao DESKTOP_SESSION=ubuntu XORG_RUN_AS_USER_OK=1 DBUS_SESSION_BUS_ADDRESS=unix:path=/run/user/1000/bus LOGNAME=jiao USERNAME=jiao XDG_SESSION_ID=2 PATH=/usr/local/sbin:/usr/local/bin:/usr/sbin:/usr/bin:/sbin:/bin:/usr/games:/usr/local/games XDG_RUNTIME_DIR=/run/user/1000 LANG=en_US.UTF-8 XDG_CURRENT_DESKTOP=ubuntu:GNOME XDG_SESSION_DESKTOP=ubuntu SHELL=/bin/bash GDMSESSION=ubuntu XDG_VTNR=2 PWD=/home/jiao
jiao          -  0.9    -      -     - -        Sl+  23:01   0:24 -
jiao          -  0.0    -      -     - -        Sl+  23:01   0:02 -
jiao       1379  0.0  0.1  50880  5352 ?        -    23:01   0:00 /usr/bin/dbus-daemon --session --address=systemd: --nofork --nopidfile --systemd-activation --syslog-only DBUS_SESSION_BUS_ADDRESS=unix:path=/run/user/1000/bus HOME=/home/jiao LANG=en_US.UTF-8 LOGNAME=jiao PATH=/usr/local/sbin:/usr/local/bin:/usr/sbin:/usr/bin:/sbin:/bin:/usr/games:/usr/local/games:/snap/bin SHELL=/bin/bash USER=jiao XDG_RUNTIME_DIR=/run/user/1000 MANAGERPID=1352 LISTEN_PID=1379 LISTEN_FDS=1 LISTEN_FDNAMES=dbus.socket INVOCATION_ID=264b5e1d2b3247f28fa919c71ebde339 JOURNAL_STREAM=9:46924
jiao          -  0.0    -      -     - -        Ss   23:01   0:00 -
jiao       1383  0.0  0.5 643176 15752 tty2     -    23:01   0:00 /usr/lib/gnome-session/gnome-session-binary --session=ubuntu USER=jiao TEXTDOMAIN=im-config XDG_SEAT=seat0 XDG_SESSION_TYPE=x11 SSH_AGENT_PID=1478 SHLVL=0 QT4_IM_MODULE=xim HOME=/home/jiao DESKTOP_SESSION=ubuntu GTK_MODULES=gail:atk-bridge GNOME_SHELL_SESSION_MODE=ubuntu DBUS_SESSION_BUS_ADDRESS=unix:path=/run/user/1000/bus IM_CONFIG_PHASE=2 LOGNAME=jiao GTK_IM_MODULE=ibus USERNAME=jiao XDG_SESSION_ID=2 WINDOWPATH=2 PATH=/usr/local/sbin:/usr/local/bin:/usr/sbin:/usr/bin:/sbin:/bin:/usr/games:/usr/local/games:/snap/bin XDG_RUNTIME_DIR=/run/user/1000 DISPLAY=:0 LANG=en_US.UTF-8 XDG_CURRENT_DESKTOP=ubuntu:GNOME XDG_SESSION_DESKTOP=ubuntu XMODIFIERS=@im=ibus XAUTHORITY=/run/user/1000/gdm/Xauthority SSH_AUTH_SOCK=/tmp/ssh-UFDoslciP5OG/agent.1383 SHELL=/bin/bash QT_ACCESSIBILITY=1 GDMSESSION=ubuntu TEXTDOMAINDIR=/usr/share/locale/ GPG_AGENT_INFO=/run/user/1000/gnupg/S.gpg-agent:0:1 XDG_VTNR=2 QT_IM_MODULE=xim PWD=/home/jiao CLUTTER_IM_MODULE=xim XDG_DATA_DIRS=/usr/share/ubuntu:/usr/local/share:/usr/share:/var/lib/snapd/desktop XDG_CONFIG_DIRS=/etc/xdg/xdg-ubuntu:/etc/xdg
jiao          -  0.0    -      -     - -        Sl+  23:01   0:00 -
jiao          -  0.0    -      -     - -        Sl+  23:01   0:00 -
jiao          -  0.0    -      -     - -        Sl+  23:01   0:00 -
jiao          -  0.0    -      -     - -        Sl+  23:01   0:00 -
jiao       1478  0.0  0.0  11300   316 ?        -    23:01   0:00 /usr/bin/ssh-agent /usr/bin/im-launch env GNOME_SHELL_SESSION_MODE=ubuntu gnome-session --session=ubuntu CLUTTER_IM_MODULE=xim LANG=en_US.UTF-8 DISPLAY=:0 USERNAME=jiao XDG_VTNR=2 XDG_SESSION_ID=2 USER=jiao DESKTOP_SESSION=ubuntu QT4_IM_MODULE=xim TEXTDOMAINDIR=/usr/share/locale/ PWD=/home/jiao HOME=/home/jiao TEXTDOMAIN=im-config QT_ACCESSIBILITY=1 XDG_SESSION_TYPE=x11 XDG_DATA_DIRS=/usr/share/ubuntu:/usr/local/share:/usr/share:/var/lib/snapd/desktop XDG_SESSION_DESKTOP=ubuntu GTK_MODULES=gail:atk-bridge WINDOWPATH=2 SHELL=/bin/bash QT_IM_MODULE=xim XMODIFIERS=@im=ibus IM_CONFIG_PHASE=2 XDG_CURRENT_DESKTOP=ubuntu:GNOME GPG_AGENT_INFO=/run/user/1000/gnupg/S.gpg-agent:0:1 SHLVL=0 XDG_SEAT=seat0 GDMSESSION=ubuntu LOGNAME=jiao DBUS_SESSION_BUS_ADDRESS=unix:path=/run/user/1000/bus XDG_RUNTIME_DIR=/run/user/1000 XAUTHORITY=/run/user/1000/gdm/Xauthority XDG_CONFIG_DIRS=/etc/xdg/xdg-ubuntu:/etc/xdg PATH=/usr/local/sbin:/usr/local/bin:/usr/sbin:/usr/bin:/sbin:/bin:/usr/games:/usr/local/games:/snap/bin GTK_IM_MODULE=ibus
jiao          -  0.0    -      -     - -        Ss   23:01   0:00 -
jiao       1481  0.0  0.2 291952  7104 ?        -    23:01   0:00 /usr/lib/gvfs/gvfsd CLUTTER_IM_MODULE=xim DBUS_SESSION_BUS_ADDRESS=unix:path=/run/user/1000/bus DESKTOP_SESSION=ubuntu DISPLAY=:0 GDMSESSION=ubuntu GPG_AGENT_INFO=/run/user/1000/gnupg/S.gpg-agent:0:1 GTK_IM_MODULE=ibus GTK_MODULES=gail:atk-bridge HOME=/home/jiao IM_CONFIG_PHASE=2 LANG=en_US.UTF-8 LOGNAME=jiao PATH=/usr/local/sbin:/usr/local/bin:/usr/sbin:/usr/bin:/sbin:/bin:/usr/games:/usr/local/games:/snap/bin PWD=/home/jiao QT4_IM_MODULE=xim QT_ACCESSIBILITY=1 QT_IM_MODULE=xim SHELL=/bin/bash SHLVL=1 TEXTDOMAIN=im-config TEXTDOMAINDIR=/usr/share/locale/ USER=jiao USERNAME=jiao WINDOWPATH=2 XAUTHORITY=/run/user/1000/gdm/Xauthority XDG_CONFIG_DIRS=/etc/xdg/xdg-ubuntu:/etc/xdg XDG_CURRENT_DESKTOP=ubuntu:GNOME XDG_DATA_DIRS=/usr/share/ubuntu:/usr/local/share:/usr/share:/var/lib/snapd/desktop XDG_RUNTIME_DIR=/run/user/1000 XDG_SESSION_DESKTOP=ubuntu XDG_SESSION_TYPE=x11 XMODIFIERS=@im=ibus _=/usr/bin/dbus-update-activation-environment MANAGERPID=1352 INVOCATION_ID=a3531fa4d8984508b3f46a814d1b42b5 JOURNAL_STREAM=9:47108
jiao          -  0.0    -      -     - -        Ssl  23:01   0:00 -
jiao          -  0.0    -      -     - -        Ssl  23:01   0:00 -
jiao          -  0.0    -      -     - -        Ssl  23:01   0:00 -
jiao       1486  0.0  0.2 432020  7840 ?        -    23:01   0:00 /usr/lib/gvfs/gvfsd-fuse /run/user/1000/gvfs -f -o big_writes CLUTTER_IM_MODULE=xim DBUS_SESSION_BUS_ADDRESS=unix:path=/run/user/1000/bus DESKTOP_SESSION=ubuntu DISPLAY=:0 GDMSESSION=ubuntu GPG_AGENT_INFO=/run/user/1000/gnupg/S.gpg-agent:0:1 GTK_IM_MODULE=ibus GTK_MODULES=gail:atk-bridge HOME=/home/jiao IM_CONFIG_PHASE=2 LANG=en_US.UTF-8 LOGNAME=jiao PATH=/usr/local/sbin:/usr/local/bin:/usr/sbin:/usr/bin:/sbin:/bin:/usr/games:/usr/local/games:/snap/bin PWD=/home/jiao QT4_IM_MODULE=xim QT_ACCESSIBILITY=1 QT_IM_MODULE=xim SHELL=/bin/bash SHLVL=1 TEXTDOMAIN=im-config TEXTDOMAINDIR=/usr/share/locale/ USER=jiao USERNAME=jiao WINDOWPATH=2 XAUTHORITY=/run/user/1000/gdm/Xauthority XDG_CONFIG_DIRS=/etc/xdg/xdg-ubuntu:/etc/xdg XDG_CURRENT_DESKTOP=ubuntu:GNOME XDG_DATA_DIRS=/usr/share/ubuntu:/usr/local/share:/usr/share:/var/lib/snapd/desktop XDG_RUNTIME_DIR=/run/user/1000 XDG_SESSION_DESKTOP=ubuntu XDG_SESSION_TYPE=x11 XMODIFIERS=@im=ibus _=/usr/bin/dbus-update-activation-environment MANAGERPID=1352 INVOCATION_ID=a3531fa4d8984508b3f46a814d1b42b5 JOURNAL_STREAM=9:47108
jiao          -  0.0    -      -     - -        Sl   23:01   0:00 -
jiao          -  0.0    -      -     - -        Sl   23:01   0:00 -
jiao          -  0.0    -      -     - -        Sl   23:01   0:00 -
jiao          -  0.0    -      -     - -        Sl   23:01   0:00 -
jiao          -  0.0    -      -     - -        Sl   23:01   0:00 -
jiao          -  0.0    -      -     - -        Sl   23:01   0:00 -
jiao       1495  0.0  0.2 367908  8112 ?        -    23:01   0:00 /usr/lib/at-spi2-core/at-spi-bus-launcher CLUTTER_IM_MODULE=xim DBUS_SESSION_BUS_ADDRESS=unix:path=/run/user/1000/bus DESKTOP_SESSION=ubuntu DISPLAY=:0 GDMSESSION=ubuntu GPG_AGENT_INFO=/run/user/1000/gnupg/S.gpg-agent:0:1 GTK_IM_MODULE=ibus GTK_MODULES=gail:atk-bridge HOME=/home/jiao IM_CONFIG_PHASE=2 LANG=en_US.UTF-8 LOGNAME=jiao PATH=/usr/local/sbin:/usr/local/bin:/usr/sbin:/usr/bin:/sbin:/bin:/usr/games:/usr/local/games:/snap/bin PWD=/home/jiao QT4_IM_MODULE=xim QT_ACCESSIBILITY=1 QT_IM_MODULE=xim SHELL=/bin/bash SHLVL=1 TEXTDOMAIN=im-config TEXTDOMAINDIR=/usr/share/locale/ USER=jiao USERNAME=jiao WINDOWPATH=2 XAUTHORITY=/run/user/1000/gdm/Xauthority XDG_CONFIG_DIRS=/etc/xdg/xdg-ubuntu:/etc/xdg XDG_CURRENT_DESKTOP=ubuntu:GNOME XDG_DATA_DIRS=/usr/share/ubuntu:/usr/local/share:/usr/share:/var/lib/snapd/desktop XDG_RUNTIME_DIR=/run/user/1000 XDG_SESSION_DESKTOP=ubuntu XDG_SESSION_TYPE=x11 XMODIFIERS=@im=ibus _=/usr/bin/dbus-update-activation-environment MANAGERPID=1352 INVOCATION_ID=cc9270b74d1b42b1b1ab004228fec338 JOURNAL_STREAM=9:47202
jiao          -  0.0    -      -     - -        Ssl  23:01   0:00 -
jiao          -  0.0    -      -     - -        Ssl  23:01   0:00 -
jiao          -  0.0    -      -     - -        Ssl  23:01   0:00 -
jiao          -  0.0    -      -     - -        Ssl  23:01   0:00 -
jiao       1500  0.0  0.1  49924  4228 ?        -    23:01   0:00 /usr/bin/dbus-daemon --config-file=/usr/share/defaults/at-spi2/accessibility.conf --nofork --print-address 3 CLUTTER_IM_MODULE=xim DBUS_SESSION_BUS_ADDRESS=unix:path=/run/user/1000/bus DESKTOP_SESSION=ubuntu DISPLAY=:0 GDMSESSION=ubuntu GPG_AGENT_INFO=/run/user/1000/gnupg/S.gpg-agent:0:1 GTK_IM_MODULE=ibus GTK_MODULES=gail:atk-bridge HOME=/home/jiao IM_CONFIG_PHASE=2 LANG=en_US.UTF-8 LOGNAME=jiao PATH=/usr/local/sbin:/usr/local/bin:/usr/sbin:/usr/bin:/sbin:/bin:/usr/games:/usr/local/games:/snap/bin PWD=/home/jiao QT4_IM_MODULE=xim QT_ACCESSIBILITY=1 QT_IM_MODULE=xim SHELL=/bin/bash SHLVL=1 TEXTDOMAIN=im-config TEXTDOMAINDIR=/usr/share/locale/ USER=jiao USERNAME=jiao WINDOWPATH=2 XAUTHORITY=/run/user/1000/gdm/Xauthority XDG_CONFIG_DIRS=/etc/xdg/xdg-ubuntu:/etc/xdg XDG_CURRENT_DESKTOP=ubuntu:GNOME XDG_DATA_DIRS=/usr/share/ubuntu:/usr/local/share:/usr/share:/var/lib/snapd/desktop XDG_RUNTIME_DIR=/run/user/1000 XDG_SESSION_DESKTOP=ubuntu XDG_SESSION_TYPE=x11 XMODIFIERS=@im=ibus _=/usr/bin/dbus-update-activation-environment MANAGERPID=1352 INVOCATION_ID=cc9270b74d1b42b1b1ab004228fec338 JOURNAL_STREAM=9:47202
jiao          -  0.0    -      -     - -        S    23:01   0:00 -
jiao       1503  0.0  0.2 220772  6924 ?        -    23:01   0:00 /usr/lib/at-spi2-core/at-spi2-registryd --use-gnome-session SHELL=/bin/bash DBUS_STARTER_ADDRESS=unix:abstract=/tmp/dbus-k9q2PldMIO,guid=b0a366d9402163dca69ef7ab5ea7f93a TEXTDOMAIN=im-config CLUTTER_IM_MODULE=xim XDG_RUNTIME_DIR=/run/user/1000 XDG_CURRENT_DESKTOP=ubuntu:GNOME QT_ACCESSIBILITY=1 DISPLAY=:0 DESKTOP_SESSION=ubuntu XMODIFIERS=@im=ibus WINDOWPATH=2 PATH=/usr/local/sbin:/usr/local/bin:/usr/sbin:/usr/bin:/sbin:/bin:/usr/games:/usr/local/games:/snap/bin USERNAME=jiao GDMSESSION=ubuntu GTK_IM_MODULE=ibus GTK_MODULES=gail:atk-bridge XDG_SESSION_TYPE=x11 XDG_DATA_DIRS=/usr/share/ubuntu:/usr/local/share:/usr/share:/var/lib/snapd/desktop JOURNAL_STREAM=9:47202 QT4_IM_MODULE=xim DBUS_SESSION_BUS_ADDRESS=unix:path=/run/user/1000/bus GPG_AGENT_INFO=/run/user/1000/gnupg/S.gpg-agent:0:1 IM_CONFIG_PHASE=2 INVOCATION_ID=cc9270b74d1b42b1b1ab004228fec338 XAUTHORITY=/run/user/1000/gdm/Xauthority USER=jiao QT_IM_MODULE=xim DBUS_STARTER_BUS_TYPE=accessibility TEXTDOMAINDIR=/usr/share/locale/ SHLVL=1 PWD=/home/jiao MANAGERPID=1352 LANG=en_US.UTF-8 _=/usr/bin/dbus-update-activation-environment XDG_SESSION_DESKTOP=ubuntu XDG_CONFIG_DIRS=/etc/xdg/xdg-ubuntu:/etc/xdg HOME=/home/jiao LOGNAME=jiao
jiao          -  0.0    -      -     - -        Sl   23:01   0:00 -
jiao          -  0.0    -      -     - -        Sl   23:01   0:00 -
jiao          -  0.0    -      -     - -        Sl   23:01   0:00 -
jiao       1518  1.8  5.9 2990152 181708 tty2   -    23:01   0:50 /usr/bin/gnome-shell USER=jiao TEXTDOMAIN=im-config XDG_SEAT=seat0 XDG_SESSION_TYPE=x11 SSH_AGENT_PID=1478 SHLVL=0 QT4_IM_MODULE=xim HOME=/home/jiao DESKTOP_SESSION=ubuntu GTK_MODULES=gail:atk-bridge GNOME_SHELL_SESSION_MODE=ubuntu DBUS_SESSION_BUS_ADDRESS=unix:path=/run/user/1000/bus IM_CONFIG_PHASE=2 LOGNAME=jiao GTK_IM_MODULE=ibus USERNAME=jiao XDG_SESSION_ID=2 WINDOWPATH=2 PATH=/usr/local/sbin:/usr/local/bin:/usr/sbin:/usr/bin:/sbin:/bin:/usr/games:/usr/local/games:/snap/bin XDG_RUNTIME_DIR=/run/user/1000 DISPLAY=:0 LANG=en_US.UTF-8 XDG_CURRENT_DESKTOP=ubuntu:GNOME XDG_SESSION_DESKTOP=ubuntu XMODIFIERS=@im=ibus XAUTHORITY=/run/user/1000/gdm/Xauthority SSH_AUTH_SOCK=/run/user/1000/keyring/ssh SHELL=/bin/bash QT_ACCESSIBILITY=1 GDMSESSION=ubuntu TEXTDOMAINDIR=/usr/share/locale/ GPG_AGENT_INFO=/run/user/1000/gnupg/S.gpg-agent:0:1 XDG_VTNR=2 QT_IM_MODULE=xim PWD=/home/jiao CLUTTER_IM_MODULE=xim XDG_DATA_DIRS=/usr/share/ubuntu:/usr/local/share:/usr/share:/var/lib/snapd/desktop XDG_CONFIG_DIRS=/etc/xdg/xdg-ubuntu:/etc/xdg GNOME_DESKTOP_SESSION_ID=this-is-deprecated XDG_MENU_PREFIX=gnome- SESSION_MANAGER=local/ubuntu:@/tmp/.ICE-unix/1383,unix/ubuntu:/tmp/.ICE-unix/1383 DESKTOP_AUTOSTART_ID=10f41d9ab5be5beec615880666199299700000013830000 GIO_LAUNCHED_DESKTOP_FILE=/usr/share/applications/org.gnome.Shell.desktop GIO_LAUNCHED_DESKTOP_FILE_PID=1518
jiao          -  1.7    -      -     - -        Sl+  23:01   0:47 -
jiao          -  0.0    -      -     - -        Sl+  23:01   0:00 -
jiao          -  0.0    -      -     - -        Sl+  23:01   0:00 -
jiao          -  0.0    -      -     - -        Sl+  23:01   0:00 -
jiao          -  0.0    -      -     - -        Sl+  23:01   0:00 -
jiao          -  0.0    -      -     - -        Sl+  23:01   0:00 -
jiao          -  0.0    -      -     - -        Sl+  23:01   0:00 -
jiao          -  0.0    -      -     - -        Sl+  23:01   0:00 -
jiao          -  0.0    -      -     - -        Sl+  23:01   0:00 -
jiao          -  0.0    -      -     - -        Sl+  23:01   0:00 -
jiao       1529  0.0  0.3 1172056 12116 ?       -    23:01   0:00 /usr/bin/pulseaudio --start --log-target=syslog USER=jiao TEXTDOMAIN=im-config XDG_SEAT=seat0 XDG_SESSION_TYPE=x11 SSH_AGENT_PID=1478 SHLVL=0 QT4_IM_MODULE=xim HOME=/home/jiao DESKTOP_SESSION=ubuntu GTK_MODULES=gail:atk-bridge GNOME_SHELL_SESSION_MODE=ubuntu DBUS_SESSION_BUS_ADDRESS=unix:path=/run/user/1000/bus IM_CONFIG_PHASE=2 LOGNAME=jiao GTK_IM_MODULE=ibus USERNAME=jiao XDG_SESSION_ID=2 WINDOWPATH=2 PATH=/usr/local/sbin:/usr/local/bin:/usr/sbin:/usr/bin:/sbin:/bin:/usr/games:/usr/local/games:/snap/bin XDG_RUNTIME_DIR=/run/user/1000 DISPLAY=:0 LANG=en_US.UTF-8 XDG_CURRENT_DESKTOP=ubuntu:GNOME XDG_SESSION_DESKTOP=ubuntu XMODIFIERS=@im=ibus XAUTHORITY=/run/user/1000/gdm/Xauthority SSH_AUTH_SOCK=/run/user/1000/keyring/ssh SHELL=/bin/bash QT_ACCESSIBILITY=1 GDMSESSION=ubuntu TEXTDOMAINDIR=/usr/share/locale/ GPG_AGENT_INFO=/run/user/1000/gnupg/S.gpg-agent:0:1 XDG_VTNR=2 QT_IM_MODULE=xim PWD=/home/jiao CLUTTER_IM_MODULE=xim XDG_DATA_DIRS=/usr/share/ubuntu:/usr/local/share:/usr/share:/var/lib/snapd/desktop XDG_CONFIG_DIRS=/etc/xdg/xdg-ubuntu:/etc/xdg GNOME_DESKTOP_SESSION_ID=this-is-deprecated XDG_MENU_PREFIX=gnome- SESSION_MANAGER=local/ubuntu:@/tmp/.ICE-unix/1383,unix/ubuntu:/tmp/.ICE-unix/1383 DESKTOP_AUTOSTART_ID=10f41d9ab5be5beec615880666199299700000013830000 GIO_LAUNCHED_DESKTOP_FILE=/usr/share/applications/org.gnome.Shell.desktop GIO_LAUNCHED_DESKTOP_FILE_PID=1518 GJS_DEBUG_OUTPUT=stderr GJS_DEBUG_TOPICS=JS ERROR;JS LOG LD_BIND_NOW=1
jiao          -  0.0    -      -     - -        S<l  23:01   0:00 -
jiao          -  0.0    -      -     - -        Sl   23:01   0:00 -
jiao          -  0.0    -      -     - -        Sl   23:01   0:00 -
root       1540  0.0  0.0      0     0 ?        -    23:01   0:00 [krfcommd]
root          -  0.0    -      -     - -        S<   23:01   0:00 -
jiao       1542  0.0  0.3 377448  9788 tty2     -    23:01   0:01 ibus-daemon --xim --panel disable USER=jiao TEXTDOMAIN=im-config XDG_SEAT=seat0 XDG_SESSION_TYPE=x11 SSH_AGENT_PID=1478 SHLVL=0 QT4_IM_MODULE=xim HOME=/home/jiao DESKTOP_SESSION=ubuntu GTK_MODULES=gail:atk-bridge GNOME_SHELL_SESSION_MODE=ubuntu DBUS_SESSION_BUS_ADDRESS=unix:path=/run/user/1000/bus IM_CONFIG_PHASE=2 LOGNAME=jiao GTK_IM_MODULE=ibus USERNAME=jiao XDG_SESSION_ID=2 WINDOWPATH=2 PATH=/usr/local/sbin:/usr/local/bin:/usr/sbin:/usr/bin:/sbin:/bin:/usr/games:/usr/local/games:/snap/bin XDG_RUNTIME_DIR=/run/user/1000 DISPLAY=:0 LANG=en_US.UTF-8 XDG_CURRENT_DESKTOP=ubuntu:GNOME XDG_SESSION_DESKTOP=ubuntu XMODIFIERS=@im=ibus XAUTHORITY=/run/user/1000/gdm/Xauthority SSH_AUTH_SOCK=/run/user/1000/keyring/ssh SHELL=/bin/bash QT_ACCESSIBILITY=1 GDMSESSION=ubuntu TEXTDOMAINDIR=/usr/share/locale/ GPG_AGENT_INFO=/run/user/1000/gnupg/S.gpg-agent:0:1 XDG_VTNR=2 QT_IM_MODULE=xim PWD=/home/jiao CLUTTER_IM_MODULE=xim XDG_DATA_DIRS=/usr/share/ubuntu:/usr/local/share:/usr/share:/var/lib/snapd/desktop XDG_CONFIG_DIRS=/etc/xdg/xdg-ubuntu:/etc/xdg GNOME_DESKTOP_SESSION_ID=this-is-deprecated XDG_MENU_PREFIX=gnome- SESSION_MANAGER=local/ubuntu:@/tmp/.ICE-unix/1383,unix/ubuntu:/tmp/.ICE-unix/1383 DESKTOP_AUTOSTART_ID=10f41d9ab5be5beec615880666199299700000013830000 GIO_LAUNCHED_DESKTOP_FILE=/usr/share/applications/org.gnome.Shell.desktop GIO_LAUNCHED_DESKTOP_FILE_PID=1518 GJS_DEBUG_OUTPUT=stderr GJS_DEBUG_TOPICS=JS ERROR;JS LOG
jiao          -  0.0    -      -     - -        Sl   23:01   0:00 -
jiao          -  0.0    -      -     - -        Sl   23:01   0:00 -
jiao          -  0.0    -      -     - -        Sl   23:01   0:00 -
jiao       1546  0.0  0.2 296784  8088 tty2     -    23:01   0:00 /usr/lib/ibus/ibus-dconf USER=jiao TEXTDOMAIN=im-config XDG_SEAT=seat0 XDG_SESSION_TYPE=x11 SSH_AGENT_PID=1478 SHLVL=0 QT4_IM_MODULE=xim HOME=/home/jiao DESKTOP_SESSION=ubuntu GTK_MODULES=gail:atk-bridge GNOME_SHELL_SESSION_MODE=ubuntu DBUS_SESSION_BUS_ADDRESS=unix:path=/run/user/1000/bus IM_CONFIG_PHASE=2 LOGNAME=jiao GTK_IM_MODULE=ibus USERNAME=jiao XDG_SESSION_ID=2 WINDOWPATH=2 PATH=/usr/local/sbin:/usr/local/bin:/usr/sbin:/usr/bin:/sbin:/bin:/usr/games:/usr/local/games:/snap/bin XDG_RUNTIME_DIR=/run/user/1000 DISPLAY=:0 LANG=en_US.UTF-8 XDG_CURRENT_DESKTOP=ubuntu:GNOME XDG_SESSION_DESKTOP=ubuntu XMODIFIERS=@im=ibus XAUTHORITY=/run/user/1000/gdm/Xauthority SSH_AUTH_SOCK=/run/user/1000/keyring/ssh SHELL=/bin/bash QT_ACCESSIBILITY=1 GDMSESSION=ubuntu TEXTDOMAINDIR=/usr/share/locale/ GPG_AGENT_INFO=/run/user/1000/gnupg/S.gpg-agent:0:1 XDG_VTNR=2 QT_IM_MODULE=xim PWD=/home/jiao CLUTTER_IM_MODULE=xim XDG_DATA_DIRS=/usr/share/ubuntu:/usr/local/share:/usr/share:/var/lib/snapd/desktop XDG_CONFIG_DIRS=/etc/xdg/xdg-ubuntu:/etc/xdg GNOME_DESKTOP_SESSION_ID=this-is-deprecated XDG_MENU_PREFIX=gnome- SESSION_MANAGER=local/ubuntu:@/tmp/.ICE-unix/1383,unix/ubuntu:/tmp/.ICE-unix/1383 DESKTOP_AUTOSTART_ID=10f41d9ab5be5beec615880666199299700000013830000 GIO_LAUNCHED_DESKTOP_FILE=/usr/share/applications/org.gnome.Shell.desktop GIO_LAUNCHED_DESKTOP_FILE_PID=1518 GJS_DEBUG_OUTPUT=stderr GJS_DEBUG_TOPICS=JS ERROR;JS LOG
jiao          -  0.0    -      -     - -        Sl   23:01   0:00 -
jiao          -  0.0    -      -     - -        Sl   23:01   0:00 -
jiao          -  0.0    -      -     - -        Sl   23:01   0:00 -
jiao          -  0.0    -      -     - -        Sl   23:01   0:00 -
jiao       1548  0.0  0.7 356272 22524 tty2     -    23:01   0:00 /usr/lib/ibus/ibus-x11 --kill-daemon USER=jiao TEXTDOMAIN=im-config XDG_SEAT=seat0 XDG_SESSION_TYPE=x11 SSH_AGENT_PID=1478 SHLVL=0 QT4_IM_MODULE=xim HOME=/home/jiao DESKTOP_SESSION=ubuntu GTK_MODULES=gail:atk-bridge GNOME_SHELL_SESSION_MODE=ubuntu DBUS_SESSION_BUS_ADDRESS=unix:path=/run/user/1000/bus IM_CONFIG_PHASE=2 LOGNAME=jiao GTK_IM_MODULE=ibus USERNAME=jiao XDG_SESSION_ID=2 WINDOWPATH=2 PATH=/usr/local/sbin:/usr/local/bin:/usr/sbin:/usr/bin:/sbin:/bin:/usr/games:/usr/local/games:/snap/bin XDG_RUNTIME_DIR=/run/user/1000 DISPLAY=:0 LANG=en_US.UTF-8 XDG_CURRENT_DESKTOP=ubuntu:GNOME XDG_SESSION_DESKTOP=ubuntu XMODIFIERS=@im=ibus XAUTHORITY=/run/user/1000/gdm/Xauthority SSH_AUTH_SOCK=/run/user/1000/keyring/ssh SHELL=/bin/bash QT_ACCESSIBILITY=1 GDMSESSION=ubuntu TEXTDOMAINDIR=/usr/share/locale/ GPG_AGENT_INFO=/run/user/1000/gnupg/S.gpg-agent:0:1 XDG_VTNR=2 QT_IM_MODULE=xim PWD=/home/jiao CLUTTER_IM_MODULE=xim XDG_DATA_DIRS=/usr/share/ubuntu:/usr/local/share:/usr/share:/var/lib/snapd/desktop XDG_CONFIG_DIRS=/etc/xdg/xdg-ubuntu:/etc/xdg GNOME_DESKTOP_SESSION_ID=this-is-deprecated XDG_MENU_PREFIX=gnome- SESSION_MANAGER=local/ubuntu:@/tmp/.ICE-unix/1383,unix/ubuntu:/tmp/.ICE-unix/1383 DESKTOP_AUTOSTART_ID=10f41d9ab5be5beec615880666199299700000013830000 GIO_LAUNCHED_DESKTOP_FILE=/usr/share/applications/org.gnome.Shell.desktop GIO_LAUNCHED_DESKTOP_FILE_PID=1518 GJS_DEBUG_OUTPUT=stderr GJS_DEBUG_TOPICS=JS ERROR;JS LOG
jiao          -  0.0    -      -     - -        Sl   23:01   0:00 -
jiao          -  0.0    -      -     - -        Sl   23:01   0:00 -
jiao          -  0.0    -      -     - -        Sl   23:01   0:00 -
jiao       1550  0.0  0.2 294596  8048 ?        -    23:01   0:00 /usr/lib/ibus/ibus-portal SHELL=/bin/bash DBUS_STARTER_ADDRESS=unix:path=/run/user/1000/bus,guid=0f012ca098a95fc8d9ddebd95ea7f939 TEXTDOMAIN=im-config CLUTTER_IM_MODULE=xim XDG_CURRENT_DESKTOP=ubuntu:GNOME QT_ACCESSIBILITY=1 XDG_RUNTIME_DIR=/run/user/1000 DISPLAY=:0 DESKTOP_SESSION=ubuntu SESSION_MANAGER=local/ubuntu:@/tmp/.ICE-unix/1383,unix/ubuntu:/tmp/.ICE-unix/1383 SSH_AUTH_SOCK=/run/user/1000/keyring/ssh XMODIFIERS=@im=ibus WINDOWPATH=2 PATH=/usr/local/sbin:/usr/local/bin:/usr/sbin:/usr/bin:/sbin:/bin:/usr/games:/usr/local/games:/snap/bin GNOME_DESKTOP_SESSION_ID=this-is-deprecated XDG_VTNR=2 GTK_IM_MODULE=ibus GDMSESSION=ubuntu USERNAME=jiao GTK_MODULES=gail:atk-bridge XDG_DATA_DIRS=/usr/share/ubuntu:/usr/local/share:/usr/share:/var/lib/snapd/desktop XDG_SESSION_TYPE=x11 XDG_SESSION_ID=2 JOURNAL_STREAM=9:46924 XDG_SEAT=seat0 GPG_AGENT_INFO=/run/user/1000/gnupg/S.gpg-agent:0:1 IM_CONFIG_PHASE=2 QT4_IM_MODULE=xim DBUS_SESSION_BUS_ADDRESS=unix:path=/run/user/1000/bus,guid=0f012ca098a95fc8d9ddebd95ea7f939 GNOME_SHELL_SESSION_MODE=ubuntu SSH_AGENT_PID=1478 INVOCATION_ID=264b5e1d2b3247f28fa919c71ebde339 QT_IM_MODULE=xim XAUTHORITY=/run/user/1000/gdm/Xauthority USER=jiao DBUS_STARTER_BUS_TYPE=session TEXTDOMAINDIR=/usr/share/locale/ SHLVL=0 PWD=/home/jiao XDG_MENU_PREFIX=gnome- LANG=en_US.UTF-8 MANAGERPID=1352 _=/usr/bin/dbus-update-activation-environment XDG_CONFIG_DIRS=/etc/xdg/xdg-ubuntu:/etc/xdg XDG_SESSION_DESKTOP=ubuntu HOME=/home/jiao LOGNAME=jiao
jiao          -  0.0    -      -     - -        Sl   23:01   0:00 -
jiao          -  0.0    -      -     - -        Sl   23:01   0:00 -
jiao          -  0.0    -      -     - -        Sl   23:01   0:00 -
jiao       1558  0.0  0.1 271560  4980 ?        -    23:01   0:00 /usr/libexec/xdg-permission-store CLUTTER_IM_MODULE=xim DBUS_SESSION_BUS_ADDRESS=unix:path=/run/user/1000/bus DESKTOP_SESSION=ubuntu DISPLAY=:0 GDMSESSION=ubuntu GNOME_DESKTOP_SESSION_ID=this-is-deprecated GNOME_SHELL_SESSION_MODE=ubuntu GPG_AGENT_INFO=/run/user/1000/gnupg/S.gpg-agent:0:1 GTK_IM_MODULE=ibus GTK_MODULES=gail:atk-bridge HOME=/home/jiao IM_CONFIG_PHASE=2 LANG=en_US.UTF-8 LOGNAME=jiao PATH=/usr/local/sbin:/usr/local/bin:/usr/sbin:/usr/bin:/sbin:/bin:/usr/games:/usr/local/games:/snap/bin PWD=/home/jiao QT4_IM_MODULE=xim QT_ACCESSIBILITY=1 QT_IM_MODULE=xim SESSION_MANAGER=local/ubuntu:@/tmp/.ICE-unix/1383,unix/ubuntu:/tmp/.ICE-unix/1383 SHELL=/bin/bash SHLVL=0 SSH_AGENT_PID=1478 SSH_AUTH_SOCK=/run/user/1000/keyring/ssh TEXTDOMAIN=im-config TEXTDOMAINDIR=/usr/share/locale/ USER=jiao USERNAME=jiao WINDOWPATH=2 XAUTHORITY=/run/user/1000/gdm/Xauthority XDG_CONFIG_DIRS=/etc/xdg/xdg-ubuntu:/etc/xdg XDG_CURRENT_DESKTOP=ubuntu:GNOME XDG_DATA_DIRS=/usr/share/ubuntu:/usr/local/share:/usr/share:/var/lib/snapd/desktop XDG_MENU_PREFIX=gnome- XDG_RUNTIME_DIR=/run/user/1000 XDG_SEAT=seat0 XDG_SESSION_DESKTOP=ubuntu XDG_SESSION_ID=2 XDG_SESSION_TYPE=x11 XDG_VTNR=2 XMODIFIERS=@im=ibus _=/usr/bin/dbus-update-activation-environment MANAGERPID=1352 INVOCATION_ID=1fb86294c6964168afa1db631f10a367 JOURNAL_STREAM=9:47705
jiao          -  0.0    -      -     - -        Ssl  23:01   0:00 -
jiao          -  0.0    -      -     - -        Ssl  23:01   0:00 -
jiao          -  0.0    -      -     - -        Ssl  23:01   0:00 -
jiao       1565  0.0  0.7 696552 21884 ?        -    23:01   0:00 /usr/lib/gnome-shell/gnome-shell-calendar-server SHELL=/bin/bash DBUS_STARTER_ADDRESS=unix:path=/run/user/1000/bus,guid=0f012ca098a95fc8d9ddebd95ea7f939 TEXTDOMAIN=im-config CLUTTER_IM_MODULE=xim XDG_CURRENT_DESKTOP=ubuntu:GNOME QT_ACCESSIBILITY=1 XDG_RUNTIME_DIR=/run/user/1000 DISPLAY=:0 DESKTOP_SESSION=ubuntu SESSION_MANAGER=local/ubuntu:@/tmp/.ICE-unix/1383,unix/ubuntu:/tmp/.ICE-unix/1383 SSH_AUTH_SOCK=/run/user/1000/keyring/ssh XMODIFIERS=@im=ibus WINDOWPATH=2 PATH=/usr/local/sbin:/usr/local/bin:/usr/sbin:/usr/bin:/sbin:/bin:/usr/games:/usr/local/games:/snap/bin GNOME_DESKTOP_SESSION_ID=this-is-deprecated XDG_VTNR=2 GTK_IM_MODULE=ibus GDMSESSION=ubuntu USERNAME=jiao GTK_MODULES=gail:atk-bridge XDG_DATA_DIRS=/usr/share/ubuntu:/usr/local/share:/usr/share:/var/lib/snapd/desktop XDG_SESSION_TYPE=x11 XDG_SESSION_ID=2 JOURNAL_STREAM=9:46924 XDG_SEAT=seat0 GPG_AGENT_INFO=/run/user/1000/gnupg/S.gpg-agent:0:1 IM_CONFIG_PHASE=2 QT4_IM_MODULE=xim DBUS_SESSION_BUS_ADDRESS=unix:path=/run/user/1000/bus,guid=0f012ca098a95fc8d9ddebd95ea7f939 GNOME_SHELL_SESSION_MODE=ubuntu SSH_AGENT_PID=1478 INVOCATION_ID=264b5e1d2b3247f28fa919c71ebde339 QT_IM_MODULE=xim XAUTHORITY=/run/user/1000/gdm/Xauthority USER=jiao DBUS_STARTER_BUS_TYPE=session TEXTDOMAINDIR=/usr/share/locale/ SHLVL=0 PWD=/home/jiao XDG_MENU_PREFIX=gnome- LANG=en_US.UTF-8 MANAGERPID=1352 _=/usr/bin/dbus-update-activation-environment XDG_CONFIG_DIRS=/etc/xdg/xdg-ubuntu:/etc/xdg XDG_SESSION_DESKTOP=ubuntu HOME=/home/jiao LOGNAME=jiao
jiao          -  0.0    -      -     - -        Sl   23:01   0:00 -
jiao          -  0.0    -      -     - -        Sl   23:01   0:00 -
jiao          -  0.0    -      -     - -        Sl   23:01   0:00 -
jiao          -  0.0    -      -     - -        Sl   23:01   0:00 -
jiao          -  0.0    -      -     - -        Sl   23:01   0:00 -
jiao          -  0.0    -      -     - -        Sl   23:01   0:00 -
jiao       1569  0.0  0.8 768168 26556 ?        -    23:01   0:00 /usr/lib/evolution/evolution-source-registry CLUTTER_IM_MODULE=xim DBUS_SESSION_BUS_ADDRESS=unix:path=/run/user/1000/bus DESKTOP_SESSION=ubuntu DISPLAY=:0 GDMSESSION=ubuntu GNOME_DESKTOP_SESSION_ID=this-is-deprecated GNOME_SHELL_SESSION_MODE=ubuntu GPG_AGENT_INFO=/run/user/1000/gnupg/S.gpg-agent:0:1 GTK_IM_MODULE=ibus GTK_MODULES=gail:atk-bridge HOME=/home/jiao IM_CONFIG_PHASE=2 LANG=en_US.UTF-8 LOGNAME=jiao PATH=/usr/local/sbin:/usr/local/bin:/usr/sbin:/usr/bin:/sbin:/bin:/usr/games:/usr/local/games:/snap/bin PWD=/home/jiao QT4_IM_MODULE=xim QT_ACCESSIBILITY=1 QT_IM_MODULE=xim SESSION_MANAGER=local/ubuntu:@/tmp/.ICE-unix/1383,unix/ubuntu:/tmp/.ICE-unix/1383 SHELL=/bin/bash SHLVL=0 SSH_AGENT_PID=1478 SSH_AUTH_SOCK=/run/user/1000/keyring/ssh TEXTDOMAIN=im-config TEXTDOMAINDIR=/usr/share/locale/ USER=jiao USERNAME=jiao WINDOWPATH=2 XAUTHORITY=/run/user/1000/gdm/Xauthority XDG_CONFIG_DIRS=/etc/xdg/xdg-ubuntu:/etc/xdg XDG_CURRENT_DESKTOP=ubuntu:GNOME XDG_DATA_DIRS=/usr/share/ubuntu:/usr/local/share:/usr/share:/var/lib/snapd/desktop XDG_MENU_PREFIX=gnome- XDG_RUNTIME_DIR=/run/user/1000 XDG_SEAT=seat0 XDG_SESSION_DESKTOP=ubuntu XDG_SESSION_ID=2 XDG_SESSION_TYPE=x11 XDG_VTNR=2 XMODIFIERS=@im=ibus _=/usr/bin/dbus-update-activation-environment MANAGERPID=1352 INVOCATION_ID=7d19dd23d6f8460f91ecd3adba9e222d JOURNAL_STREAM=9:47812
jiao          -  0.0    -      -     - -        Ssl  23:01   0:00 -
jiao          -  0.0    -      -     - -        Ssl  23:01   0:00 -
jiao          -  0.0    -      -     - -        Ssl  23:01   0:00 -
jiao          -  0.0    -      -     - -        Ssl  23:01   0:00 -
jiao       1576  0.0  1.0 778340 31752 ?        -    23:01   0:00 /usr/lib/gnome-online-accounts/goa-daemon SHELL=/bin/bash DBUS_STARTER_ADDRESS=unix:path=/run/user/1000/bus,guid=0f012ca098a95fc8d9ddebd95ea7f939 TEXTDOMAIN=im-config CLUTTER_IM_MODULE=xim XDG_CURRENT_DESKTOP=ubuntu:GNOME QT_ACCESSIBILITY=1 XDG_RUNTIME_DIR=/run/user/1000 DISPLAY=:0 DESKTOP_SESSION=ubuntu SESSION_MANAGER=local/ubuntu:@/tmp/.ICE-unix/1383,unix/ubuntu:/tmp/.ICE-unix/1383 SSH_AUTH_SOCK=/run/user/1000/keyring/ssh XMODIFIERS=@im=ibus WINDOWPATH=2 PATH=/usr/local/sbin:/usr/local/bin:/usr/sbin:/usr/bin:/sbin:/bin:/usr/games:/usr/local/games:/snap/bin GNOME_DESKTOP_SESSION_ID=this-is-deprecated XDG_VTNR=2 GTK_IM_MODULE=ibus GDMSESSION=ubuntu USERNAME=jiao GTK_MODULES=gail:atk-bridge XDG_DATA_DIRS=/usr/share/ubuntu:/usr/local/share:/usr/share:/var/lib/snapd/desktop XDG_SESSION_TYPE=x11 XDG_SESSION_ID=2 JOURNAL_STREAM=9:46924 XDG_SEAT=seat0 GPG_AGENT_INFO=/run/user/1000/gnupg/S.gpg-agent:0:1 IM_CONFIG_PHASE=2 QT4_IM_MODULE=xim DBUS_SESSION_BUS_ADDRESS=unix:path=/run/user/1000/bus,guid=0f012ca098a95fc8d9ddebd95ea7f939 GNOME_SHELL_SESSION_MODE=ubuntu SSH_AGENT_PID=1478 INVOCATION_ID=264b5e1d2b3247f28fa919c71ebde339 QT_IM_MODULE=xim XAUTHORITY=/run/user/1000/gdm/Xauthority USER=jiao DBUS_STARTER_BUS_TYPE=session TEXTDOMAINDIR=/usr/share/locale/ SHLVL=0 PWD=/home/jiao XDG_MENU_PREFIX=gnome- LANG=en_US.UTF-8 MANAGERPID=1352 _=/usr/bin/dbus-update-activation-environment XDG_CONFIG_DIRS=/etc/xdg/xdg-ubuntu:/etc/xdg XDG_SESSION_DESKTOP=ubuntu HOME=/home/jiao LOGNAME=jiao
jiao          -  0.0    -      -     - -        Sl   23:01   0:00 -
jiao          -  0.0    -      -     - -        Sl   23:01   0:00 -
jiao          -  0.0    -      -     - -        Sl   23:01   0:00 -
jiao          -  0.0    -      -     - -        Sl   23:01   0:00 -
jiao       1585  0.0  0.3 393312  9964 ?        -    23:01   0:00 /usr/lib/gnome-online-accounts/goa-identity-service SHELL=/bin/bash DBUS_STARTER_ADDRESS=unix:path=/run/user/1000/bus,guid=0f012ca098a95fc8d9ddebd95ea7f939 TEXTDOMAIN=im-config CLUTTER_IM_MODULE=xim XDG_CURRENT_DESKTOP=ubuntu:GNOME QT_ACCESSIBILITY=1 XDG_RUNTIME_DIR=/run/user/1000 DISPLAY=:0 DESKTOP_SESSION=ubuntu SESSION_MANAGER=local/ubuntu:@/tmp/.ICE-unix/1383,unix/ubuntu:/tmp/.ICE-unix/1383 SSH_AUTH_SOCK=/run/user/1000/keyring/ssh XMODIFIERS=@im=ibus WINDOWPATH=2 PATH=/usr/local/sbin:/usr/local/bin:/usr/sbin:/usr/bin:/sbin:/bin:/usr/games:/usr/local/games:/snap/bin GNOME_DESKTOP_SESSION_ID=this-is-deprecated XDG_VTNR=2 GTK_IM_MODULE=ibus GDMSESSION=ubuntu USERNAME=jiao GTK_MODULES=gail:atk-bridge XDG_DATA_DIRS=/usr/share/ubuntu:/usr/local/share:/usr/share:/var/lib/snapd/desktop XDG_SESSION_TYPE=x11 XDG_SESSION_ID=2 JOURNAL_STREAM=9:46924 XDG_SEAT=seat0 GPG_AGENT_INFO=/run/user/1000/gnupg/S.gpg-agent:0:1 IM_CONFIG_PHASE=2 QT4_IM_MODULE=xim DBUS_SESSION_BUS_ADDRESS=unix:path=/run/user/1000/bus,guid=0f012ca098a95fc8d9ddebd95ea7f939 GNOME_SHELL_SESSION_MODE=ubuntu SSH_AGENT_PID=1478 INVOCATION_ID=264b5e1d2b3247f28fa919c71ebde339 QT_IM_MODULE=xim XAUTHORITY=/run/user/1000/gdm/Xauthority USER=jiao DBUS_STARTER_BUS_TYPE=session TEXTDOMAINDIR=/usr/share/locale/ SHLVL=0 PWD=/home/jiao XDG_MENU_PREFIX=gnome- LANG=en_US.UTF-8 MANAGERPID=1352 _=/usr/bin/dbus-update-activation-environment XDG_CONFIG_DIRS=/etc/xdg/xdg-ubuntu:/etc/xdg XDG_SESSION_DESKTOP=ubuntu HOME=/home/jiao LOGNAME=jiao
jiao          -  0.0    -      -     - -        Sl   23:01   0:00 -
jiao          -  0.0    -      -     - -        Sl   23:01   0:00 -
jiao          -  0.0    -      -     - -        Sl   23:01   0:00 -
jiao          -  0.0    -      -     - -        Sl   23:01   0:00 -
jiao       1598  0.0  0.3 320180 10700 ?        -    23:01   0:00 /usr/lib/gvfs/gvfs-udisks2-volume-monitor CLUTTER_IM_MODULE=xim DBUS_SESSION_BUS_ADDRESS=unix:path=/run/user/1000/bus DESKTOP_SESSION=ubuntu DISPLAY=:0 GDMSESSION=ubuntu GNOME_DESKTOP_SESSION_ID=this-is-deprecated GNOME_SHELL_SESSION_MODE=ubuntu GPG_AGENT_INFO=/run/user/1000/gnupg/S.gpg-agent:0:1 GTK_IM_MODULE=ibus GTK_MODULES=gail:atk-bridge HOME=/home/jiao IM_CONFIG_PHASE=2 LANG=en_US.UTF-8 LOGNAME=jiao PATH=/usr/local/sbin:/usr/local/bin:/usr/sbin:/usr/bin:/sbin:/bin:/usr/games:/usr/local/games:/snap/bin PWD=/home/jiao QT4_IM_MODULE=xim QT_ACCESSIBILITY=1 QT_IM_MODULE=xim SESSION_MANAGER=local/ubuntu:@/tmp/.ICE-unix/1383,unix/ubuntu:/tmp/.ICE-unix/1383 SHELL=/bin/bash SHLVL=0 SSH_AGENT_PID=1478 SSH_AUTH_SOCK=/run/user/1000/keyring/ssh TEXTDOMAIN=im-config TEXTDOMAINDIR=/usr/share/locale/ USER=jiao USERNAME=jiao WINDOWPATH=2 XAUTHORITY=/run/user/1000/gdm/Xauthority XDG_CONFIG_DIRS=/etc/xdg/xdg-ubuntu:/etc/xdg XDG_CURRENT_DESKTOP=ubuntu:GNOME XDG_DATA_DIRS=/usr/share/ubuntu:/usr/local/share:/usr/share:/var/lib/snapd/desktop XDG_MENU_PREFIX=gnome- XDG_RUNTIME_DIR=/run/user/1000 XDG_SEAT=seat0 XDG_SESSION_DESKTOP=ubuntu XDG_SESSION_ID=2 XDG_SESSION_TYPE=x11 XDG_VTNR=2 XMODIFIERS=@im=ibus _=/usr/bin/dbus-update-activation-environment MANAGERPID=1352 INVOCATION_ID=2f8cb4fecab24e12be3d8c0be50e0632 JOURNAL_STREAM=9:48116
jiao          -  0.0    -      -     - -        Ssl  23:01   0:00 -
jiao          -  0.0    -      -     - -        Ssl  23:01   0:00 -
jiao          -  0.0    -      -     - -        Ssl  23:01   0:00 -
jiao       1602  0.0  0.1 274044  6048 ?        -    23:01   0:00 /usr/lib/gvfs/gvfs-goa-volume-monitor CLUTTER_IM_MODULE=xim DBUS_SESSION_BUS_ADDRESS=unix:path=/run/user/1000/bus DESKTOP_SESSION=ubuntu DISPLAY=:0 GDMSESSION=ubuntu GNOME_DESKTOP_SESSION_ID=this-is-deprecated GNOME_SHELL_SESSION_MODE=ubuntu GPG_AGENT_INFO=/run/user/1000/gnupg/S.gpg-agent:0:1 GTK_IM_MODULE=ibus GTK_MODULES=gail:atk-bridge HOME=/home/jiao IM_CONFIG_PHASE=2 LANG=en_US.UTF-8 LOGNAME=jiao PATH=/usr/local/sbin:/usr/local/bin:/usr/sbin:/usr/bin:/sbin:/bin:/usr/games:/usr/local/games:/snap/bin PWD=/home/jiao QT4_IM_MODULE=xim QT_ACCESSIBILITY=1 QT_IM_MODULE=xim SESSION_MANAGER=local/ubuntu:@/tmp/.ICE-unix/1383,unix/ubuntu:/tmp/.ICE-unix/1383 SHELL=/bin/bash SHLVL=0 SSH_AGENT_PID=1478 SSH_AUTH_SOCK=/run/user/1000/keyring/ssh TEXTDOMAIN=im-config TEXTDOMAINDIR=/usr/share/locale/ USER=jiao USERNAME=jiao WINDOWPATH=2 XAUTHORITY=/run/user/1000/gdm/Xauthority XDG_CONFIG_DIRS=/etc/xdg/xdg-ubuntu:/etc/xdg XDG_CURRENT_DESKTOP=ubuntu:GNOME XDG_DATA_DIRS=/usr/share/ubuntu:/usr/local/share:/usr/share:/var/lib/snapd/desktop XDG_MENU_PREFIX=gnome- XDG_RUNTIME_DIR=/run/user/1000 XDG_SEAT=seat0 XDG_SESSION_DESKTOP=ubuntu XDG_SESSION_ID=2 XDG_SESSION_TYPE=x11 XDG_VTNR=2 XMODIFIERS=@im=ibus _=/usr/bin/dbus-update-activation-environment MANAGERPID=1352 INVOCATION_ID=e56ac88ab2754ec9bbfe431fd5bf154c JOURNAL_STREAM=9:48166
jiao          -  0.0    -      -     - -        Ssl  23:01   0:00 -
jiao          -  0.0    -      -     - -        Ssl  23:01   0:00 -
jiao          -  0.0    -      -     - -        Ssl  23:01   0:00 -
jiao       1606  0.0  0.2 378812  7568 ?        -    23:01   0:00 /usr/lib/gvfs/gvfs-afc-volume-monitor CLUTTER_IM_MODULE=xim DBUS_SESSION_BUS_ADDRESS=unix:path=/run/user/1000/bus DESKTOP_SESSION=ubuntu DISPLAY=:0 GDMSESSION=ubuntu GNOME_DESKTOP_SESSION_ID=this-is-deprecated GNOME_SHELL_SESSION_MODE=ubuntu GPG_AGENT_INFO=/run/user/1000/gnupg/S.gpg-agent:0:1 GTK_IM_MODULE=ibus GTK_MODULES=gail:atk-bridge HOME=/home/jiao IM_CONFIG_PHASE=2 LANG=en_US.UTF-8 LOGNAME=jiao PATH=/usr/local/sbin:/usr/local/bin:/usr/sbin:/usr/bin:/sbin:/bin:/usr/games:/usr/local/games:/snap/bin PWD=/home/jiao QT4_IM_MODULE=xim QT_ACCESSIBILITY=1 QT_IM_MODULE=xim SESSION_MANAGER=local/ubuntu:@/tmp/.ICE-unix/1383,unix/ubuntu:/tmp/.ICE-unix/1383 SHELL=/bin/bash SHLVL=0 SSH_AGENT_PID=1478 SSH_AUTH_SOCK=/run/user/1000/keyring/ssh TEXTDOMAIN=im-config TEXTDOMAINDIR=/usr/share/locale/ USER=jiao USERNAME=jiao WINDOWPATH=2 XAUTHORITY=/run/user/1000/gdm/Xauthority XDG_CONFIG_DIRS=/etc/xdg/xdg-ubuntu:/etc/xdg XDG_CURRENT_DESKTOP=ubuntu:GNOME XDG_DATA_DIRS=/usr/share/ubuntu:/usr/local/share:/usr/share:/var/lib/snapd/desktop XDG_MENU_PREFIX=gnome- XDG_RUNTIME_DIR=/run/user/1000 XDG_SEAT=seat0 XDG_SESSION_DESKTOP=ubuntu XDG_SESSION_ID=2 XDG_SESSION_TYPE=x11 XDG_VTNR=2 XMODIFIERS=@im=ibus _=/usr/bin/dbus-update-activation-environment MANAGERPID=1352 INVOCATION_ID=d9f975d9ae124350bccc1e8873c5c95a JOURNAL_STREAM=9:48209
jiao          -  0.0    -      -     - -        Ssl  23:01   0:00 -
jiao          -  0.0    -      -     - -        Ssl  23:01   0:00 -
jiao          -  0.0    -      -     - -        Ssl  23:01   0:00 -
jiao          -  0.0    -      -     - -        Ssl  23:01   0:00 -
jiao       1611  0.0  0.2 288788  6640 ?        -    23:01   0:00 /usr/lib/gvfs/gvfs-gphoto2-volume-monitor CLUTTER_IM_MODULE=xim DBUS_SESSION_BUS_ADDRESS=unix:path=/run/user/1000/bus DESKTOP_SESSION=ubuntu DISPLAY=:0 GDMSESSION=ubuntu GNOME_DESKTOP_SESSION_ID=this-is-deprecated GNOME_SHELL_SESSION_MODE=ubuntu GPG_AGENT_INFO=/run/user/1000/gnupg/S.gpg-agent:0:1 GTK_IM_MODULE=ibus GTK_MODULES=gail:atk-bridge HOME=/home/jiao IM_CONFIG_PHASE=2 LANG=en_US.UTF-8 LOGNAME=jiao PATH=/usr/local/sbin:/usr/local/bin:/usr/sbin:/usr/bin:/sbin:/bin:/usr/games:/usr/local/games:/snap/bin PWD=/home/jiao QT4_IM_MODULE=xim QT_ACCESSIBILITY=1 QT_IM_MODULE=xim SESSION_MANAGER=local/ubuntu:@/tmp/.ICE-unix/1383,unix/ubuntu:/tmp/.ICE-unix/1383 SHELL=/bin/bash SHLVL=0 SSH_AGENT_PID=1478 SSH_AUTH_SOCK=/run/user/1000/keyring/ssh TEXTDOMAIN=im-config TEXTDOMAINDIR=/usr/share/locale/ USER=jiao USERNAME=jiao WINDOWPATH=2 XAUTHORITY=/run/user/1000/gdm/Xauthority XDG_CONFIG_DIRS=/etc/xdg/xdg-ubuntu:/etc/xdg XDG_CURRENT_DESKTOP=ubuntu:GNOME XDG_DATA_DIRS=/usr/share/ubuntu:/usr/local/share:/usr/share:/var/lib/snapd/desktop XDG_MENU_PREFIX=gnome- XDG_RUNTIME_DIR=/run/user/1000 XDG_SEAT=seat0 XDG_SESSION_DESKTOP=ubuntu XDG_SESSION_ID=2 XDG_SESSION_TYPE=x11 XDG_VTNR=2 XMODIFIERS=@im=ibus _=/usr/bin/dbus-update-activation-environment MANAGERPID=1352 INVOCATION_ID=d8cf86f819c04baf9f604b8d1ff073d4 JOURNAL_STREAM=9:48260
jiao          -  0.0    -      -     - -        Ssl  23:01   0:00 -
jiao          -  0.0    -      -     - -        Ssl  23:01   0:00 -
jiao          -  0.0    -      -     - -        Ssl  23:01   0:00 -
jiao       1615  0.0  0.1 275868  4908 ?        -    23:01   0:00 /usr/lib/gvfs/gvfs-mtp-volume-monitor CLUTTER_IM_MODULE=xim DBUS_SESSION_BUS_ADDRESS=unix:path=/run/user/1000/bus DESKTOP_SESSION=ubuntu DISPLAY=:0 GDMSESSION=ubuntu GNOME_DESKTOP_SESSION_ID=this-is-deprecated GNOME_SHELL_SESSION_MODE=ubuntu GPG_AGENT_INFO=/run/user/1000/gnupg/S.gpg-agent:0:1 GTK_IM_MODULE=ibus GTK_MODULES=gail:atk-bridge HOME=/home/jiao IM_CONFIG_PHASE=2 LANG=en_US.UTF-8 LOGNAME=jiao PATH=/usr/local/sbin:/usr/local/bin:/usr/sbin:/usr/bin:/sbin:/bin:/usr/games:/usr/local/games:/snap/bin PWD=/home/jiao QT4_IM_MODULE=xim QT_ACCESSIBILITY=1 QT_IM_MODULE=xim SESSION_MANAGER=local/ubuntu:@/tmp/.ICE-unix/1383,unix/ubuntu:/tmp/.ICE-unix/1383 SHELL=/bin/bash SHLVL=0 SSH_AGENT_PID=1478 SSH_AUTH_SOCK=/run/user/1000/keyring/ssh TEXTDOMAIN=im-config TEXTDOMAINDIR=/usr/share/locale/ USER=jiao USERNAME=jiao WINDOWPATH=2 XAUTHORITY=/run/user/1000/gdm/Xauthority XDG_CONFIG_DIRS=/etc/xdg/xdg-ubuntu:/etc/xdg XDG_CURRENT_DESKTOP=ubuntu:GNOME XDG_DATA_DIRS=/usr/share/ubuntu:/usr/local/share:/usr/share:/var/lib/snapd/desktop XDG_MENU_PREFIX=gnome- XDG_RUNTIME_DIR=/run/user/1000 XDG_SEAT=seat0 XDG_SESSION_DESKTOP=ubuntu XDG_SESSION_ID=2 XDG_SESSION_TYPE=x11 XDG_VTNR=2 XMODIFIERS=@im=ibus _=/usr/bin/dbus-update-activation-environment MANAGERPID=1352 INVOCATION_ID=201ffa93696b4110b2d4573bc87336ee JOURNAL_STREAM=9:48304
jiao          -  0.0    -      -     - -        Ssl  23:01   0:00 -
jiao          -  0.0    -      -     - -        Ssl  23:01   0:00 -
jiao          -  0.0    -      -     - -        Ssl  23:01   0:00 -
jiao       1619  0.0  0.7 527384 23912 tty2     -    23:01   0:00 /usr/lib/gnome-settings-daemon/gsd-power USER=jiao TEXTDOMAIN=im-config XDG_SEAT=seat0 XDG_SESSION_TYPE=x11 SSH_AGENT_PID=1478 SHLVL=0 QT4_IM_MODULE=xim HOME=/home/jiao DESKTOP_SESSION=ubuntu GTK_MODULES=gail:atk-bridge GNOME_SHELL_SESSION_MODE=ubuntu DBUS_SESSION_BUS_ADDRESS=unix:path=/run/user/1000/bus IM_CONFIG_PHASE=2 LOGNAME=jiao GTK_IM_MODULE=ibus USERNAME=jiao XDG_SESSION_ID=2 WINDOWPATH=2 PATH=/usr/local/sbin:/usr/local/bin:/usr/sbin:/usr/bin:/sbin:/bin:/usr/games:/usr/local/games:/snap/bin XDG_RUNTIME_DIR=/run/user/1000 DISPLAY=:0 LANG=en_US.UTF-8 XDG_CURRENT_DESKTOP=ubuntu:GNOME XDG_SESSION_DESKTOP=ubuntu XMODIFIERS=@im=ibus XAUTHORITY=/run/user/1000/gdm/Xauthority SSH_AUTH_SOCK=/run/user/1000/keyring/ssh SHELL=/bin/bash QT_ACCESSIBILITY=1 GDMSESSION=ubuntu TEXTDOMAINDIR=/usr/share/locale/ GPG_AGENT_INFO=/run/user/1000/gnupg/S.gpg-agent:0:1 XDG_VTNR=2 QT_IM_MODULE=xim PWD=/home/jiao CLUTTER_IM_MODULE=xim XDG_DATA_DIRS=/usr/share/ubuntu:/usr/local/share:/usr/share:/var/lib/snapd/desktop XDG_CONFIG_DIRS=/etc/xdg/xdg-ubuntu:/etc/xdg GNOME_DESKTOP_SESSION_ID=this-is-deprecated XDG_MENU_PREFIX=gnome- SESSION_MANAGER=local/ubuntu:@/tmp/.ICE-unix/1383,unix/ubuntu:/tmp/.ICE-unix/1383 DESKTOP_AUTOSTART_ID=10f41d9ab5be5beec6158806661910024400000013830009 GIO_LAUNCHED_DESKTOP_FILE=/etc/xdg/autostart/org.gnome.SettingsDaemon.Power.desktop GIO_LAUNCHED_DESKTOP_FILE_PID=1619
jiao          -  0.0    -      -     - -        Sl+  23:01   0:00 -
jiao          -  0.0    -      -     - -        Sl+  23:01   0:00 -
jiao          -  0.0    -      -     - -        Sl+  23:01   0:00 -
jiao          -  0.0    -      -     - -        Sl+  23:01   0:00 -
jiao       1620  0.0  0.3 349320 10176 tty2     -    23:01   0:00 /usr/lib/gnome-settings-daemon/gsd-print-notifications USER=jiao TEXTDOMAIN=im-config XDG_SEAT=seat0 XDG_SESSION_TYPE=x11 SSH_AGENT_PID=1478 SHLVL=0 QT4_IM_MODULE=xim HOME=/home/jiao DESKTOP_SESSION=ubuntu GTK_MODULES=gail:atk-bridge GNOME_SHELL_SESSION_MODE=ubuntu DBUS_SESSION_BUS_ADDRESS=unix:path=/run/user/1000/bus IM_CONFIG_PHASE=2 LOGNAME=jiao GTK_IM_MODULE=ibus USERNAME=jiao XDG_SESSION_ID=2 WINDOWPATH=2 PATH=/usr/local/sbin:/usr/local/bin:/usr/sbin:/usr/bin:/sbin:/bin:/usr/games:/usr/local/games:/snap/bin XDG_RUNTIME_DIR=/run/user/1000 DISPLAY=:0 LANG=en_US.UTF-8 XDG_CURRENT_DESKTOP=ubuntu:GNOME XDG_SESSION_DESKTOP=ubuntu XMODIFIERS=@im=ibus XAUTHORITY=/run/user/1000/gdm/Xauthority SSH_AUTH_SOCK=/run/user/1000/keyring/ssh SHELL=/bin/bash QT_ACCESSIBILITY=1 GDMSESSION=ubuntu TEXTDOMAINDIR=/usr/share/locale/ GPG_AGENT_INFO=/run/user/1000/gnupg/S.gpg-agent:0:1 XDG_VTNR=2 QT_IM_MODULE=xim PWD=/home/jiao CLUTTER_IM_MODULE=xim XDG_DATA_DIRS=/usr/share/ubuntu:/usr/local/share:/usr/share:/var/lib/snapd/desktop XDG_CONFIG_DIRS=/etc/xdg/xdg-ubuntu:/etc/xdg GNOME_DESKTOP_SESSION_ID=this-is-deprecated XDG_MENU_PREFIX=gnome- SESSION_MANAGER=local/ubuntu:@/tmp/.ICE-unix/1383,unix/ubuntu:/tmp/.ICE-unix/1383 DESKTOP_AUTOSTART_ID=10f41d9ab5be5beec6158806661910107300000013830010 GIO_LAUNCHED_DESKTOP_FILE=/etc/xdg/autostart/org.gnome.SettingsDaemon.PrintNotifications.desktop GIO_LAUNCHED_DESKTOP_FILE_PID=1620
jiao          -  0.0    -      -     - -        Sl+  23:01   0:00 -
jiao          -  0.0    -      -     - -        Sl+  23:01   0:00 -
jiao          -  0.0    -      -     - -        Sl+  23:01   0:00 -
jiao       1622  0.0  0.1 423344  5856 tty2     -    23:01   0:00 /usr/lib/gnome-settings-daemon/gsd-rfkill USER=jiao TEXTDOMAIN=im-config XDG_SEAT=seat0 XDG_SESSION_TYPE=x11 SSH_AGENT_PID=1478 SHLVL=0 QT4_IM_MODULE=xim HOME=/home/jiao DESKTOP_SESSION=ubuntu GTK_MODULES=gail:atk-bridge GNOME_SHELL_SESSION_MODE=ubuntu DBUS_SESSION_BUS_ADDRESS=unix:path=/run/user/1000/bus IM_CONFIG_PHASE=2 LOGNAME=jiao GTK_IM_MODULE=ibus USERNAME=jiao XDG_SESSION_ID=2 WINDOWPATH=2 PATH=/usr/local/sbin:/usr/local/bin:/usr/sbin:/usr/bin:/sbin:/bin:/usr/games:/usr/local/games:/snap/bin XDG_RUNTIME_DIR=/run/user/1000 DISPLAY=:0 LANG=en_US.UTF-8 XDG_CURRENT_DESKTOP=ubuntu:GNOME XDG_SESSION_DESKTOP=ubuntu XMODIFIERS=@im=ibus XAUTHORITY=/run/user/1000/gdm/Xauthority SSH_AUTH_SOCK=/run/user/1000/keyring/ssh SHELL=/bin/bash QT_ACCESSIBILITY=1 GDMSESSION=ubuntu TEXTDOMAINDIR=/usr/share/locale/ GPG_AGENT_INFO=/run/user/1000/gnupg/S.gpg-agent:0:1 XDG_VTNR=2 QT_IM_MODULE=xim PWD=/home/jiao CLUTTER_IM_MODULE=xim XDG_DATA_DIRS=/usr/share/ubuntu:/usr/local/share:/usr/share:/var/lib/snapd/desktop XDG_CONFIG_DIRS=/etc/xdg/xdg-ubuntu:/etc/xdg GNOME_DESKTOP_SESSION_ID=this-is-deprecated XDG_MENU_PREFIX=gnome- SESSION_MANAGER=local/ubuntu:@/tmp/.ICE-unix/1383,unix/ubuntu:/tmp/.ICE-unix/1383 DESKTOP_AUTOSTART_ID=10f41d9ab5be5beec6158806661910180900000013830011 GIO_LAUNCHED_DESKTOP_FILE=/etc/xdg/autostart/org.gnome.SettingsDaemon.Rfkill.desktop GIO_LAUNCHED_DESKTOP_FILE_PID=1622
jiao          -  0.0    -      -     - -        Sl+  23:01   0:00 -
jiao          -  0.0    -      -     - -        Sl+  23:01   0:00 -
jiao          -  0.0    -      -     - -        Sl+  23:01   0:00 -
jiao       1623  0.0  0.1 275732  4832 tty2     -    23:01   0:00 /usr/lib/gnome-settings-daemon/gsd-screensaver-proxy USER=jiao TEXTDOMAIN=im-config XDG_SEAT=seat0 XDG_SESSION_TYPE=x11 SSH_AGENT_PID=1478 SHLVL=0 QT4_IM_MODULE=xim HOME=/home/jiao DESKTOP_SESSION=ubuntu GTK_MODULES=gail:atk-bridge GNOME_SHELL_SESSION_MODE=ubuntu DBUS_SESSION_BUS_ADDRESS=unix:path=/run/user/1000/bus IM_CONFIG_PHASE=2 LOGNAME=jiao GTK_IM_MODULE=ibus USERNAME=jiao XDG_SESSION_ID=2 WINDOWPATH=2 PATH=/usr/local/sbin:/usr/local/bin:/usr/sbin:/usr/bin:/sbin:/bin:/usr/games:/usr/local/games:/snap/bin XDG_RUNTIME_DIR=/run/user/1000 DISPLAY=:0 LANG=en_US.UTF-8 XDG_CURRENT_DESKTOP=ubuntu:GNOME XDG_SESSION_DESKTOP=ubuntu XMODIFIERS=@im=ibus XAUTHORITY=/run/user/1000/gdm/Xauthority SSH_AUTH_SOCK=/run/user/1000/keyring/ssh SHELL=/bin/bash QT_ACCESSIBILITY=1 GDMSESSION=ubuntu TEXTDOMAINDIR=/usr/share/locale/ GPG_AGENT_INFO=/run/user/1000/gnupg/S.gpg-agent:0:1 XDG_VTNR=2 QT_IM_MODULE=xim PWD=/home/jiao CLUTTER_IM_MODULE=xim XDG_DATA_DIRS=/usr/share/ubuntu:/usr/local/share:/usr/share:/var/lib/snapd/desktop XDG_CONFIG_DIRS=/etc/xdg/xdg-ubuntu:/etc/xdg GNOME_DESKTOP_SESSION_ID=this-is-deprecated XDG_MENU_PREFIX=gnome- SESSION_MANAGER=local/ubuntu:@/tmp/.ICE-unix/1383,unix/ubuntu:/tmp/.ICE-unix/1383 DESKTOP_AUTOSTART_ID=10f41d9ab5be5beec6158806661910256500000013830012 GIO_LAUNCHED_DESKTOP_FILE=/etc/xdg/autostart/org.gnome.SettingsDaemon.ScreensaverProxy.desktop GIO_LAUNCHED_DESKTOP_FILE_PID=1623
jiao          -  0.0    -      -     - -        Sl+  23:01   0:00 -
jiao          -  0.0    -      -     - -        Sl+  23:01   0:00 -
jiao          -  0.0    -      -     - -        Sl+  23:01   0:00 -
jiao       1625  0.0  0.3 471184 11624 tty2     -    23:01   0:00 /usr/lib/gnome-settings-daemon/gsd-sharing USER=jiao TEXTDOMAIN=im-config XDG_SEAT=seat0 XDG_SESSION_TYPE=x11 SSH_AGENT_PID=1478 SHLVL=0 QT4_IM_MODULE=xim HOME=/home/jiao DESKTOP_SESSION=ubuntu GTK_MODULES=gail:atk-bridge GNOME_SHELL_SESSION_MODE=ubuntu DBUS_SESSION_BUS_ADDRESS=unix:path=/run/user/1000/bus IM_CONFIG_PHASE=2 LOGNAME=jiao GTK_IM_MODULE=ibus USERNAME=jiao XDG_SESSION_ID=2 WINDOWPATH=2 PATH=/usr/local/sbin:/usr/local/bin:/usr/sbin:/usr/bin:/sbin:/bin:/usr/games:/usr/local/games:/snap/bin XDG_RUNTIME_DIR=/run/user/1000 DISPLAY=:0 LANG=en_US.UTF-8 XDG_CURRENT_DESKTOP=ubuntu:GNOME XDG_SESSION_DESKTOP=ubuntu XMODIFIERS=@im=ibus XAUTHORITY=/run/user/1000/gdm/Xauthority SSH_AUTH_SOCK=/run/user/1000/keyring/ssh SHELL=/bin/bash QT_ACCESSIBILITY=1 GDMSESSION=ubuntu TEXTDOMAINDIR=/usr/share/locale/ GPG_AGENT_INFO=/run/user/1000/gnupg/S.gpg-agent:0:1 XDG_VTNR=2 QT_IM_MODULE=xim PWD=/home/jiao CLUTTER_IM_MODULE=xim XDG_DATA_DIRS=/usr/share/ubuntu:/usr/local/share:/usr/share:/var/lib/snapd/desktop XDG_CONFIG_DIRS=/etc/xdg/xdg-ubuntu:/etc/xdg GNOME_DESKTOP_SESSION_ID=this-is-deprecated XDG_MENU_PREFIX=gnome- SESSION_MANAGER=local/ubuntu:@/tmp/.ICE-unix/1383,unix/ubuntu:/tmp/.ICE-unix/1383 DESKTOP_AUTOSTART_ID=10f41d9ab5be5beec6158806661910331700000013830013 GIO_LAUNCHED_DESKTOP_FILE=/etc/xdg/autostart/org.gnome.SettingsDaemon.Sharing.desktop GIO_LAUNCHED_DESKTOP_FILE_PID=1625
jiao          -  0.0    -      -     - -        Sl+  23:01   0:00 -
jiao          -  0.0    -      -     - -        Sl+  23:01   0:00 -
jiao          -  0.0    -      -     - -        Sl+  23:01   0:00 -
jiao          -  0.0    -      -     - -        Sl+  23:01   0:00 -
jiao       1629  0.0  0.3 392712 10064 tty2     -    23:01   0:00 /usr/lib/gnome-settings-daemon/gsd-smartcard USER=jiao TEXTDOMAIN=im-config XDG_SEAT=seat0 XDG_SESSION_TYPE=x11 SSH_AGENT_PID=1478 SHLVL=0 QT4_IM_MODULE=xim HOME=/home/jiao DESKTOP_SESSION=ubuntu GTK_MODULES=gail:atk-bridge GNOME_SHELL_SESSION_MODE=ubuntu DBUS_SESSION_BUS_ADDRESS=unix:path=/run/user/1000/bus IM_CONFIG_PHASE=2 LOGNAME=jiao GTK_IM_MODULE=ibus USERNAME=jiao XDG_SESSION_ID=2 WINDOWPATH=2 PATH=/usr/local/sbin:/usr/local/bin:/usr/sbin:/usr/bin:/sbin:/bin:/usr/games:/usr/local/games:/snap/bin XDG_RUNTIME_DIR=/run/user/1000 DISPLAY=:0 LANG=en_US.UTF-8 XDG_CURRENT_DESKTOP=ubuntu:GNOME XDG_SESSION_DESKTOP=ubuntu XMODIFIERS=@im=ibus XAUTHORITY=/run/user/1000/gdm/Xauthority SSH_AUTH_SOCK=/run/user/1000/keyring/ssh SHELL=/bin/bash QT_ACCESSIBILITY=1 GDMSESSION=ubuntu TEXTDOMAINDIR=/usr/share/locale/ GPG_AGENT_INFO=/run/user/1000/gnupg/S.gpg-agent:0:1 XDG_VTNR=2 QT_IM_MODULE=xim PWD=/home/jiao CLUTTER_IM_MODULE=xim XDG_DATA_DIRS=/usr/share/ubuntu:/usr/local/share:/usr/share:/var/lib/snapd/desktop XDG_CONFIG_DIRS=/etc/xdg/xdg-ubuntu:/etc/xdg GNOME_DESKTOP_SESSION_ID=this-is-deprecated XDG_MENU_PREFIX=gnome- SESSION_MANAGER=local/ubuntu:@/tmp/.ICE-unix/1383,unix/ubuntu:/tmp/.ICE-unix/1383 DESKTOP_AUTOSTART_ID=10f41d9ab5be5beec6158806661910402500000013830014 GIO_LAUNCHED_DESKTOP_FILE=/etc/xdg/autostart/org.gnome.SettingsDaemon.Smartcard.desktop GIO_LAUNCHED_DESKTOP_FILE_PID=1629
jiao          -  0.0    -      -     - -        Sl+  23:01   0:00 -
jiao          -  0.0    -      -     - -        Sl+  23:01   0:00 -
jiao          -  0.0    -      -     - -        Sl+  23:01   0:00 -
jiao          -  0.0    -      -     - -        Sl+  23:01   0:00 -
jiao          -  0.0    -      -     - -        Sl+  23:01   0:00 -
jiao       1631  0.0  0.7 504680 23416 tty2     -    23:01   0:00 /usr/lib/gnome-settings-daemon/gsd-xsettings USER=jiao TEXTDOMAIN=im-config XDG_SEAT=seat0 XDG_SESSION_TYPE=x11 SSH_AGENT_PID=1478 SHLVL=0 QT4_IM_MODULE=xim HOME=/home/jiao DESKTOP_SESSION=ubuntu GTK_MODULES=gail:atk-bridge GNOME_SHELL_SESSION_MODE=ubuntu DBUS_SESSION_BUS_ADDRESS=unix:path=/run/user/1000/bus IM_CONFIG_PHASE=2 LOGNAME=jiao GTK_IM_MODULE=ibus USERNAME=jiao XDG_SESSION_ID=2 WINDOWPATH=2 PATH=/usr/local/sbin:/usr/local/bin:/usr/sbin:/usr/bin:/sbin:/bin:/usr/games:/usr/local/games:/snap/bin XDG_RUNTIME_DIR=/run/user/1000 DISPLAY=:0 LANG=en_US.UTF-8 XDG_CURRENT_DESKTOP=ubuntu:GNOME XDG_SESSION_DESKTOP=ubuntu XMODIFIERS=@im=ibus XAUTHORITY=/run/user/1000/gdm/Xauthority SSH_AUTH_SOCK=/run/user/1000/keyring/ssh SHELL=/bin/bash QT_ACCESSIBILITY=1 GDMSESSION=ubuntu TEXTDOMAINDIR=/usr/share/locale/ GPG_AGENT_INFO=/run/user/1000/gnupg/S.gpg-agent:0:1 XDG_VTNR=2 QT_IM_MODULE=xim PWD=/home/jiao CLUTTER_IM_MODULE=xim XDG_DATA_DIRS=/usr/share/ubuntu:/usr/local/share:/usr/share:/var/lib/snapd/desktop XDG_CONFIG_DIRS=/etc/xdg/xdg-ubuntu:/etc/xdg GNOME_DESKTOP_SESSION_ID=this-is-deprecated XDG_MENU_PREFIX=gnome- SESSION_MANAGER=local/ubuntu:@/tmp/.ICE-unix/1383,unix/ubuntu:/tmp/.ICE-unix/1383 DESKTOP_AUTOSTART_ID=10f41d9ab5be5beec6158806661910644800000013830017 GIO_LAUNCHED_DESKTOP_FILE=/etc/xdg/autostart/org.gnome.SettingsDaemon.XSettings.desktop GIO_LAUNCHED_DESKTOP_FILE_PID=1631
jiao          -  0.0    -      -     - -        Sl+  23:01   0:00 -
jiao          -  0.0    -      -     - -        Sl+  23:01   0:00 -
jiao          -  0.0    -      -     - -        Sl+  23:01   0:00 -
jiao          -  0.0    -      -     - -        Sl+  23:01   0:00 -
jiao       1634  0.0  0.7 440724 22544 tty2     -    23:01   0:00 /usr/lib/gnome-settings-daemon/gsd-wacom USER=jiao TEXTDOMAIN=im-config XDG_SEAT=seat0 XDG_SESSION_TYPE=x11 SSH_AGENT_PID=1478 SHLVL=0 QT4_IM_MODULE=xim HOME=/home/jiao DESKTOP_SESSION=ubuntu GTK_MODULES=gail:atk-bridge GNOME_SHELL_SESSION_MODE=ubuntu DBUS_SESSION_BUS_ADDRESS=unix:path=/run/user/1000/bus IM_CONFIG_PHASE=2 LOGNAME=jiao GTK_IM_MODULE=ibus USERNAME=jiao XDG_SESSION_ID=2 WINDOWPATH=2 PATH=/usr/local/sbin:/usr/local/bin:/usr/sbin:/usr/bin:/sbin:/bin:/usr/games:/usr/local/games:/snap/bin XDG_RUNTIME_DIR=/run/user/1000 DISPLAY=:0 LANG=en_US.UTF-8 XDG_CURRENT_DESKTOP=ubuntu:GNOME XDG_SESSION_DESKTOP=ubuntu XMODIFIERS=@im=ibus XAUTHORITY=/run/user/1000/gdm/Xauthority SSH_AUTH_SOCK=/run/user/1000/keyring/ssh SHELL=/bin/bash QT_ACCESSIBILITY=1 GDMSESSION=ubuntu TEXTDOMAINDIR=/usr/share/locale/ GPG_AGENT_INFO=/run/user/1000/gnupg/S.gpg-agent:0:1 XDG_VTNR=2 QT_IM_MODULE=xim PWD=/home/jiao CLUTTER_IM_MODULE=xim XDG_DATA_DIRS=/usr/share/ubuntu:/usr/local/share:/usr/share:/var/lib/snapd/desktop XDG_CONFIG_DIRS=/etc/xdg/xdg-ubuntu:/etc/xdg GNOME_DESKTOP_SESSION_ID=this-is-deprecated XDG_MENU_PREFIX=gnome- SESSION_MANAGER=local/ubuntu:@/tmp/.ICE-unix/1383,unix/ubuntu:/tmp/.ICE-unix/1383 DESKTOP_AUTOSTART_ID=10f41d9ab5be5beec6158806661910563000000013830016 GIO_LAUNCHED_DESKTOP_FILE=/etc/xdg/autostart/org.gnome.SettingsDaemon.Wacom.desktop GIO_LAUNCHED_DESKTOP_FILE_PID=1634
jiao          -  0.0    -      -     - -        Sl+  23:01   0:00 -
jiao          -  0.0    -      -     - -        Sl+  23:01   0:00 -
jiao          -  0.0    -      -     - -        Sl+  23:01   0:00 -
jiao       1635  0.0  0.3 343088  9652 tty2     -    23:01   0:00 /usr/lib/gnome-settings-daemon/gsd-sound USER=jiao TEXTDOMAIN=im-config XDG_SEAT=seat0 XDG_SESSION_TYPE=x11 SSH_AGENT_PID=1478 SHLVL=0 QT4_IM_MODULE=xim HOME=/home/jiao DESKTOP_SESSION=ubuntu GTK_MODULES=gail:atk-bridge GNOME_SHELL_SESSION_MODE=ubuntu DBUS_SESSION_BUS_ADDRESS=unix:path=/run/user/1000/bus IM_CONFIG_PHASE=2 LOGNAME=jiao GTK_IM_MODULE=ibus USERNAME=jiao XDG_SESSION_ID=2 WINDOWPATH=2 PATH=/usr/local/sbin:/usr/local/bin:/usr/sbin:/usr/bin:/sbin:/bin:/usr/games:/usr/local/games:/snap/bin XDG_RUNTIME_DIR=/run/user/1000 DISPLAY=:0 LANG=en_US.UTF-8 XDG_CURRENT_DESKTOP=ubuntu:GNOME XDG_SESSION_DESKTOP=ubuntu XMODIFIERS=@im=ibus XAUTHORITY=/run/user/1000/gdm/Xauthority SSH_AUTH_SOCK=/run/user/1000/keyring/ssh SHELL=/bin/bash QT_ACCESSIBILITY=1 GDMSESSION=ubuntu TEXTDOMAINDIR=/usr/share/locale/ GPG_AGENT_INFO=/run/user/1000/gnupg/S.gpg-agent:0:1 XDG_VTNR=2 QT_IM_MODULE=xim PWD=/home/jiao CLUTTER_IM_MODULE=xim XDG_DATA_DIRS=/usr/share/ubuntu:/usr/local/share:/usr/share:/var/lib/snapd/desktop XDG_CONFIG_DIRS=/etc/xdg/xdg-ubuntu:/etc/xdg GNOME_DESKTOP_SESSION_ID=this-is-deprecated XDG_MENU_PREFIX=gnome- SESSION_MANAGER=local/ubuntu:@/tmp/.ICE-unix/1383,unix/ubuntu:/tmp/.ICE-unix/1383 DESKTOP_AUTOSTART_ID=10f41d9ab5be5beec6158806661910481500000013830015 GIO_LAUNCHED_DESKTOP_FILE=/etc/xdg/autostart/org.gnome.SettingsDaemon.Sound.desktop GIO_LAUNCHED_DESKTOP_FILE_PID=1635
jiao          -  0.0    -      -     - -        Sl+  23:01   0:00 -
jiao          -  0.0    -      -     - -        Sl+  23:01   0:00 -
jiao          -  0.0    -      -     - -        Sl+  23:01   0:00 -
jiao          -  0.0    -      -     - -        Sl+  23:01   0:00 -
jiao       1642  0.0  0.2 296636  8284 tty2     -    23:01   0:00 /usr/lib/gnome-settings-daemon/gsd-a11y-settings USER=jiao TEXTDOMAIN=im-config XDG_SEAT=seat0 XDG_SESSION_TYPE=x11 SSH_AGENT_PID=1478 SHLVL=0 QT4_IM_MODULE=xim HOME=/home/jiao DESKTOP_SESSION=ubuntu GTK_MODULES=gail:atk-bridge GNOME_SHELL_SESSION_MODE=ubuntu DBUS_SESSION_BUS_ADDRESS=unix:path=/run/user/1000/bus IM_CONFIG_PHASE=2 LOGNAME=jiao GTK_IM_MODULE=ibus USERNAME=jiao XDG_SESSION_ID=2 WINDOWPATH=2 PATH=/usr/local/sbin:/usr/local/bin:/usr/sbin:/usr/bin:/sbin:/bin:/usr/games:/usr/local/games:/snap/bin XDG_RUNTIME_DIR=/run/user/1000 DISPLAY=:0 LANG=en_US.UTF-8 XDG_CURRENT_DESKTOP=ubuntu:GNOME XDG_SESSION_DESKTOP=ubuntu XMODIFIERS=@im=ibus XAUTHORITY=/run/user/1000/gdm/Xauthority SSH_AUTH_SOCK=/run/user/1000/keyring/ssh SHELL=/bin/bash QT_ACCESSIBILITY=1 GDMSESSION=ubuntu TEXTDOMAINDIR=/usr/share/locale/ GPG_AGENT_INFO=/run/user/1000/gnupg/S.gpg-agent:0:1 XDG_VTNR=2 QT_IM_MODULE=xim PWD=/home/jiao CLUTTER_IM_MODULE=xim XDG_DATA_DIRS=/usr/share/ubuntu:/usr/local/share:/usr/share:/var/lib/snapd/desktop XDG_CONFIG_DIRS=/etc/xdg/xdg-ubuntu:/etc/xdg GNOME_DESKTOP_SESSION_ID=this-is-deprecated XDG_MENU_PREFIX=gnome- SESSION_MANAGER=local/ubuntu:@/tmp/.ICE-unix/1383,unix/ubuntu:/tmp/.ICE-unix/1383 DESKTOP_AUTOSTART_ID=10f41d9ab5be5beec615880666199407700000013830001 GIO_LAUNCHED_DESKTOP_FILE=/etc/xdg/autostart/org.gnome.SettingsDaemon.A11ySettings.desktop GIO_LAUNCHED_DESKTOP_FILE_PID=1642
jiao          -  0.0    -      -     - -        Sl+  23:01   0:00 -
jiao          -  0.0    -      -     - -        Sl+  23:01   0:00 -
jiao          -  0.0    -      -     - -        Sl+  23:01   0:00 -
jiao          -  0.0    -      -     - -        Sl+  23:01   0:00 -
jiao       1645  0.0  0.7 355876 21700 tty2     -    23:01   0:00 /usr/lib/gnome-settings-daemon/gsd-clipboard USER=jiao TEXTDOMAIN=im-config XDG_SEAT=seat0 XDG_SESSION_TYPE=x11 SSH_AGENT_PID=1478 SHLVL=0 QT4_IM_MODULE=xim HOME=/home/jiao DESKTOP_SESSION=ubuntu GTK_MODULES=gail:atk-bridge GNOME_SHELL_SESSION_MODE=ubuntu DBUS_SESSION_BUS_ADDRESS=unix:path=/run/user/1000/bus IM_CONFIG_PHASE=2 LOGNAME=jiao GTK_IM_MODULE=ibus USERNAME=jiao XDG_SESSION_ID=2 WINDOWPATH=2 PATH=/usr/local/sbin:/usr/local/bin:/usr/sbin:/usr/bin:/sbin:/bin:/usr/games:/usr/local/games:/snap/bin XDG_RUNTIME_DIR=/run/user/1000 DISPLAY=:0 LANG=en_US.UTF-8 XDG_CURRENT_DESKTOP=ubuntu:GNOME XDG_SESSION_DESKTOP=ubuntu XMODIFIERS=@im=ibus XAUTHORITY=/run/user/1000/gdm/Xauthority SSH_AUTH_SOCK=/run/user/1000/keyring/ssh SHELL=/bin/bash QT_ACCESSIBILITY=1 GDMSESSION=ubuntu TEXTDOMAINDIR=/usr/share/locale/ GPG_AGENT_INFO=/run/user/1000/gnupg/S.gpg-agent:0:1 XDG_VTNR=2 QT_IM_MODULE=xim PWD=/home/jiao CLUTTER_IM_MODULE=xim XDG_DATA_DIRS=/usr/share/ubuntu:/usr/local/share:/usr/share:/var/lib/snapd/desktop XDG_CONFIG_DIRS=/etc/xdg/xdg-ubuntu:/etc/xdg GNOME_DESKTOP_SESSION_ID=this-is-deprecated XDG_MENU_PREFIX=gnome- SESSION_MANAGER=local/ubuntu:@/tmp/.ICE-unix/1383,unix/ubuntu:/tmp/.ICE-unix/1383 DESKTOP_AUTOSTART_ID=10f41d9ab5be5beec615880666199486100000013830002 GIO_LAUNCHED_DESKTOP_FILE=/etc/xdg/autostart/org.gnome.SettingsDaemon.Clipboard.desktop GIO_LAUNCHED_DESKTOP_FILE_PID=1645
jiao          -  0.0    -      -     - -        Sl+  23:01   0:00 -
jiao          -  0.0    -      -     - -        Sl+  23:01   0:00 -
jiao          -  0.0    -      -     - -        Sl+  23:01   0:00 -
jiao       1650  0.0  0.7 668908 23152 tty2     -    23:01   0:00 /usr/lib/gnome-settings-daemon/gsd-color USER=jiao TEXTDOMAIN=im-config XDG_SEAT=seat0 XDG_SESSION_TYPE=x11 SSH_AGENT_PID=1478 SHLVL=0 QT4_IM_MODULE=xim HOME=/home/jiao DESKTOP_SESSION=ubuntu GTK_MODULES=gail:atk-bridge GNOME_SHELL_SESSION_MODE=ubuntu DBUS_SESSION_BUS_ADDRESS=unix:path=/run/user/1000/bus IM_CONFIG_PHASE=2 LOGNAME=jiao GTK_IM_MODULE=ibus USERNAME=jiao XDG_SESSION_ID=2 WINDOWPATH=2 PATH=/usr/local/sbin:/usr/local/bin:/usr/sbin:/usr/bin:/sbin:/bin:/usr/games:/usr/local/games:/snap/bin XDG_RUNTIME_DIR=/run/user/1000 DISPLAY=:0 LANG=en_US.UTF-8 XDG_CURRENT_DESKTOP=ubuntu:GNOME XDG_SESSION_DESKTOP=ubuntu XMODIFIERS=@im=ibus XAUTHORITY=/run/user/1000/gdm/Xauthority SSH_AUTH_SOCK=/run/user/1000/keyring/ssh SHELL=/bin/bash QT_ACCESSIBILITY=1 GDMSESSION=ubuntu TEXTDOMAINDIR=/usr/share/locale/ GPG_AGENT_INFO=/run/user/1000/gnupg/S.gpg-agent:0:1 XDG_VTNR=2 QT_IM_MODULE=xim PWD=/home/jiao CLUTTER_IM_MODULE=xim XDG_DATA_DIRS=/usr/share/ubuntu:/usr/local/share:/usr/share:/var/lib/snapd/desktop XDG_CONFIG_DIRS=/etc/xdg/xdg-ubuntu:/etc/xdg GNOME_DESKTOP_SESSION_ID=this-is-deprecated XDG_MENU_PREFIX=gnome- SESSION_MANAGER=local/ubuntu:@/tmp/.ICE-unix/1383,unix/ubuntu:/tmp/.ICE-unix/1383 DESKTOP_AUTOSTART_ID=10f41d9ab5be5beec615880666199561200000013830003 GIO_LAUNCHED_DESKTOP_FILE=/etc/xdg/autostart/org.gnome.SettingsDaemon.Color.desktop GIO_LAUNCHED_DESKTOP_FILE_PID=1650
jiao          -  0.0    -      -     - -        Sl+  23:01   0:00 -
jiao          -  0.0    -      -     - -        Sl+  23:01   0:00 -
jiao          -  0.0    -      -     - -        Sl+  23:01   0:00 -
jiao          -  0.0    -      -     - -        Sl+  23:01   0:00 -
jiao       1654  0.0  0.5 476576 15332 tty2     -    23:01   0:00 /usr/lib/gnome-settings-daemon/gsd-datetime USER=jiao TEXTDOMAIN=im-config XDG_SEAT=seat0 XDG_SESSION_TYPE=x11 SSH_AGENT_PID=1478 SHLVL=0 QT4_IM_MODULE=xim HOME=/home/jiao DESKTOP_SESSION=ubuntu GTK_MODULES=gail:atk-bridge GNOME_SHELL_SESSION_MODE=ubuntu DBUS_SESSION_BUS_ADDRESS=unix:path=/run/user/1000/bus IM_CONFIG_PHASE=2 LOGNAME=jiao GTK_IM_MODULE=ibus USERNAME=jiao XDG_SESSION_ID=2 WINDOWPATH=2 PATH=/usr/local/sbin:/usr/local/bin:/usr/sbin:/usr/bin:/sbin:/bin:/usr/games:/usr/local/games:/snap/bin XDG_RUNTIME_DIR=/run/user/1000 DISPLAY=:0 LANG=en_US.UTF-8 XDG_CURRENT_DESKTOP=ubuntu:GNOME XDG_SESSION_DESKTOP=ubuntu XMODIFIERS=@im=ibus XAUTHORITY=/run/user/1000/gdm/Xauthority SSH_AUTH_SOCK=/run/user/1000/keyring/ssh SHELL=/bin/bash QT_ACCESSIBILITY=1 GDMSESSION=ubuntu TEXTDOMAINDIR=/usr/share/locale/ GPG_AGENT_INFO=/run/user/1000/gnupg/S.gpg-agent:0:1 XDG_VTNR=2 QT_IM_MODULE=xim PWD=/home/jiao CLUTTER_IM_MODULE=xim XDG_DATA_DIRS=/usr/share/ubuntu:/usr/local/share:/usr/share:/var/lib/snapd/desktop XDG_CONFIG_DIRS=/etc/xdg/xdg-ubuntu:/etc/xdg GNOME_DESKTOP_SESSION_ID=this-is-deprecated XDG_MENU_PREFIX=gnome- SESSION_MANAGER=local/ubuntu:@/tmp/.ICE-unix/1383,unix/ubuntu:/tmp/.ICE-unix/1383 DESKTOP_AUTOSTART_ID=10f41d9ab5be5beec615880666199648800000013830004 GIO_LAUNCHED_DESKTOP_FILE=/etc/xdg/autostart/org.gnome.SettingsDaemon.Datetime.desktop GIO_LAUNCHED_DESKTOP_FILE_PID=1654
jiao          -  0.0    -      -     - -        Sl+  23:01   0:00 -
jiao          -  0.0    -      -     - -        Sl+  23:01   0:00 -
jiao          -  0.0    -      -     - -        Sl+  23:01   0:00 -
jiao          -  0.0    -      -     - -        Sl+  23:01   0:00 -
jiao       1656  0.0  0.2 374680  8680 tty2     -    23:01   0:00 /usr/lib/gnome-settings-daemon/gsd-housekeeping USER=jiao TEXTDOMAIN=im-config XDG_SEAT=seat0 XDG_SESSION_TYPE=x11 SSH_AGENT_PID=1478 SHLVL=0 QT4_IM_MODULE=xim HOME=/home/jiao DESKTOP_SESSION=ubuntu GTK_MODULES=gail:atk-bridge GNOME_SHELL_SESSION_MODE=ubuntu DBUS_SESSION_BUS_ADDRESS=unix:path=/run/user/1000/bus IM_CONFIG_PHASE=2 LOGNAME=jiao GTK_IM_MODULE=ibus USERNAME=jiao XDG_SESSION_ID=2 WINDOWPATH=2 PATH=/usr/local/sbin:/usr/local/bin:/usr/sbin:/usr/bin:/sbin:/bin:/usr/games:/usr/local/games:/snap/bin XDG_RUNTIME_DIR=/run/user/1000 DISPLAY=:0 LANG=en_US.UTF-8 XDG_CURRENT_DESKTOP=ubuntu:GNOME XDG_SESSION_DESKTOP=ubuntu XMODIFIERS=@im=ibus XAUTHORITY=/run/user/1000/gdm/Xauthority SSH_AUTH_SOCK=/run/user/1000/keyring/ssh SHELL=/bin/bash QT_ACCESSIBILITY=1 GDMSESSION=ubuntu TEXTDOMAINDIR=/usr/share/locale/ GPG_AGENT_INFO=/run/user/1000/gnupg/S.gpg-agent:0:1 XDG_VTNR=2 QT_IM_MODULE=xim PWD=/home/jiao CLUTTER_IM_MODULE=xim XDG_DATA_DIRS=/usr/share/ubuntu:/usr/local/share:/usr/share:/var/lib/snapd/desktop XDG_CONFIG_DIRS=/etc/xdg/xdg-ubuntu:/etc/xdg GNOME_DESKTOP_SESSION_ID=this-is-deprecated XDG_MENU_PREFIX=gnome- SESSION_MANAGER=local/ubuntu:@/tmp/.ICE-unix/1383,unix/ubuntu:/tmp/.ICE-unix/1383 DESKTOP_AUTOSTART_ID=10f41d9ab5be5beec615880666199724200000013830005 GIO_LAUNCHED_DESKTOP_FILE=/etc/xdg/autostart/org.gnome.SettingsDaemon.Housekeeping.desktop GIO_LAUNCHED_DESKTOP_FILE_PID=1656
jiao          -  0.0    -      -     - -        Sl+  23:01   0:00 -
jiao          -  0.0    -      -     - -        Sl+  23:01   0:00 -
jiao          -  0.0    -      -     - -        Sl+  23:01   0:00 -
jiao          -  0.0    -      -     - -        Sl+  23:01   0:00 -
jiao       1659  0.0  0.7 516616 22712 tty2     -    23:01   0:00 /usr/lib/gnome-settings-daemon/gsd-keyboard USER=jiao TEXTDOMAIN=im-config XDG_SEAT=seat0 XDG_SESSION_TYPE=x11 SSH_AGENT_PID=1478 SHLVL=0 QT4_IM_MODULE=xim HOME=/home/jiao DESKTOP_SESSION=ubuntu GTK_MODULES=gail:atk-bridge GNOME_SHELL_SESSION_MODE=ubuntu DBUS_SESSION_BUS_ADDRESS=unix:path=/run/user/1000/bus IM_CONFIG_PHASE=2 LOGNAME=jiao GTK_IM_MODULE=ibus USERNAME=jiao XDG_SESSION_ID=2 WINDOWPATH=2 PATH=/usr/local/sbin:/usr/local/bin:/usr/sbin:/usr/bin:/sbin:/bin:/usr/games:/usr/local/games:/snap/bin XDG_RUNTIME_DIR=/run/user/1000 DISPLAY=:0 LANG=en_US.UTF-8 XDG_CURRENT_DESKTOP=ubuntu:GNOME XDG_SESSION_DESKTOP=ubuntu XMODIFIERS=@im=ibus XAUTHORITY=/run/user/1000/gdm/Xauthority SSH_AUTH_SOCK=/run/user/1000/keyring/ssh SHELL=/bin/bash QT_ACCESSIBILITY=1 GDMSESSION=ubuntu TEXTDOMAINDIR=/usr/share/locale/ GPG_AGENT_INFO=/run/user/1000/gnupg/S.gpg-agent:0:1 XDG_VTNR=2 QT_IM_MODULE=xim PWD=/home/jiao CLUTTER_IM_MODULE=xim XDG_DATA_DIRS=/usr/share/ubuntu:/usr/local/share:/usr/share:/var/lib/snapd/desktop XDG_CONFIG_DIRS=/etc/xdg/xdg-ubuntu:/etc/xdg GNOME_DESKTOP_SESSION_ID=this-is-deprecated XDG_MENU_PREFIX=gnome- SESSION_MANAGER=local/ubuntu:@/tmp/.ICE-unix/1383,unix/ubuntu:/tmp/.ICE-unix/1383 DESKTOP_AUTOSTART_ID=10f41d9ab5be5beec615880666199800200000013830006 GIO_LAUNCHED_DESKTOP_FILE=/etc/xdg/autostart/org.gnome.SettingsDaemon.Keyboard.desktop GIO_LAUNCHED_DESKTOP_FILE_PID=1659
jiao          -  0.0    -      -     - -        Sl+  23:01   0:00 -
jiao          -  0.0    -      -     - -        Sl+  23:01   0:00 -
jiao          -  0.0    -      -     - -        Sl+  23:01   0:00 -
jiao          -  0.0    -      -     - -        Sl+  23:01   0:00 -
jiao       1661  0.0  0.8 876824 24636 tty2     -    23:01   0:00 /usr/lib/gnome-settings-daemon/gsd-media-keys USER=jiao TEXTDOMAIN=im-config XDG_SEAT=seat0 XDG_SESSION_TYPE=x11 SSH_AGENT_PID=1478 SHLVL=0 QT4_IM_MODULE=xim HOME=/home/jiao DESKTOP_SESSION=ubuntu GTK_MODULES=gail:atk-bridge GNOME_SHELL_SESSION_MODE=ubuntu DBUS_SESSION_BUS_ADDRESS=unix:path=/run/user/1000/bus IM_CONFIG_PHASE=2 LOGNAME=jiao GTK_IM_MODULE=ibus USERNAME=jiao XDG_SESSION_ID=2 WINDOWPATH=2 PATH=/usr/local/sbin:/usr/local/bin:/usr/sbin:/usr/bin:/sbin:/bin:/usr/games:/usr/local/games:/snap/bin XDG_RUNTIME_DIR=/run/user/1000 DISPLAY=:0 LANG=en_US.UTF-8 XDG_CURRENT_DESKTOP=ubuntu:GNOME XDG_SESSION_DESKTOP=ubuntu XMODIFIERS=@im=ibus XAUTHORITY=/run/user/1000/gdm/Xauthority SSH_AUTH_SOCK=/run/user/1000/keyring/ssh SHELL=/bin/bash QT_ACCESSIBILITY=1 GDMSESSION=ubuntu TEXTDOMAINDIR=/usr/share/locale/ GPG_AGENT_INFO=/run/user/1000/gnupg/S.gpg-agent:0:1 XDG_VTNR=2 QT_IM_MODULE=xim PWD=/home/jiao CLUTTER_IM_MODULE=xim XDG_DATA_DIRS=/usr/share/ubuntu:/usr/local/share:/usr/share:/var/lib/snapd/desktop XDG_CONFIG_DIRS=/etc/xdg/xdg-ubuntu:/etc/xdg GNOME_DESKTOP_SESSION_ID=this-is-deprecated XDG_MENU_PREFIX=gnome- SESSION_MANAGER=local/ubuntu:@/tmp/.ICE-unix/1383,unix/ubuntu:/tmp/.ICE-unix/1383 DESKTOP_AUTOSTART_ID=10f41d9ab5be5beec615880666199870100000013830007 GIO_LAUNCHED_DESKTOP_FILE=/etc/xdg/autostart/org.gnome.SettingsDaemon.MediaKeys.desktop GIO_LAUNCHED_DESKTOP_FILE_PID=1661
jiao          -  0.0    -      -     - -        Sl+  23:01   0:00 -
jiao          -  0.0    -      -     - -        Sl+  23:01   0:00 -
jiao          -  0.0    -      -     - -        Sl+  23:01   0:00 -
jiao          -  0.0    -      -     - -        Sl+  23:01   0:00 -
jiao       1665  0.0  0.2 296644  8372 tty2     -    23:01   0:00 /usr/lib/gnome-settings-daemon/gsd-mouse USER=jiao TEXTDOMAIN=im-config XDG_SEAT=seat0 XDG_SESSION_TYPE=x11 SSH_AGENT_PID=1478 SHLVL=0 QT4_IM_MODULE=xim HOME=/home/jiao DESKTOP_SESSION=ubuntu GTK_MODULES=gail:atk-bridge GNOME_SHELL_SESSION_MODE=ubuntu DBUS_SESSION_BUS_ADDRESS=unix:path=/run/user/1000/bus IM_CONFIG_PHASE=2 LOGNAME=jiao GTK_IM_MODULE=ibus USERNAME=jiao XDG_SESSION_ID=2 WINDOWPATH=2 PATH=/usr/local/sbin:/usr/local/bin:/usr/sbin:/usr/bin:/sbin:/bin:/usr/games:/usr/local/games:/snap/bin XDG_RUNTIME_DIR=/run/user/1000 DISPLAY=:0 LANG=en_US.UTF-8 XDG_CURRENT_DESKTOP=ubuntu:GNOME XDG_SESSION_DESKTOP=ubuntu XMODIFIERS=@im=ibus XAUTHORITY=/run/user/1000/gdm/Xauthority SSH_AUTH_SOCK=/run/user/1000/keyring/ssh SHELL=/bin/bash QT_ACCESSIBILITY=1 GDMSESSION=ubuntu TEXTDOMAINDIR=/usr/share/locale/ GPG_AGENT_INFO=/run/user/1000/gnupg/S.gpg-agent:0:1 XDG_VTNR=2 QT_IM_MODULE=xim PWD=/home/jiao CLUTTER_IM_MODULE=xim XDG_DATA_DIRS=/usr/share/ubuntu:/usr/local/share:/usr/share:/var/lib/snapd/desktop XDG_CONFIG_DIRS=/etc/xdg/xdg-ubuntu:/etc/xdg GNOME_DESKTOP_SESSION_ID=this-is-deprecated XDG_MENU_PREFIX=gnome- SESSION_MANAGER=local/ubuntu:@/tmp/.ICE-unix/1383,unix/ubuntu:/tmp/.ICE-unix/1383 DESKTOP_AUTOSTART_ID=10f41d9ab5be5beec615880666199945800000013830008 GIO_LAUNCHED_DESKTOP_FILE=/etc/xdg/autostart/org.gnome.SettingsDaemon.Mouse.desktop GIO_LAUNCHED_DESKTOP_FILE_PID=1665
jiao          -  0.0    -      -     - -        Sl+  23:01   0:00 -
jiao          -  0.0    -      -     - -        Sl+  23:01   0:00 -
jiao          -  0.0    -      -     - -        Sl+  23:01   0:00 -
jiao          -  0.0    -      -     - -        Sl+  23:01   0:00 -
jiao       1684  0.0  0.4 508760 12520 tty2     -    23:01   0:00 /usr/lib/gnome-settings-daemon/gsd-printer USER=jiao TEXTDOMAIN=im-config XDG_SEAT=seat0 XDG_SESSION_TYPE=x11 SSH_AGENT_PID=1478 SHLVL=0 QT4_IM_MODULE=xim HOME=/home/jiao DESKTOP_SESSION=ubuntu GTK_MODULES=gail:atk-bridge GNOME_SHELL_SESSION_MODE=ubuntu DBUS_SESSION_BUS_ADDRESS=unix:path=/run/user/1000/bus IM_CONFIG_PHASE=2 LOGNAME=jiao GTK_IM_MODULE=ibus USERNAME=jiao XDG_SESSION_ID=2 WINDOWPATH=2 PATH=/usr/local/sbin:/usr/local/bin:/usr/sbin:/usr/bin:/sbin:/bin:/usr/games:/usr/local/games:/snap/bin XDG_RUNTIME_DIR=/run/user/1000 DISPLAY=:0 LANG=en_US.UTF-8 XDG_CURRENT_DESKTOP=ubuntu:GNOME XDG_SESSION_DESKTOP=ubuntu XMODIFIERS=@im=ibus XAUTHORITY=/run/user/1000/gdm/Xauthority SSH_AUTH_SOCK=/run/user/1000/keyring/ssh SHELL=/bin/bash QT_ACCESSIBILITY=1 GDMSESSION=ubuntu TEXTDOMAINDIR=/usr/share/locale/ GPG_AGENT_INFO=/run/user/1000/gnupg/S.gpg-agent:0:1 XDG_VTNR=2 QT_IM_MODULE=xim PWD=/home/jiao CLUTTER_IM_MODULE=xim XDG_DATA_DIRS=/usr/share/ubuntu:/usr/local/share:/usr/share:/var/lib/snapd/desktop XDG_CONFIG_DIRS=/etc/xdg/xdg-ubuntu:/etc/xdg GNOME_DESKTOP_SESSION_ID=this-is-deprecated XDG_MENU_PREFIX=gnome- SESSION_MANAGER=local/ubuntu:@/tmp/.ICE-unix/1383,unix/ubuntu:/tmp/.ICE-unix/1383 DESKTOP_AUTOSTART_ID=10f41d9ab5be5beec6158806661910107300000013830010 GIO_LAUNCHED_DESKTOP_FILE=/etc/xdg/autostart/org.gnome.SettingsDaemon.PrintNotifications.desktop GIO_LAUNCHED_DESKTOP_FILE_PID=1620
jiao          -  0.0    -      -     - -        Sl+  23:01   0:00 -
jiao          -  0.0    -      -     - -        Sl+  23:01   0:00 -
jiao          -  0.0    -      -     - -        Sl+  23:01   0:00 -
jiao       1718  0.0  0.2 271932  6112 tty2     -    23:01   0:00 /usr/lib/gnome-disk-utility/gsd-disk-utility-notify USER=jiao TEXTDOMAIN=im-config XDG_SEAT=seat0 XDG_SESSION_TYPE=x11 SSH_AGENT_PID=1478 SHLVL=0 QT4_IM_MODULE=xim HOME=/home/jiao DESKTOP_SESSION=ubuntu GTK_MODULES=gail:atk-bridge GNOME_SHELL_SESSION_MODE=ubuntu DBUS_SESSION_BUS_ADDRESS=unix:path=/run/user/1000/bus IM_CONFIG_PHASE=2 LOGNAME=jiao GTK_IM_MODULE=ibus USERNAME=jiao XDG_SESSION_ID=2 WINDOWPATH=2 PATH=/usr/local/sbin:/usr/local/bin:/usr/sbin:/usr/bin:/sbin:/bin:/usr/games:/usr/local/games:/snap/bin XDG_RUNTIME_DIR=/run/user/1000 DISPLAY=:0 LANG=en_US.UTF-8 XDG_CURRENT_DESKTOP=ubuntu:GNOME XDG_SESSION_DESKTOP=ubuntu XMODIFIERS=@im=ibus XAUTHORITY=/run/user/1000/gdm/Xauthority SSH_AUTH_SOCK=/run/user/1000/keyring/ssh SHELL=/bin/bash QT_ACCESSIBILITY=1 GDMSESSION=ubuntu TEXTDOMAINDIR=/usr/share/locale/ GPG_AGENT_INFO=/run/user/1000/gnupg/S.gpg-agent:0:1 XDG_VTNR=2 QT_IM_MODULE=xim PWD=/home/jiao CLUTTER_IM_MODULE=xim XDG_DATA_DIRS=/usr/share/ubuntu:/usr/local/share:/usr/share:/var/lib/snapd/desktop XDG_CONFIG_DIRS=/etc/xdg/xdg-ubuntu:/etc/xdg GNOME_DESKTOP_SESSION_ID=this-is-deprecated XDG_MENU_PREFIX=gnome- SESSION_MANAGER=local/ubuntu:@/tmp/.ICE-unix/1383,unix/ubuntu:/tmp/.ICE-unix/1383 DESKTOP_AUTOSTART_ID=10f41d9ab5be5beec6158806661912187900000013830034 GIO_LAUNCHED_DESKTOP_FILE=/etc/xdg/autostart/org.gnome.SettingsDaemon.DiskUtilityNotify.desktop GIO_LAUNCHED_DESKTOP_FILE_PID=1718
jiao          -  0.0    -      -     - -        Sl+  23:01   0:00 -
jiao          -  0.0    -      -     - -        Sl+  23:01   0:00 -
jiao          -  0.0    -      -     - -        Sl+  23:01   0:00 -
jiao       1719  0.1  1.1 528212 35288 tty2     -    23:01   0:02 /usr/bin/vmtoolsd -n vmusr --blockFd 3 USER=jiao TEXTDOMAIN=im-config XDG_SEAT=seat0 XDG_SESSION_TYPE=x11 SSH_AGENT_PID=1478 SHLVL=0 QT4_IM_MODULE=xim HOME=/home/jiao DESKTOP_SESSION=ubuntu GTK_MODULES=gail:atk-bridge GNOME_SHELL_SESSION_MODE=ubuntu DBUS_SESSION_BUS_ADDRESS=unix:path=/run/user/1000/bus IM_CONFIG_PHASE=2 LOGNAME=jiao GTK_IM_MODULE=ibus USERNAME=jiao XDG_SESSION_ID=2 WINDOWPATH=2 PATH=/usr/local/sbin:/usr/local/bin:/usr/sbin:/usr/bin:/sbin:/bin:/usr/games:/usr/local/games:/snap/bin XDG_RUNTIME_DIR=/run/user/1000 DISPLAY=:0 LANG=en_US.UTF-8 XDG_CURRENT_DESKTOP=ubuntu:GNOME XDG_SESSION_DESKTOP=ubuntu XMODIFIERS=@im=ibus XAUTHORITY=/run/user/1000/gdm/Xauthority SSH_AUTH_SOCK=/run/user/1000/keyring/ssh SHELL=/bin/bash QT_ACCESSIBILITY=1 GDMSESSION=ubuntu TEXTDOMAINDIR=/usr/share/locale/ GPG_AGENT_INFO=/run/user/1000/gnupg/S.gpg-agent:0:1 XDG_VTNR=2 QT_IM_MODULE=xim PWD=/home/jiao CLUTTER_IM_MODULE=xim XDG_DATA_DIRS=/usr/share/ubuntu:/usr/local/share:/usr/share:/var/lib/snapd/desktop XDG_CONFIG_DIRS=/etc/xdg/xdg-ubuntu:/etc/xdg GNOME_DESKTOP_SESSION_ID=this-is-deprecated XDG_MENU_PREFIX=gnome- SESSION_MANAGER=local/ubuntu:@/tmp/.ICE-unix/1383,unix/ubuntu:/tmp/.ICE-unix/1383 DESKTOP_AUTOSTART_ID=10f41d9ab5be5beec6158806661911672300000013830029 GIO_LAUNCHED_DESKTOP_FILE=/etc/xdg/autostart/vmware-user.desktop GIO_LAUNCHED_DESKTOP_FILE_PID=1717
jiao          -  0.1    -      -     - -        Sl+  23:01   0:02 -
jiao          -  0.0    -      -     - -        Sl+  23:01   0:00 -
jiao          -  0.0    -      -     - -        Sl+  23:01   0:00 -
jiao          -  0.0    -      -     - -        Sl+  23:01   0:00 -
jiao       1721  0.0  1.6 993532 50264 tty2     -    23:01   0:01 nautilus-desktop USER=jiao TEXTDOMAIN=im-config XDG_SEAT=seat0 XDG_SESSION_TYPE=x11 SSH_AGENT_PID=1478 SHLVL=0 QT4_IM_MODULE=xim HOME=/home/jiao DESKTOP_SESSION=ubuntu GTK_MODULES=gail:atk-bridge GNOME_SHELL_SESSION_MODE=ubuntu DBUS_SESSION_BUS_ADDRESS=unix:path=/run/user/1000/bus IM_CONFIG_PHASE=2 LOGNAME=jiao GTK_IM_MODULE=ibus USERNAME=jiao XDG_SESSION_ID=2 WINDOWPATH=2 PATH=/usr/local/sbin:/usr/local/bin:/usr/sbin:/usr/bin:/sbin:/bin:/usr/games:/usr/local/games:/snap/bin XDG_RUNTIME_DIR=/run/user/1000 DISPLAY=:0 LANG=en_US.UTF-8 XDG_CURRENT_DESKTOP=ubuntu:GNOME XDG_SESSION_DESKTOP=ubuntu XMODIFIERS=@im=ibus XAUTHORITY=/run/user/1000/gdm/Xauthority SSH_AUTH_SOCK=/run/user/1000/keyring/ssh SHELL=/bin/bash QT_ACCESSIBILITY=1 GDMSESSION=ubuntu TEXTDOMAINDIR=/usr/share/locale/ GPG_AGENT_INFO=/run/user/1000/gnupg/S.gpg-agent:0:1 XDG_VTNR=2 QT_IM_MODULE=xim PWD=/home/jiao CLUTTER_IM_MODULE=xim XDG_DATA_DIRS=/usr/share/ubuntu:/usr/local/share:/usr/share:/var/lib/snapd/desktop XDG_CONFIG_DIRS=/etc/xdg/xdg-ubuntu:/etc/xdg GNOME_DESKTOP_SESSION_ID=this-is-deprecated XDG_MENU_PREFIX=gnome- SESSION_MANAGER=local/ubuntu:@/tmp/.ICE-unix/1383,unix/ubuntu:/tmp/.ICE-unix/1383 DESKTOP_AUTOSTART_ID=10f41d9ab5be5beec6158806661911159200000013830021 GIO_LAUNCHED_DESKTOP_FILE=/etc/xdg/autostart/nautilus-autostart.desktop GIO_LAUNCHED_DESKTOP_FILE_PID=1721
jiao          -  0.0    -      -     - -        Sl+  23:01   0:01 -
jiao          -  0.0    -      -     - -        Sl+  23:01   0:00 -
jiao          -  0.0    -      -     - -        Sl+  23:01   0:00 -
jiao          -  0.0    -      -     - -        Sl+  23:01   0:00 -
jiao       1741  0.0  0.3 384140  9972 ?        -    23:01   0:00 /usr/lib/gvfs/gvfsd-trash --spawner :1.7 /org/gtk/gvfs/exec_spaw/0 CLUTTER_IM_MODULE=xim DBUS_SESSION_BUS_ADDRESS=unix:path=/run/user/1000/bus DESKTOP_SESSION=ubuntu DISPLAY=:0 GDMSESSION=ubuntu GPG_AGENT_INFO=/run/user/1000/gnupg/S.gpg-agent:0:1 GTK_IM_MODULE=ibus GTK_MODULES=gail:atk-bridge HOME=/home/jiao IM_CONFIG_PHASE=2 LANG=en_US.UTF-8 LOGNAME=jiao PATH=/usr/local/sbin:/usr/local/bin:/usr/sbin:/usr/bin:/sbin:/bin:/usr/games:/usr/local/games:/snap/bin PWD=/home/jiao QT4_IM_MODULE=xim QT_ACCESSIBILITY=1 QT_IM_MODULE=xim SHELL=/bin/bash SHLVL=1 TEXTDOMAIN=im-config TEXTDOMAINDIR=/usr/share/locale/ USER=jiao USERNAME=jiao WINDOWPATH=2 XAUTHORITY=/run/user/1000/gdm/Xauthority XDG_CONFIG_DIRS=/etc/xdg/xdg-ubuntu:/etc/xdg XDG_CURRENT_DESKTOP=ubuntu:GNOME XDG_DATA_DIRS=/usr/share/ubuntu:/usr/local/share:/usr/share:/var/lib/snapd/desktop XDG_RUNTIME_DIR=/run/user/1000 XDG_SESSION_DESKTOP=ubuntu XDG_SESSION_TYPE=x11 XMODIFIERS=@im=ibus _=/usr/bin/dbus-update-activation-environment MANAGERPID=1352 INVOCATION_ID=a3531fa4d8984508b3f46a814d1b42b5 JOURNAL_STREAM=9:47108
jiao          -  0.0    -      -     - -        Sl   23:01   0:00 -
jiao          -  0.0    -      -     - -        Sl   23:01   0:00 -
jiao          -  0.0    -      -     - -        Sl   23:01   0:00 -
jiao       1754  0.0  2.2 894324 67188 ?        -    23:01   0:00 /usr/lib/evolution/evolution-calendar-factory CLUTTER_IM_MODULE=xim DBUS_SESSION_BUS_ADDRESS=unix:path=/run/user/1000/bus DESKTOP_SESSION=ubuntu DISPLAY=:0 GDMSESSION=ubuntu GNOME_DESKTOP_SESSION_ID=this-is-deprecated GNOME_SHELL_SESSION_MODE=ubuntu GPG_AGENT_INFO=/run/user/1000/gnupg/S.gpg-agent:0:1 GTK_IM_MODULE=ibus GTK_MODULES=gail:atk-bridge HOME=/home/jiao IM_CONFIG_PHASE=2 LANG=en_US.UTF-8 LOGNAME=jiao PATH=/usr/local/sbin:/usr/local/bin:/usr/sbin:/usr/bin:/sbin:/bin:/usr/games:/usr/local/games:/snap/bin PWD=/home/jiao QT4_IM_MODULE=xim QT_ACCESSIBILITY=1 QT_IM_MODULE=xim SESSION_MANAGER=local/ubuntu:@/tmp/.ICE-unix/1383,unix/ubuntu:/tmp/.ICE-unix/1383 SHELL=/bin/bash SHLVL=0 SSH_AGENT_PID=1478 SSH_AUTH_SOCK=/run/user/1000/keyring/ssh TEXTDOMAIN=im-config TEXTDOMAINDIR=/usr/share/locale/ USER=jiao USERNAME=jiao WINDOWPATH=2 XAUTHORITY=/run/user/1000/gdm/Xauthority XDG_CONFIG_DIRS=/etc/xdg/xdg-ubuntu:/etc/xdg XDG_CURRENT_DESKTOP=ubuntu:GNOME XDG_DATA_DIRS=/usr/share/ubuntu:/usr/local/share:/usr/share:/var/lib/snapd/desktop XDG_MENU_PREFIX=gnome- XDG_RUNTIME_DIR=/run/user/1000 XDG_SEAT=seat0 XDG_SESSION_DESKTOP=ubuntu XDG_SESSION_ID=2 XDG_SESSION_TYPE=x11 XDG_VTNR=2 XMODIFIERS=@im=ibus _=/usr/bin/dbus-update-activation-environment MANAGERPID=1352 INVOCATION_ID=f1abddf0e6374759829034bfa0a16231 JOURNAL_STREAM=9:49352
jiao          -  0.0    -      -     - -        Ssl  23:01   0:00 -
jiao          -  0.0    -      -     - -        Ssl  23:01   0:00 -
jiao          -  0.0    -      -     - -        Ssl  23:01   0:00 -
jiao          -  0.0    -      -     - -        Ssl  23:01   0:00 -
jiao          -  0.0    -      -     - -        Ssl  23:01   0:00 -
jiao       1766  0.0  2.0 945976 62820 ?        -    23:01   0:00 /usr/lib/evolution/evolution-calendar-factory-subprocess --factory all --bus-name org.gnome.evolution.dataserver.Subprocess.Backend.Calendarx1754x2 --own-path /org/gnome/evolution/dataserver/Subprocess/Backend/Calendar/1754/2 CLUTTER_IM_MODULE=xim DBUS_SESSION_BUS_ADDRESS=unix:path=/run/user/1000/bus DESKTOP_SESSION=ubuntu DISPLAY=:0 GDMSESSION=ubuntu GNOME_DESKTOP_SESSION_ID=this-is-deprecated GNOME_SHELL_SESSION_MODE=ubuntu GPG_AGENT_INFO=/run/user/1000/gnupg/S.gpg-agent:0:1 GTK_IM_MODULE=ibus GTK_MODULES=gail:atk-bridge HOME=/home/jiao IM_CONFIG_PHASE=2 LANG=en_US.UTF-8 LOGNAME=jiao PATH=/usr/local/sbin:/usr/local/bin:/usr/sbin:/usr/bin:/sbin:/bin:/usr/games:/usr/local/games:/snap/bin PWD=/home/jiao QT4_IM_MODULE=xim QT_ACCESSIBILITY=1 QT_IM_MODULE=xim SESSION_MANAGER=local/ubuntu:@/tmp/.ICE-unix/1383,unix/ubuntu:/tmp/.ICE-unix/1383 SHELL=/bin/bash SHLVL=0 SSH_AGENT_PID=1478 SSH_AUTH_SOCK=/run/user/1000/keyring/ssh TEXTDOMAIN=im-config TEXTDOMAINDIR=/usr/share/locale/ USER=jiao USERNAME=jiao WINDOWPATH=2 XAUTHORITY=/run/user/1000/gdm/Xauthority XDG_CONFIG_DIRS=/etc/xdg/xdg-ubuntu:/etc/xdg XDG_CURRENT_DESKTOP=ubuntu:GNOME XDG_DATA_DIRS=/usr/share/ubuntu:/usr/local/share:/usr/share:/var/lib/snapd/desktop XDG_MENU_PREFIX=gnome- XDG_RUNTIME_DIR=/run/user/1000 XDG_SEAT=seat0 XDG_SESSION_DESKTOP=ubuntu XDG_SESSION_ID=2 XDG_SESSION_TYPE=x11 XDG_VTNR=2 XMODIFIERS=@im=ibus _=/usr/bin/dbus-update-activation-environment MANAGERPID=1352 INVOCATION_ID=f1abddf0e6374759829034bfa0a16231 JOURNAL_STREAM=9:49352
jiao          -  0.0    -      -     - -        Sl   23:01   0:00 -
jiao          -  0.0    -      -     - -        Sl   23:01   0:00 -
jiao          -  0.0    -      -     - -        Sl   23:01   0:00 -
jiao          -  0.0    -      -     - -        Sl   23:01   0:00 -
jiao          -  0.0    -      -     - -        Sl   23:01   0:00 -
jiao          -  0.0    -      -     - -        Sl   23:01   0:00 -
jiao          -  0.0    -      -     - -        Sl   23:01   0:00 -
jiao          -  0.0    -      -     - -        Sl   23:01   0:00 -
jiao          -  0.0    -      -     - -        Sl   23:01   0:00 -
jiao       1769  0.0  0.1 187904  5148 ?        -    23:01   0:00 /usr/lib/dconf/dconf-service SHELL=/bin/bash DBUS_STARTER_ADDRESS=unix:path=/run/user/1000/bus,guid=0f012ca098a95fc8d9ddebd95ea7f939 TEXTDOMAIN=im-config CLUTTER_IM_MODULE=xim XDG_CURRENT_DESKTOP=ubuntu:GNOME QT_ACCESSIBILITY=1 XDG_RUNTIME_DIR=/run/user/1000 DISPLAY=:0 DESKTOP_SESSION=ubuntu SESSION_MANAGER=local/ubuntu:@/tmp/.ICE-unix/1383,unix/ubuntu:/tmp/.ICE-unix/1383 SSH_AUTH_SOCK=/run/user/1000/keyring/ssh XMODIFIERS=@im=ibus WINDOWPATH=2 PATH=/usr/local/sbin:/usr/local/bin:/usr/sbin:/usr/bin:/sbin:/bin:/usr/games:/usr/local/games:/snap/bin GNOME_DESKTOP_SESSION_ID=this-is-deprecated XDG_VTNR=2 GTK_IM_MODULE=ibus GDMSESSION=ubuntu USERNAME=jiao GTK_MODULES=gail:atk-bridge XDG_DATA_DIRS=/usr/share/ubuntu:/usr/local/share:/usr/share:/var/lib/snapd/desktop XDG_SESSION_TYPE=x11 XDG_SESSION_ID=2 JOURNAL_STREAM=9:46924 XDG_SEAT=seat0 GPG_AGENT_INFO=/run/user/1000/gnupg/S.gpg-agent:0:1 IM_CONFIG_PHASE=2 QT4_IM_MODULE=xim DBUS_SESSION_BUS_ADDRESS=unix:path=/run/user/1000/bus,guid=0f012ca098a95fc8d9ddebd95ea7f939 GNOME_SHELL_SESSION_MODE=ubuntu SSH_AGENT_PID=1478 INVOCATION_ID=264b5e1d2b3247f28fa919c71ebde339 QT_IM_MODULE=xim XAUTHORITY=/run/user/1000/gdm/Xauthority USER=jiao DBUS_STARTER_BUS_TYPE=session TEXTDOMAINDIR=/usr/share/locale/ SHLVL=0 PWD=/home/jiao XDG_MENU_PREFIX=gnome- LANG=en_US.UTF-8 MANAGERPID=1352 _=/usr/bin/dbus-update-activation-environment XDG_CONFIG_DIRS=/etc/xdg/xdg-ubuntu:/etc/xdg XDG_SESSION_DESKTOP=ubuntu HOME=/home/jiao LOGNAME=jiao
jiao          -  0.0    -      -     - -        Sl   23:01   0:00 -
jiao          -  0.0    -      -     - -        Sl   23:01   0:00 -
jiao          -  0.0    -      -     - -        Sl   23:01   0:00 -
jiao       1783  0.0  0.7 734968 24240 ?        -    23:01   0:00 /usr/lib/evolution/evolution-addressbook-factory CLUTTER_IM_MODULE=xim DBUS_SESSION_BUS_ADDRESS=unix:path=/run/user/1000/bus DESKTOP_SESSION=ubuntu DISPLAY=:0 GDMSESSION=ubuntu GNOME_DESKTOP_SESSION_ID=this-is-deprecated GNOME_SHELL_SESSION_MODE=ubuntu GPG_AGENT_INFO=/run/user/1000/gnupg/S.gpg-agent:0:1 GTK_IM_MODULE=ibus GTK_MODULES=gail:atk-bridge HOME=/home/jiao IM_CONFIG_PHASE=2 LANG=en_US.UTF-8 LOGNAME=jiao PATH=/usr/local/sbin:/usr/local/bin:/usr/sbin:/usr/bin:/sbin:/bin:/usr/games:/usr/local/games:/snap/bin PWD=/home/jiao QT4_IM_MODULE=xim QT_ACCESSIBILITY=1 QT_IM_MODULE=xim SESSION_MANAGER=local/ubuntu:@/tmp/.ICE-unix/1383,unix/ubuntu:/tmp/.ICE-unix/1383 SHELL=/bin/bash SHLVL=0 SSH_AGENT_PID=1478 SSH_AUTH_SOCK=/run/user/1000/keyring/ssh TEXTDOMAIN=im-config TEXTDOMAINDIR=/usr/share/locale/ USER=jiao USERNAME=jiao WINDOWPATH=2 XAUTHORITY=/run/user/1000/gdm/Xauthority XDG_CONFIG_DIRS=/etc/xdg/xdg-ubuntu:/etc/xdg XDG_CURRENT_DESKTOP=ubuntu:GNOME XDG_DATA_DIRS=/usr/share/ubuntu:/usr/local/share:/usr/share:/var/lib/snapd/desktop XDG_MENU_PREFIX=gnome- XDG_RUNTIME_DIR=/run/user/1000 XDG_SEAT=seat0 XDG_SESSION_DESKTOP=ubuntu XDG_SESSION_ID=2 XDG_SESSION_TYPE=x11 XDG_VTNR=2 XMODIFIERS=@im=ibus _=/usr/bin/dbus-update-activation-environment MANAGERPID=1352 INVOCATION_ID=dc4af1e6763b4a1383f7b3f0a63f6470 JOURNAL_STREAM=9:49462
jiao          -  0.0    -      -     - -        Ssl  23:01   0:00 -
jiao          -  0.0    -      -     - -        Ssl  23:01   0:00 -
jiao          -  0.0    -      -     - -        Ssl  23:01   0:00 -
jiao          -  0.0    -      -     - -        Ssl  23:01   0:00 -
jiao          -  0.0    -      -     - -        Ssl  23:01   0:00 -
jiao       1792  0.0  0.8 892896 26868 ?        -    23:01   0:00 /usr/lib/evolution/evolution-addressbook-factory-subprocess --factory all --bus-name org.gnome.evolution.dataserver.Subprocess.Backend.AddressBookx1783x2 --own-path /org/gnome/evolution/dataserver/Subprocess/Backend/AddressBook/1783/2 CLUTTER_IM_MODULE=xim DBUS_SESSION_BUS_ADDRESS=unix:path=/run/user/1000/bus DESKTOP_SESSION=ubuntu DISPLAY=:0 GDMSESSION=ubuntu GNOME_DESKTOP_SESSION_ID=this-is-deprecated GNOME_SHELL_SESSION_MODE=ubuntu GPG_AGENT_INFO=/run/user/1000/gnupg/S.gpg-agent:0:1 GTK_IM_MODULE=ibus GTK_MODULES=gail:atk-bridge HOME=/home/jiao IM_CONFIG_PHASE=2 LANG=en_US.UTF-8 LOGNAME=jiao PATH=/usr/local/sbin:/usr/local/bin:/usr/sbin:/usr/bin:/sbin:/bin:/usr/games:/usr/local/games:/snap/bin PWD=/home/jiao QT4_IM_MODULE=xim QT_ACCESSIBILITY=1 QT_IM_MODULE=xim SESSION_MANAGER=local/ubuntu:@/tmp/.ICE-unix/1383,unix/ubuntu:/tmp/.ICE-unix/1383 SHELL=/bin/bash SHLVL=0 SSH_AGENT_PID=1478 SSH_AUTH_SOCK=/run/user/1000/keyring/ssh TEXTDOMAIN=im-config TEXTDOMAINDIR=/usr/share/locale/ USER=jiao USERNAME=jiao WINDOWPATH=2 XAUTHORITY=/run/user/1000/gdm/Xauthority XDG_CONFIG_DIRS=/etc/xdg/xdg-ubuntu:/etc/xdg XDG_CURRENT_DESKTOP=ubuntu:GNOME XDG_DATA_DIRS=/usr/share/ubuntu:/usr/local/share:/usr/share:/var/lib/snapd/desktop XDG_MENU_PREFIX=gnome- XDG_RUNTIME_DIR=/run/user/1000 XDG_SEAT=seat0 XDG_SESSION_DESKTOP=ubuntu XDG_SESSION_ID=2 XDG_SESSION_TYPE=x11 XDG_VTNR=2 XMODIFIERS=@im=ibus _=/usr/bin/dbus-update-activation-environment MANAGERPID=1352 INVOCATION_ID=dc4af1e6763b4a1383f7b3f0a63f6470 JOURNAL_STREAM=9:49462
jiao          -  0.0    -      -     - -        Sl   23:01   0:00 -
jiao          -  0.0    -      -     - -        Sl   23:01   0:00 -
jiao          -  0.0    -      -     - -        Sl   23:01   0:00 -
jiao          -  0.0    -      -     - -        Sl   23:01   0:00 -
jiao          -  0.0    -      -     - -        Sl   23:01   0:00 -
jiao          -  0.0    -      -     - -        Sl   23:01   0:00 -
jiao       1805  0.0  0.2 220928  7832 tty2     -    23:01   0:00 /usr/lib/ibus/ibus-engine-simple USER=jiao TEXTDOMAIN=im-config XDG_SEAT=seat0 XDG_SESSION_TYPE=x11 SSH_AGENT_PID=1478 SHLVL=0 QT4_IM_MODULE=xim HOME=/home/jiao DESKTOP_SESSION=ubuntu GTK_MODULES=gail:atk-bridge GNOME_SHELL_SESSION_MODE=ubuntu DBUS_SESSION_BUS_ADDRESS=unix:path=/run/user/1000/bus IM_CONFIG_PHASE=2 LOGNAME=jiao GTK_IM_MODULE=ibus USERNAME=jiao XDG_SESSION_ID=2 WINDOWPATH=2 PATH=/usr/local/sbin:/usr/local/bin:/usr/sbin:/usr/bin:/sbin:/bin:/usr/games:/usr/local/games:/snap/bin XDG_RUNTIME_DIR=/run/user/1000 DISPLAY=:0 LANG=en_US.UTF-8 XDG_CURRENT_DESKTOP=ubuntu:GNOME XDG_SESSION_DESKTOP=ubuntu XMODIFIERS=@im=ibus XAUTHORITY=/run/user/1000/gdm/Xauthority SSH_AUTH_SOCK=/run/user/1000/keyring/ssh SHELL=/bin/bash QT_ACCESSIBILITY=1 GDMSESSION=ubuntu TEXTDOMAINDIR=/usr/share/locale/ GPG_AGENT_INFO=/run/user/1000/gnupg/S.gpg-agent:0:1 XDG_VTNR=2 QT_IM_MODULE=xim PWD=/home/jiao CLUTTER_IM_MODULE=xim XDG_DATA_DIRS=/usr/share/ubuntu:/usr/local/share:/usr/share:/var/lib/snapd/desktop XDG_CONFIG_DIRS=/etc/xdg/xdg-ubuntu:/etc/xdg GNOME_DESKTOP_SESSION_ID=this-is-deprecated XDG_MENU_PREFIX=gnome- SESSION_MANAGER=local/ubuntu:@/tmp/.ICE-unix/1383,unix/ubuntu:/tmp/.ICE-unix/1383 DESKTOP_AUTOSTART_ID=10f41d9ab5be5beec615880666199299700000013830000 GIO_LAUNCHED_DESKTOP_FILE=/usr/share/applications/org.gnome.Shell.desktop GIO_LAUNCHED_DESKTOP_FILE_PID=1518 GJS_DEBUG_OUTPUT=stderr GJS_DEBUG_TOPICS=JS ERROR;JS LOG
jiao          -  0.0    -      -     - -        Sl   23:01   0:00 -
jiao          -  0.0    -      -     - -        Sl   23:01   0:00 -
jiao          -  0.0    -      -     - -        Sl   23:01   0:00 -
jiao       1820  0.0  0.1 204504  5776 ?        -    23:01   0:00 /usr/lib/gvfs/gvfsd-metadata CLUTTER_IM_MODULE=xim DBUS_SESSION_BUS_ADDRESS=unix:path=/run/user/1000/bus DESKTOP_SESSION=ubuntu DISPLAY=:0 GDMSESSION=ubuntu GNOME_DESKTOP_SESSION_ID=this-is-deprecated GNOME_SHELL_SESSION_MODE=ubuntu GPG_AGENT_INFO=/run/user/1000/gnupg/S.gpg-agent:0:1 GTK_IM_MODULE=ibus GTK_MODULES=gail:atk-bridge HOME=/home/jiao IM_CONFIG_PHASE=2 LANG=en_US.UTF-8 LOGNAME=jiao PATH=/usr/local/sbin:/usr/local/bin:/usr/sbin:/usr/bin:/sbin:/bin:/usr/games:/usr/local/games:/snap/bin PWD=/home/jiao QT4_IM_MODULE=xim QT_ACCESSIBILITY=1 QT_IM_MODULE=xim SESSION_MANAGER=local/ubuntu:@/tmp/.ICE-unix/1383,unix/ubuntu:/tmp/.ICE-unix/1383 SHELL=/bin/bash SHLVL=0 SSH_AGENT_PID=1478 SSH_AUTH_SOCK=/run/user/1000/keyring/ssh TEXTDOMAIN=im-config TEXTDOMAINDIR=/usr/share/locale/ USER=jiao USERNAME=jiao WINDOWPATH=2 XAUTHORITY=/run/user/1000/gdm/Xauthority XDG_CONFIG_DIRS=/etc/xdg/xdg-ubuntu:/etc/xdg XDG_CURRENT_DESKTOP=ubuntu:GNOME XDG_DATA_DIRS=/usr/share/ubuntu:/usr/local/share:/usr/share:/var/lib/snapd/desktop XDG_MENU_PREFIX=gnome- XDG_RUNTIME_DIR=/run/user/1000 XDG_SEAT=seat0 XDG_SESSION_DESKTOP=ubuntu XDG_SESSION_ID=2 XDG_SESSION_TYPE=x11 XDG_VTNR=2 XMODIFIERS=@im=ibus _=/usr/bin/dbus-update-activation-environment MANAGERPID=1352 INVOCATION_ID=cd1b08a2fff5414a8b8a17ebb564ee25 JOURNAL_STREAM=9:49623
jiao          -  0.0    -      -     - -        Ssl  23:01   0:00 -
jiao          -  0.0    -      -     - -        Ssl  23:01   0:00 -
jiao          -  0.0    -      -     - -        Ssl  23:01   0:00 -
jiao       1827  0.0  0.9 680828 28404 tty2     -    23:02   0:00 update-notifier USER=jiao TEXTDOMAIN=im-config XDG_SEAT=seat0 XDG_SESSION_TYPE=x11 SSH_AGENT_PID=1478 SHLVL=0 QT4_IM_MODULE=xim HOME=/home/jiao DESKTOP_SESSION=ubuntu GTK_MODULES=gail:atk-bridge GNOME_SHELL_SESSION_MODE=ubuntu DBUS_SESSION_BUS_ADDRESS=unix:path=/run/user/1000/bus IM_CONFIG_PHASE=2 LOGNAME=jiao GTK_IM_MODULE=ibus USERNAME=jiao XDG_SESSION_ID=2 WINDOWPATH=2 PATH=/usr/local/sbin:/usr/local/bin:/usr/sbin:/usr/bin:/sbin:/bin:/usr/games:/usr/local/games:/snap/bin XDG_RUNTIME_DIR=/run/user/1000 DISPLAY=:0 LANG=en_US.UTF-8 XDG_CURRENT_DESKTOP=ubuntu:GNOME XDG_SESSION_DESKTOP=ubuntu XMODIFIERS=@im=ibus XAUTHORITY=/run/user/1000/gdm/Xauthority SSH_AUTH_SOCK=/run/user/1000/keyring/ssh SHELL=/bin/bash QT_ACCESSIBILITY=1 GDMSESSION=ubuntu TEXTDOMAINDIR=/usr/share/locale/ GPG_AGENT_INFO=/run/user/1000/gnupg/S.gpg-agent:0:1 XDG_VTNR=2 QT_IM_MODULE=xim PWD=/home/jiao CLUTTER_IM_MODULE=xim XDG_DATA_DIRS=/usr/share/ubuntu:/usr/local/share:/usr/share:/var/lib/snapd/desktop XDG_CONFIG_DIRS=/etc/xdg/xdg-ubuntu:/etc/xdg GNOME_DESKTOP_SESSION_ID=this-is-deprecated XDG_MENU_PREFIX=gnome- SESSION_MANAGER=local/ubuntu:@/tmp/.ICE-unix/1383,unix/ubuntu:/tmp/.ICE-unix/1383 DESKTOP_AUTOSTART_ID=10f41d9ab5be5beec6158806661912011100000013830032 GIO_LAUNCHED_DESKTOP_FILE=/etc/xdg/autostart/update-notifier.desktop GIO_LAUNCHED_DESKTOP_FILE_PID=1827
jiao          -  0.0    -      -     - -        Sl+  23:02   0:00 -
jiao          -  0.0    -      -     - -        Sl+  23:02   0:00 -
jiao          -  0.0    -      -     - -        Sl+  23:02   0:00 -
jiao          -  0.0    -      -     - -        Sl+  23:02   0:00 -
jiao       1829  0.1  5.1 1086124 156116 tty2   -    23:02   0:05 /usr/bin/gnome-software --gapplication-service USER=jiao TEXTDOMAIN=im-config XDG_SEAT=seat0 XDG_SESSION_TYPE=x11 SSH_AGENT_PID=1478 SHLVL=0 QT4_IM_MODULE=xim HOME=/home/jiao DESKTOP_SESSION=ubuntu GTK_MODULES=gail:atk-bridge GNOME_SHELL_SESSION_MODE=ubuntu DBUS_SESSION_BUS_ADDRESS=unix:path=/run/user/1000/bus IM_CONFIG_PHASE=2 LOGNAME=jiao GTK_IM_MODULE=ibus USERNAME=jiao XDG_SESSION_ID=2 WINDOWPATH=2 PATH=/usr/local/sbin:/usr/local/bin:/usr/sbin:/usr/bin:/sbin:/bin:/usr/games:/usr/local/games:/snap/bin XDG_RUNTIME_DIR=/run/user/1000 DISPLAY=:0 LANG=en_US.UTF-8 XDG_CURRENT_DESKTOP=ubuntu:GNOME XDG_SESSION_DESKTOP=ubuntu XMODIFIERS=@im=ibus XAUTHORITY=/run/user/1000/gdm/Xauthority SSH_AUTH_SOCK=/run/user/1000/keyring/ssh SHELL=/bin/bash QT_ACCESSIBILITY=1 GDMSESSION=ubuntu TEXTDOMAINDIR=/usr/share/locale/ GPG_AGENT_INFO=/run/user/1000/gnupg/S.gpg-agent:0:1 XDG_VTNR=2 QT_IM_MODULE=xim PWD=/home/jiao CLUTTER_IM_MODULE=xim XDG_DATA_DIRS=/usr/share/ubuntu:/usr/local/share:/usr/share:/var/lib/snapd/desktop XDG_CONFIG_DIRS=/etc/xdg/xdg-ubuntu:/etc/xdg GNOME_DESKTOP_SESSION_ID=this-is-deprecated XDG_MENU_PREFIX=gnome- SESSION_MANAGER=local/ubuntu:@/tmp/.ICE-unix/1383,unix/ubuntu:/tmp/.ICE-unix/1383 DESKTOP_AUTOSTART_ID=10f41d9ab5be5beec6158806661913049100000013830043 GIO_LAUNCHED_DESKTOP_FILE=/etc/xdg/autostart/gnome-software-service.desktop GIO_LAUNCHED_DESKTOP_FILE_PID=1829
jiao          -  0.0    -      -     - -        SLl+ 23:02   0:02 -
jiao          -  0.0    -      -     - -        SLl+ 23:02   0:00 -
jiao          -  0.0    -      -     - -        SLl+ 23:02   0:00 -
jiao          -  0.0    -      -     - -        SLl+ 23:02   0:00 -
root       1849  0.0  0.7 562996 23472 ?        -    23:02   0:00 /usr/lib/fwupd/fwupd LANG=en_US.UTF-8 PATH=/usr/local/sbin:/usr/local/bin:/usr/sbin:/usr/bin:/sbin:/bin INVOCATION_ID=84055df5bd6d452b8a9610c5053db1d8 JOURNAL_STREAM=9:50097
root          -  0.0    -      -     - -        Ssl  23:02   0:00 -
root          -  0.0    -      -     - -        Ssl  23:02   0:00 -
root          -  0.0    -      -     - -        Ssl  23:02   0:00 -
root          -  0.0    -      -     - -        Ssl  23:02   0:00 -
root          -  0.0    -      -     - -        Ssl  23:02   0:00 -
jiao       1908  0.6  1.3 808968 42256 ?        -    23:02   0:16 /usr/lib/gnome-terminal/gnome-terminal-server CLUTTER_IM_MODULE=xim DBUS_SESSION_BUS_ADDRESS=unix:path=/run/user/1000/bus DESKTOP_SESSION=ubuntu DISPLAY=:0 GDMSESSION=ubuntu GNOME_DESKTOP_SESSION_ID=this-is-deprecated GNOME_SHELL_SESSION_MODE=ubuntu GPG_AGENT_INFO=/run/user/1000/gnupg/S.gpg-agent:0:1 GTK_IM_MODULE=ibus GTK_MODULES=gail:atk-bridge HOME=/home/jiao IM_CONFIG_PHASE=2 LANG=en_US.UTF-8 LOGNAME=jiao PATH=/usr/local/sbin:/usr/local/bin:/usr/sbin:/usr/bin:/sbin:/bin:/usr/games:/usr/local/games:/snap/bin PWD=/home/jiao QT4_IM_MODULE=xim QT_ACCESSIBILITY=1 QT_IM_MODULE=xim SESSION_MANAGER=local/ubuntu:@/tmp/.ICE-unix/1383,unix/ubuntu:/tmp/.ICE-unix/1383 SHELL=/bin/bash SHLVL=0 SSH_AGENT_PID=1478 SSH_AUTH_SOCK=/run/user/1000/keyring/ssh TEXTDOMAIN=im-config TEXTDOMAINDIR=/usr/share/locale/ USER=jiao USERNAME=jiao WINDOWPATH=2 XAUTHORITY=/run/user/1000/gdm/Xauthority XDG_CONFIG_DIRS=/etc/xdg/xdg-ubuntu:/etc/xdg XDG_CURRENT_DESKTOP=ubuntu:GNOME XDG_DATA_DIRS=/usr/share/ubuntu:/usr/local/share:/usr/share:/var/lib/snapd/desktop XDG_MENU_PREFIX=gnome- XDG_RUNTIME_DIR=/run/user/1000 XDG_SEAT=seat0 XDG_SESSION_DESKTOP=ubuntu XDG_SESSION_ID=2 XDG_SESSION_TYPE=x11 XDG_VTNR=2 XMODIFIERS=@im=ibus _=/usr/bin/dbus-update-activation-environment MANAGERPID=1352 INVOCATION_ID=0eb3423fc76a49f19e972e0c315a8d48 JOURNAL_STREAM=9:52753
jiao          -  0.6    -      -     - -        Rsl  23:02   0:16 -
jiao          -  0.0    -      -     - -        Ssl  23:02   0:00 -
jiao          -  0.0    -      -     - -        Ssl  23:02   0:00 -
jiao          -  0.0    -      -     - -        Ssl  23:02   0:00 -
jiao       1934  0.0  0.1  29812  5076 pts/1    -    23:02   0:00 bash XDG_CONFIG_DIRS=/etc/xdg/xdg-ubuntu:/etc/xdg LANG=en_US.UTF-8 DISPLAY=:0 SHLVL=0 LOGNAME=jiao XDG_VTNR=2 PWD=/home/jiao XAUTHORITY=/run/user/1000/gdm/Xauthority GTK_IM_MODULE=ibus COLORTERM=truecolor XDG_SESSION_ID=2 GNOME_TERMINAL_SCREEN=/org/gnome/Terminal/screen/b7647b6e_6b96_4d87_83c2_a5dff5bf1d72 IM_CONFIG_PHASE=2 XDG_SESSION_DESKTOP=ubuntu GDMSESSION=ubuntu TEXTDOMAINDIR=/usr/share/locale/ USERNAME=jiao GNOME_DESKTOP_SESSION_ID=this-is-deprecated WINDOWPATH=2 TEXTDOMAIN=im-config DESKTOP_SESSION=ubuntu DBUS_SESSION_BUS_ADDRESS=unix:path=/run/user/1000/bus VTE_VERSION=5202 CLUTTER_IM_MODULE=xim GNOME_TERMINAL_SERVICE=:1.63 GJS_DEBUG_TOPICS=JS ERROR;JS LOG QT4_IM_MODULE=xim XDG_MENU_PREFIX=gnome- GNOME_SHELL_SESSION_MODE=ubuntu QT_IM_MODULE=xim SHELL=/bin/bash XDG_SESSION_TYPE=x11 XDG_DATA_DIRS=/usr/share/ubuntu:/usr/local/share:/usr/share:/var/lib/snapd/desktop GJS_DEBUG_OUTPUT=stderr TERM=xterm-256color SSH_AGENT_PID=1478 GTK_MODULES=gail:atk-bridge SSH_AUTH_SOCK=/run/user/1000/keyring/ssh PATH=/usr/local/sbin:/usr/local/bin:/usr/sbin:/usr/bin:/sbin:/bin:/usr/games:/usr/local/games:/snap/bin XDG_CURRENT_DESKTOP=ubuntu:GNOME HOME=/home/jiao XDG_SEAT=seat0 XMODIFIERS=@im=ibus XDG_RUNTIME_DIR=/run/user/1000 SESSION_MANAGER=local/ubuntu:@/tmp/.ICE-unix/1383,unix/ubuntu:/tmp/.ICE-unix/1383 GPG_AGENT_INFO=/run/user/1000/gnupg/S.gpg-agent:0:1 USER=jiao QT_ACCESSIBILITY=1
jiao          -  0.0    -      -     - -        Ss   23:02   0:00 -
root       1963  0.0  0.1  72244  3860 pts/1    -    23:02   0:00 su CLUTTER_IM_MODULE=xim LS_COLORS=rs=0:di=01;34:ln=01;36:mh=00:pi=40;33:so=01;35:do=01;35:bd=40;33;01:cd=40;33;01:or=40;31;01:mi=00:su=37;41:sg=30;43:ca=30;41:tw=30;42:ow=34;42:st=37;44:ex=01;32:*.tar=01;31:*.tgz=01;31:*.arc=01;31:*.arj=01;31:*.taz=01;31:*.lha=01;31:*.lz4=01;31:*.lzh=01;31:*.lzma=01;31:*.tlz=01;31:*.txz=01;31:*.tzo=01;31:*.t7z=01;31:*.zip=01;31:*.z=01;31:*.Z=01;31:*.dz=01;31:*.gz=01;31:*.lrz=01;31:*.lz=01;31:*.lzo=01;31:*.xz=01;31:*.zst=01;31:*.tzst=01;31:*.bz2=01;31:*.bz=01;31:*.tbz=01;31:*.tbz2=01;31:*.tz=01;31:*.deb=01;31:*.rpm=01;31:*.jar=01;31:*.war=01;31:*.ear=01;31:*.sar=01;31:*.rar=01;31:*.alz=01;31:*.ace=01;31:*.zoo=01;31:*.cpio=01;31:*.7z=01;31:*.rz=01;31:*.cab=01;31:*.wim=01;31:*.swm=01;31:*.dwm=01;31:*.esd=01;31:*.jpg=01;35:*.jpeg=01;35:*.mjpg=01;35:*.mjpeg=01;35:*.gif=01;35:*.bmp=01;35:*.pbm=01;35:*.pgm=01;35:*.ppm=01;35:*.tga=01;35:*.xbm=01;35:*.xpm=01;35:*.tif=01;35:*.tiff=01;35:*.png=01;35:*.svg=01;35:*.svgz=01;35:*.mng=01;35:*.pcx=01;35:*.mov=01;35:*.mpg=01;35:*.mpeg=01;35:*.m2v=01;35:*.mkv=01;35:*.webm=01;35:*.ogm=01;35:*.mp4=01;35:*.m4v=01;35:*.mp4v=01;35:*.vob=01;35:*.qt=01;35:*.nuv=01;35:*.wmv=01;35:*.asf=01;35:*.rm=01;35:*.rmvb=01;35:*.flc=01;35:*.avi=01;35:*.fli=01;35:*.flv=01;35:*.gl=01;35:*.dl=01;35:*.xcf=01;35:*.xwd=01;35:*.yuv=01;35:*.cgm=01;35:*.emf=01;35:*.ogv=01;35:*.ogx=01;35:*.aac=00;36:*.au=00;36:*.flac=00;36:*.m4a=00;36:*.mid=00;36:*.midi=00;36:*.mka=00;36:*.mp3=00;36:*.mpc=00;36:*.ogg=00;36:*.ra=00;36:*.wav=00;36:*.oga=00;36:*.opus=00;36:*.spx=00;36:*.xspf=00;36: LESSCLOSE=/usr/bin/lesspipe %s %s XDG_MENU_PREFIX=gnome- LANG=en_US.UTF-8 DISPLAY=:0 GNOME_SHELL_SESSION_MODE=ubuntu COLORTERM=truecolor USERNAME=jiao XDG_VTNR=2 SSH_AUTH_SOCK=/run/user/1000/keyring/ssh XDG_SESSION_ID=2 USER=jiao DESKTOP_SESSION=ubuntu QT4_IM_MODULE=xim TEXTDOMAINDIR=/usr/share/locale/ GNOME_TERMINAL_SCREEN=/org/gnome/Terminal/screen/b7647b6e_6b96_4d87_83c2_a5dff5bf1d72 PWD=/home/jiao HOME=/home/jiao TEXTDOMAIN=im-config SSH_AGENT_PID=1478 QT_ACCESSIBILITY=1 XDG_SESSION_TYPE=x11 XDG_DATA_DIRS=/usr/share/ubuntu:/usr/local/share:/usr/share:/var/lib/snapd/desktop XDG_SESSION_DESKTOP=ubuntu GJS_DEBUG_OUTPUT=stderr GTK_MODULES=gail:atk-bridge WINDOWPATH=2 TERM=xterm-256color SHELL=/bin/bash VTE_VERSION=5202 QT_IM_MODULE=xim XMODIFIERS=@im=ibus IM_CONFIG_PHASE=2 XDG_CURRENT_DESKTOP=ubuntu:GNOME GPG_AGENT_INFO=/run/user/1000/gnupg/S.gpg-agent:0:1 GNOME_TERMINAL_SERVICE=:1.63 XDG_SEAT=seat0 SHLVL=1 GDMSESSION=ubuntu GNOME_DESKTOP_SESSION_ID=this-is-deprecated LOGNAME=jiao DBUS_SESSION_BUS_ADDRESS=unix:path=/run/user/1000/bus XDG_RUNTIME_DIR=/run/user/1000 XAUTHORITY=/run/user/1000/gdm/Xauthority XDG_CONFIG_DIRS=/etc/xdg/xdg-ubuntu:/etc/xdg PATH=/usr/local/sbin:/usr/local/bin:/usr/sbin:/usr/bin:/sbin:/bin:/usr/games:/usr/local/games:/snap/bin GJS_DEBUG_TOPICS=JS ERROR;JS LOG SESSION_MANAGER=local/ubuntu:@/tmp/.ICE-unix/1383,unix/ubuntu:/tmp/.ICE-unix/1383 LESSOPEN=| /usr/bin/lesspipe %s GTK_IM_MODULE=ibus _=/bin/su
root          -  0.0    -      -     - -        S    23:02   0:00 -
root       1964  0.0  0.2  76764  7696 ?        -    23:02   0:00 /lib/systemd/systemd --user LANG=en_US.UTF-8 PATH=/usr/local/sbin:/usr/local/bin:/usr/sbin:/usr/bin:/sbin:/bin NOTIFY_SOCKET=/run/systemd/notify HOME=/root LOGNAME=root USER=root SHELL=/bin/sh INVOCATION_ID=dcf0acd8338f468d8add0f7232558a89 JOURNAL_STREAM=9:53712 XDG_RUNTIME_DIR=/run/user/0
root          -  0.0    -      -     - -        Ss   23:02   0:00 -
root       1965  0.0  0.0 193640  2572 ?        -    23:02   0:00 (sd-pam) find_preseed=/preseed.cfg HOME=/ init=/sbin/init NETWORK_SKIP_ENSLAVED= recovery= locale=en_US TERM=linux drop_caps= BOOT_IMAGE=/boot/vmlinuz-5.0.0-25-generic PATH=/sbin:/usr/sbin:/bin:/usr/bin PWD=/ rootmnt=/root priority=critical
root          -  0.0    -      -     - -        S    23:02   0:00 -
root       1976  0.0  0.1  28704  3968 pts/1    -    23:02   0:00 bash CLUTTER_IM_MODULE=xim LS_COLORS=rs=0:di=01;34:ln=01;36:mh=00:pi=40;33:so=01;35:do=01;35:bd=40;33;01:cd=40;33;01:or=40;31;01:mi=00:su=37;41:sg=30;43:ca=30;41:tw=30;42:ow=34;42:st=37;44:ex=01;32:*.tar=01;31:*.tgz=01;31:*.arc=01;31:*.arj=01;31:*.taz=01;31:*.lha=01;31:*.lz4=01;31:*.lzh=01;31:*.lzma=01;31:*.tlz=01;31:*.txz=01;31:*.tzo=01;31:*.t7z=01;31:*.zip=01;31:*.z=01;31:*.Z=01;31:*.dz=01;31:*.gz=01;31:*.lrz=01;31:*.lz=01;31:*.lzo=01;31:*.xz=01;31:*.zst=01;31:*.tzst=01;31:*.bz2=01;31:*.bz=01;31:*.tbz=01;31:*.tbz2=01;31:*.tz=01;31:*.deb=01;31:*.rpm=01;31:*.jar=01;31:*.war=01;31:*.ear=01;31:*.sar=01;31:*.rar=01;31:*.alz=01;31:*.ace=01;31:*.zoo=01;31:*.cpio=01;31:*.7z=01;31:*.rz=01;31:*.cab=01;31:*.wim=01;31:*.swm=01;31:*.dwm=01;31:*.esd=01;31:*.jpg=01;35:*.jpeg=01;35:*.mjpg=01;35:*.mjpeg=01;35:*.gif=01;35:*.bmp=01;35:*.pbm=01;35:*.pgm=01;35:*.ppm=01;35:*.tga=01;35:*.xbm=01;35:*.xpm=01;35:*.tif=01;35:*.tiff=01;35:*.png=01;35:*.svg=01;35:*.svgz=01;35:*.mng=01;35:*.pcx=01;35:*.mov=01;35:*.mpg=01;35:*.mpeg=01;35:*.m2v=01;35:*.mkv=01;35:*.webm=01;35:*.ogm=01;35:*.mp4=01;35:*.m4v=01;35:*.mp4v=01;35:*.vob=01;35:*.qt=01;35:*.nuv=01;35:*.wmv=01;35:*.asf=01;35:*.rm=01;35:*.rmvb=01;35:*.flc=01;35:*.avi=01;35:*.fli=01;35:*.flv=01;35:*.gl=01;35:*.dl=01;35:*.xcf=01;35:*.xwd=01;35:*.yuv=01;35:*.cgm=01;35:*.emf=01;35:*.ogv=01;35:*.ogx=01;35:*.aac=00;36:*.au=00;36:*.flac=00;36:*.m4a=00;36:*.mid=00;36:*.midi=00;36:*.mka=00;36:*.mp3=00;36:*.mpc=00;36:*.ogg=00;36:*.ra=00;36:*.wav=00;36:*.oga=00;36:*.opus=00;36:*.spx=00;36:*.xspf=00;36: LESSCLOSE=/usr/bin/lesspipe %s %s XDG_MENU_PREFIX=gnome- LANG=en_US.UTF-8 DISPLAY=:0 GNOME_SHELL_SESSION_MODE=ubuntu COLORTERM=truecolor USERNAME=jiao XDG_VTNR=2 SSH_AUTH_SOCK=/run/user/1000/keyring/ssh XDG_SESSION_ID=3 USER=root DESKTOP_SESSION=ubuntu QT4_IM_MODULE=xim TEXTDOMAINDIR=/usr/share/locale/ GNOME_TERMINAL_SCREEN=/org/gnome/Terminal/screen/b7647b6e_6b96_4d87_83c2_a5dff5bf1d72 PWD=/home/jiao HOME=/root TEXTDOMAIN=im-config SSH_AGENT_PID=1478 QT_ACCESSIBILITY=1 XDG_SESSION_TYPE=x11 XDG_DATA_DIRS=/usr/share/ubuntu:/usr/local/share:/usr/share:/var/lib/snapd/desktop XDG_SESSION_DESKTOP=ubuntu GJS_DEBUG_OUTPUT=stderr GTK_MODULES=gail:atk-bridge WINDOWPATH=2 TERM=xterm-256color SHELL=/bin/bash VTE_VERSION=5202 QT_IM_MODULE=xim XMODIFIERS=@im=ibus IM_CONFIG_PHASE=2 XDG_CURRENT_DESKTOP=ubuntu:GNOME GPG_AGENT_INFO=/run/user/1000/gnupg/S.gpg-agent:0:1 GNOME_TERMINAL_SERVICE=:1.63 XDG_SEAT=seat0 SHLVL=1 GDMSESSION=ubuntu GNOME_DESKTOP_SESSION_ID=this-is-deprecated LOGNAME=root DBUS_SESSION_BUS_ADDRESS=unix:path=/run/user/1000/bus XDG_RUNTIME_DIR=/run/user/0 XAUTHORITY=/run/user/1000/gdm/Xauthority XDG_CONFIG_DIRS=/etc/xdg/xdg-ubuntu:/etc/xdg PATH=/usr/local/sbin:/usr/local/bin:/usr/sbin:/usr/bin:/sbin:/bin:/usr/games:/usr/local/games GJS_DEBUG_TOPICS=JS ERROR;JS LOG SESSION_MANAGER=local/ubuntu:@/tmp/.ICE-unix/1383,unix/ubuntu:/tmp/.ICE-unix/1383 LESSOPEN=| /usr/bin/lesspipe %s GTK_IM_MODULE=ibus _=/bin/su MAIL=/var/mail/root
root          -  0.0    -      -     - -        S    23:02   0:00 -
jiao       1991  0.0  1.0 863388 32424 tty2     -    23:03   0:00 /usr/lib/deja-dup/deja-dup-monitor USER=jiao TEXTDOMAIN=im-config XDG_SEAT=seat0 XDG_SESSION_TYPE=x11 SSH_AGENT_PID=1478 SHLVL=0 QT4_IM_MODULE=xim HOME=/home/jiao DESKTOP_SESSION=ubuntu GTK_MODULES=gail:atk-bridge GNOME_SHELL_SESSION_MODE=ubuntu DBUS_SESSION_BUS_ADDRESS=unix:path=/run/user/1000/bus IM_CONFIG_PHASE=2 LOGNAME=jiao GTK_IM_MODULE=ibus USERNAME=jiao XDG_SESSION_ID=2 WINDOWPATH=2 PATH=/usr/local/sbin:/usr/local/bin:/usr/sbin:/usr/bin:/sbin:/bin:/usr/games:/usr/local/games:/snap/bin XDG_RUNTIME_DIR=/run/user/1000 DISPLAY=:0 LANG=en_US.UTF-8 XDG_CURRENT_DESKTOP=ubuntu:GNOME XDG_SESSION_DESKTOP=ubuntu XMODIFIERS=@im=ibus XAUTHORITY=/run/user/1000/gdm/Xauthority SSH_AUTH_SOCK=/run/user/1000/keyring/ssh SHELL=/bin/bash QT_ACCESSIBILITY=1 GDMSESSION=ubuntu TEXTDOMAINDIR=/usr/share/locale/ GPG_AGENT_INFO=/run/user/1000/gnupg/S.gpg-agent:0:1 XDG_VTNR=2 QT_IM_MODULE=xim PWD=/home/jiao CLUTTER_IM_MODULE=xim XDG_DATA_DIRS=/usr/share/ubuntu:/usr/local/share:/usr/share:/var/lib/snapd/desktop XDG_CONFIG_DIRS=/etc/xdg/xdg-ubuntu:/etc/xdg GNOME_DESKTOP_SESSION_ID=this-is-deprecated XDG_MENU_PREFIX=gnome- SESSION_MANAGER=local/ubuntu:@/tmp/.ICE-unix/1383,unix/ubuntu:/tmp/.ICE-unix/1383 DESKTOP_AUTOSTART_ID=10f41d9ab5be5beec6158806661913557800000013830049 GIO_LAUNCHED_DESKTOP_FILE=/etc/xdg/autostart/org.gnome.DejaDup.Monitor.desktop GIO_LAUNCHED_DESKTOP_FILE_PID=1991
jiao          -  0.0    -      -     - -        Sl+  23:03   0:00 -
jiao          -  0.0    -      -     - -        Sl+  23:03   0:00 -
jiao          -  0.0    -      -     - -        Sl+  23:03   0:00 -
jiao          -  0.0    -      -     - -        Sl+  23:03   0:00 -
root       2278  0.0  0.2  25988  6292 ?        -    23:10   0:00 /sbin/dhclient -d -q -sf /usr/lib/NetworkManager/nm-dhcp-helper -pf /run/dhclient-ens33.pid -lf /var/lib/NetworkManager/dhclient-e8fad786-1243-3a6c-9044-2ea3eb366fa7-ens33.lease -cf /var/lib/NetworkManager/dhclient-ens33.conf ens33 LANG=en_US.UTF-8 PATH=/usr/local/sbin:/usr/local/bin:/usr/sbin:/usr/bin:/sbin:/bin INVOCATION_ID=03cae20b8a7746749b5f4a1ac4e502af JOURNAL_STREAM=9:36668 GIO_USE_VFS=local
root          -  0.0    -      -     - -        S    23:10   0:00 -
root       2288  0.0  0.0      0     0 ?        -    23:10   0:00 [kworker/u256:0-]
root          -  0.0    -      -     - -        I    23:10   0:00 -
root       2881  0.0  0.1  46900  3624 pts/1    -    23:45   0:00 ps auxwwem CLUTTER_IM_MODULE=xim LS_COLORS=rs=0:di=01;34:ln=01;36:mh=00:pi=40;33:so=01;35:do=01;35:bd=40;33;01:cd=40;33;01:or=40;31;01:mi=00:su=37;41:sg=30;43:ca=30;41:tw=30;42:ow=34;42:st=37;44:ex=01;32:*.tar=01;31:*.tgz=01;31:*.arc=01;31:*.arj=01;31:*.taz=01;31:*.lha=01;31:*.lz4=01;31:*.lzh=01;31:*.lzma=01;31:*.tlz=01;31:*.txz=01;31:*.tzo=01;31:*.t7z=01;31:*.zip=01;31:*.z=01;31:*.Z=01;31:*.dz=01;31:*.gz=01;31:*.lrz=01;31:*.lz=01;31:*.lzo=01;31:*.xz=01;31:*.zst=01;31:*.tzst=01;31:*.bz2=01;31:*.bz=01;31:*.tbz=01;31:*.tbz2=01;31:*.tz=01;31:*.deb=01;31:*.rpm=01;31:*.jar=01;31:*.war=01;31:*.ear=01;31:*.sar=01;31:*.rar=01;31:*.alz=01;31:*.ace=01;31:*.zoo=01;31:*.cpio=01;31:*.7z=01;31:*.rz=01;31:*.cab=01;31:*.wim=01;31:*.swm=01;31:*.dwm=01;31:*.esd=01;31:*.jpg=01;35:*.jpeg=01;35:*.mjpg=01;35:*.mjpeg=01;35:*.gif=01;35:*.bmp=01;35:*.pbm=01;35:*.pgm=01;35:*.ppm=01;35:*.tga=01;35:*.xbm=01;35:*.xpm=01;35:*.tif=01;35:*.tiff=01;35:*.png=01;35:*.svg=01;35:*.svgz=01;35:*.mng=01;35:*.pcx=01;35:*.mov=01;35:*.mpg=01;35:*.mpeg=01;35:*.m2v=01;35:*.mkv=01;35:*.webm=01;35:*.ogm=01;35:*.mp4=01;35:*.m4v=01;35:*.mp4v=01;35:*.vob=01;35:*.qt=01;35:*.nuv=01;35:*.wmv=01;35:*.asf=01;35:*.rm=01;35:*.rmvb=01;35:*.flc=01;35:*.avi=01;35:*.fli=01;35:*.flv=01;35:*.gl=01;35:*.dl=01;35:*.xcf=01;35:*.xwd=01;35:*.yuv=01;35:*.cgm=01;35:*.emf=01;35:*.ogv=01;35:*.ogx=01;35:*.aac=00;36:*.au=00;36:*.flac=00;36:*.m4a=00;36:*.mid=00;36:*.midi=00;36:*.mka=00;36:*.mp3=00;36:*.mpc=00;36:*.ogg=00;36:*.ra=00;36:*.wav=00;36:*.oga=00;36:*.opus=00;36:*.spx=00;36:*.xspf=00;36: LESSCLOSE=/usr/bin/lesspipe %s %s XDG_MENU_PREFIX=gnome- LANG=en_US.UTF-8 DISPLAY=:0 GNOME_SHELL_SESSION_MODE=ubuntu COLORTERM=truecolor USERNAME=jiao XDG_VTNR=2 SSH_AUTH_SOCK=/run/user/1000/keyring/ssh XDG_SESSION_ID=3 USER=root DESKTOP_SESSION=ubuntu QT4_IM_MODULE=xim TEXTDOMAINDIR=/usr/share/locale/ GNOME_TERMINAL_SCREEN=/org/gnome/Terminal/screen/b7647b6e_6b96_4d87_83c2_a5dff5bf1d72 PWD=/home/jiao HOME=/root TEXTDOMAIN=im-config SSH_AGENT_PID=1478 QT_ACCESSIBILITY=1 XDG_SESSION_TYPE=x11 XDG_DATA_DIRS=/usr/share/ubuntu:/usr/local/share:/usr/share:/var/lib/snapd/desktop XDG_SESSION_DESKTOP=ubuntu GJS_DEBUG_OUTPUT=stderr GTK_MODULES=gail:atk-bridge MAIL=/var/mail/root WINDOWPATH=2 VTE_VERSION=5202 SHELL=/bin/bash TERM=xterm-256color QT_IM_MODULE=xim XMODIFIERS=@im=ibus IM_CONFIG_PHASE=2 XDG_CURRENT_DESKTOP=ubuntu:GNOME GPG_AGENT_INFO=/run/user/1000/gnupg/S.gpg-agent:0:1 GNOME_TERMINAL_SERVICE=:1.63 SHLVL=2 XDG_SEAT=seat0 GDMSESSION=ubuntu GNOME_DESKTOP_SESSION_ID=this-is-deprecated LOGNAME=root DBUS_SESSION_BUS_ADDRESS=unix:path=/run/user/1000/bus XDG_RUNTIME_DIR=/run/user/0 XAUTHORITY=/run/user/1000/gdm/Xauthority XDG_CONFIG_DIRS=/etc/xdg/xdg-ubuntu:/etc/xdg PATH=/usr/local/sbin:/usr/local/bin:/usr/sbin:/usr/bin:/sbin:/bin:/usr/games:/usr/local/games GJS_DEBUG_TOPICS=JS ERROR;JS LOG SESSION_MANAGER=local/ubuntu:@/tmp/.ICE-unix/1383,unix/ubuntu:/tmp/.ICE-unix/1383 LESSOPEN=| /usr/bin/lesspipe %s GTK_IM_MODULE=ibus _=/bin/ps
root          -  0.0    -      -     - -        R+   23:45   0:00 -

root@ubuntu:/home/jiao# vi /root/.bash_history
